Archive member included because of file (symbol)

/home/wscullin/collfs/glibc-2.12.2-build/libc_pic.a(sysdep.os)
                              /home/wscullin/collfs/glibc-2.12.2-build/elf/dl-allobjs.os (__syscall_error)
/home/wscullin/collfs/glibc-2.12.2-build/libc_pic.a(check_fds.os)
                              /home/wscullin/collfs/glibc-2.12.2-build/elf/dl-allobjs.os (__libc_check_standard_fds)
/home/wscullin/collfs/glibc-2.12.2-build/libc_pic.a(errno.os)
                              /home/wscullin/collfs/glibc-2.12.2-build/libc_pic.a(sysdep.os) (__libc_errno)
/home/wscullin/collfs/glibc-2.12.2-build/libc_pic.a(setjmp.os)
                              (__sigsetjmp@@GLIBC_2.3.4)
/home/wscullin/collfs/glibc-2.12.2-build/libc_pic.a(sigjmp.os)
                              /home/wscullin/collfs/glibc-2.12.2-build/libc_pic.a(setjmp.os) (__vmx__sigjmp_save)
/home/wscullin/collfs/glibc-2.12.2-build/libc_pic.a(__longjmp.os)
                              /home/wscullin/collfs/glibc-2.12.2-build/elf/dl-allobjs.os (__longjmp)
/home/wscullin/collfs/glibc-2.12.2-build/libc_pic.a(novmx-sigjmp.os)
                              /home/wscullin/collfs/glibc-2.12.2-build/libc_pic.a(setjmp.os) (__novmx__sigjmp_save)
/home/wscullin/collfs/glibc-2.12.2-build/libc_pic.a(sigprocmask.os)
                              /home/wscullin/collfs/glibc-2.12.2-build/libc_pic.a(sigjmp.os) (__sigprocmask)
/home/wscullin/collfs/glibc-2.12.2-build/libc_pic.a(strchr.os)
                              /home/wscullin/collfs/glibc-2.12.2-build/elf/dl-allobjs.os (strchr)
/home/wscullin/collfs/glibc-2.12.2-build/libc_pic.a(strcmp.os)
                              /home/wscullin/collfs/glibc-2.12.2-build/elf/dl-allobjs.os (strcmp)
/home/wscullin/collfs/glibc-2.12.2-build/libc_pic.a(strcpy.os)
                              /home/wscullin/collfs/glibc-2.12.2-build/elf/dl-allobjs.os (strcpy)
/home/wscullin/collfs/glibc-2.12.2-build/libc_pic.a(strlen.os)
                              /home/wscullin/collfs/glibc-2.12.2-build/elf/dl-allobjs.os (strlen)
/home/wscullin/collfs/glibc-2.12.2-build/libc_pic.a(strnlen.os)
                              /home/wscullin/collfs/glibc-2.12.2-build/elf/dl-allobjs.os (strnlen)
/home/wscullin/collfs/glibc-2.12.2-build/libc_pic.a(strncmp.os)
                              /home/wscullin/collfs/glibc-2.12.2-build/elf/dl-allobjs.os (strncmp)
/home/wscullin/collfs/glibc-2.12.2-build/libc_pic.a(memchr.os)
                              /home/wscullin/collfs/glibc-2.12.2-build/elf/dl-allobjs.os (memchr)
/home/wscullin/collfs/glibc-2.12.2-build/libc_pic.a(memcmp.os)
                              /home/wscullin/collfs/glibc-2.12.2-build/elf/dl-allobjs.os (memcmp)
/home/wscullin/collfs/glibc-2.12.2-build/libc_pic.a(memmove.os)
                              /home/wscullin/collfs/glibc-2.12.2-build/elf/dl-allobjs.os (memmove)
/home/wscullin/collfs/glibc-2.12.2-build/libc_pic.a(memset.os)
                              /home/wscullin/collfs/glibc-2.12.2-build/elf/dl-allobjs.os (memset)
/home/wscullin/collfs/glibc-2.12.2-build/libc_pic.a(mempcpy.os)
                              /home/wscullin/collfs/glibc-2.12.2-build/elf/dl-allobjs.os (mempcpy)
/home/wscullin/collfs/glibc-2.12.2-build/libc_pic.a(stpcpy.os)
                              /home/wscullin/collfs/glibc-2.12.2-build/elf/dl-allobjs.os (stpcpy)
/home/wscullin/collfs/glibc-2.12.2-build/libc_pic.a(memcpy.os)
                              /home/wscullin/collfs/glibc-2.12.2-build/elf/dl-allobjs.os (memcpy)
/home/wscullin/collfs/glibc-2.12.2-build/libc_pic.a(wordcopy.os)
                              /home/wscullin/collfs/glibc-2.12.2-build/libc_pic.a(memmove.os) (_wordcopy_fwd_aligned)
/home/wscullin/collfs/glibc-2.12.2-build/libc_pic.a(rawmemchr.os)
                              /home/wscullin/collfs/glibc-2.12.2-build/elf/dl-allobjs.os (rawmemchr)
/home/wscullin/collfs/glibc-2.12.2-build/libc_pic.a(uname.os)
                              /home/wscullin/collfs/glibc-2.12.2-build/elf/dl-allobjs.os (__uname)
/home/wscullin/collfs/glibc-2.12.2-build/libc_pic.a(_exit.os)
                              /home/wscullin/collfs/glibc-2.12.2-build/elf/dl-allobjs.os (_exit)
/home/wscullin/collfs/glibc-2.12.2-build/libc_pic.a(getpid.os)
                              /home/wscullin/collfs/glibc-2.12.2-build/elf/dl-allobjs.os (__getpid)
/home/wscullin/collfs/glibc-2.12.2-build/libc_pic.a(environ.os)
                              /home/wscullin/collfs/glibc-2.12.2-build/elf/dl-allobjs.os (__environ)
/home/wscullin/collfs/glibc-2.12.2-build/libc_pic.a(xstat.os)
                              /home/wscullin/collfs/glibc-2.12.2-build/elf/dl-allobjs.os (__GI___xstat64)
/home/wscullin/collfs/glibc-2.12.2-build/libc_pic.a(fxstat.os)
                              /home/wscullin/collfs/glibc-2.12.2-build/elf/dl-allobjs.os (__GI___fxstat64)
/home/wscullin/collfs/glibc-2.12.2-build/libc_pic.a(open.os)
[...]
Memory Configuration

Name             Origin             Length             Attributes
*default*        0x0000000000000000 0xffffffffffffffff

Linker script and memory map

LOAD /bgsys/drivers/toolchain/V1R1M0-/gnu-linux/lib/gcc/powerpc64-bgq-linux/4.4.6/libgcc_eh.a
LOAD /bgsys/drivers/toolchain/V1R1M0-/gnu-linux/lib/gcc/powerpc64-bgq-linux/4.4.6/libgcc.a
START GROUP
LOAD /home/wscullin/collfs/glibc-2.12.2-build/elf/dl-allobjs.os
LOAD /home/wscullin/collfs/glibc-2.12.2-build/libc_pic.a
LOAD /bgsys/drivers/toolchain/V1R1M0-/gnu-linux/lib/gcc/powerpc64-bgq-linux/4.4.6/libgcc.a
END GROUP

.interp
 *(.interp)

.note.gnu.build-id
 *(.note.gnu.build-id)

.hash
 *(.hash)

.gnu.hash
 *(.gnu.hash)

.dynsym
 *(.dynsym)

.dynstr
 *(.dynstr)

.gnu.version
 *(.gnu.version)

.gnu.version_d
 *(.gnu.version_d)

.gnu.version_r
 *(.gnu.version_r)

.rela.opd
 *(.rela.opd)

.rela.init
 *(.rela.init)

.rela.text
 *(.rela.text)

.rela.fini
 *(.rela.fini)

.rela.rodata
 *(.rela.rodata)

.rela.data.rel.ro
 *(.rela.data.rel.ro)

.rela.data
 *(.rela.data)

.rela.tdata
 *(.rela.tdata)

.rela.tbss
 *(.rela.tbss)

.rela.ctors
 *(.rela.ctors)

.rela.dtors
 *(.rela.dtors)

.rela.got
 *(.rela.got)

.rela.toc
 *(.rela.toc)

.rela.branch_lt
 *(.rela.branch_lt)

.rela.sdata
 *(.rela.sdata)

.rela.sbss
 *(.rela.sbss)

.rela.sdata2
 *(.rela.sdata2)

.rela.sbss2
 *(.rela.sbss2)

.rela.bss
 *(.rela.bss)

.rela.iplt
 *(.rela.iplt)

.rela.plt
 *(.rela.plt)

.rela.tocbss
 *(.rela.tocbss)

.init
 *(.init)

.text           0x0000000000000000    0x1fb18
 *(.text .stub)
 .text          0x0000000000000000    0x19fb4 /home/wscullin/collfs/glibc-2.12.2-build/elf/dl-allobjs.os
                0x00000000000000a0                ._dl_main_dispatch
 *fill*         0x0000000000019fb4        0xc 60000000
 .text          0x0000000000019fc0       0x20 /home/wscullin/collfs/glibc-2.12.2-build/libc_pic.a(sysdep.os)
 .text          0x0000000000019fe0      0x144 /home/wscullin/collfs/glibc-2.12.2-build/libc_pic.a(check_fds.os)
 .text          0x000000000001a124        0x0 /home/wscullin/collfs/glibc-2.12.2-build/libc_pic.a(errno.os)
 .text          0x000000000001a124      0x3d4 /home/wscullin/collfs/glibc-2.12.2-build/libc_pic.a(setjmp.os)
 *fill*         0x000000000001a4f8        0x8 60000000
 .text          0x000000000001a500       0x88 /home/wscullin/collfs/glibc-2.12.2-build/libc_pic.a(sigjmp.os)
 .text          0x000000000001a588      0x2e0 /home/wscullin/collfs/glibc-2.12.2-build/libc_pic.a(__longjmp.os)
 *fill*         0x000000000001a868        0x8 60000000
 .text          0x000000000001a870       0x88 /home/wscullin/collfs/glibc-2.12.2-build/libc_pic.a(novmx-sigjmp.os)
 *fill*         0x000000000001a8f8        0x8 60000000
 .text          0x000000000001a900      0x158 /home/wscullin/collfs/glibc-2.12.2-build/libc_pic.a(sigprocmask.os)
 .text          0x000000000001aa58      0x108 /home/wscullin/collfs/glibc-2.12.2-build/libc_pic.a(strchr.os)
 .text          0x000000000001ab60      0x158 /home/wscullin/collfs/glibc-2.12.2-build/libc_pic.a(strcmp.os)
 *fill*         0x000000000001acb8        0x8 60000000
 .text          0x000000000001acc0      0x148 /home/wscullin/collfs/glibc-2.12.2-build/libc_pic.a(strcpy.os)
 .text          0x000000000001ae08       0xe8 /home/wscullin/collfs/glibc-2.12.2-build/libc_pic.a(strlen.os)
 .text          0x000000000001aef0      0x168 /home/wscullin/collfs/glibc-2.12.2-build/libc_pic.a(strnlen.os)
 *fill*         0x000000000001b058        0x8 60000000
 .text          0x000000000001b060      0x1b4 /home/wscullin/collfs/glibc-2.12.2-build/libc_pic.a(strncmp.os)
 *fill*         0x000000000001b214        0xc 60000000
 .text          0x000000000001b220      0x1a4 /home/wscullin/collfs/glibc-2.12.2-build/libc_pic.a(memchr.os)
 *fill*         0x000000000001b3c4        0xc 60000000
 .text          0x000000000001b3d0      0x380 /home/wscullin/collfs/glibc-2.12.2-build/libc_pic.a(memcmp.os)
 .text          0x000000000001b750      0x204 /home/wscullin/collfs/glibc-2.12.2-build/libc_pic.a(memmove.os)
 *fill*         0x000000000001b954        0xc 60000000
 .text          0x000000000001b960      0x294 /home/wscullin/collfs/glibc-2.12.2-build/libc_pic.a(memset.os)
 *fill*         0x000000000001bbf4        0xc 60000000
 .text          0x000000000001bc00      0x114 /home/wscullin/collfs/glibc-2.12.2-build/libc_pic.a(mempcpy.os)
 *fill*         0x000000000001bd14        0xc 60000000
 .text          0x000000000001bd20       0xf4 /home/wscullin/collfs/glibc-2.12.2-build/libc_pic.a(stpcpy.os)
 *fill*         0x000000000001be14        0xc 60000000
 .text          0x000000000001be20      0x3b4 /home/wscullin/collfs/glibc-2.12.2-build/libc_pic.a(memcpy.os)
 *fill*         0x000000000001c1d4        0xc 60000000
 .text          0x000000000001c1e0      0x604 /home/wscullin/collfs/glibc-2.12.2-build/libc_pic.a(wordcopy.os)
 *fill*         0x000000000001c7e4        0xc 60000000
 .text          0x000000000001c7f0      0x144 /home/wscullin/collfs/glibc-2.12.2-build/libc_pic.a(rawmemchr.os)
 .text          0x000000000001c934       0x2c /home/wscullin/collfs/glibc-2.12.2-build/libc_pic.a(uname.os)
 .text          0x000000000001c960       0x98 /home/wscullin/collfs/glibc-2.12.2-build/libc_pic.a(_exit.os)
 *fill*         0x000000000001c9f8        0x8 60000000
 .text          0x000000000001ca00       0x50 /home/wscullin/collfs/glibc-2.12.2-build/libc_pic.a(getpid.os)
 .text          0x000000000001ca50        0x0 /home/wscullin/collfs/glibc-2.12.2-build/libc_pic.a(environ.os)
 .text          0x000000000001ca50       0x74 /home/wscullin/collfs/glibc-2.12.2-build/libc_pic.a(xstat.os)
 *fill*         0x000000000001cac4        0xc 60000000
 .text          0x000000000001cad0       0x74 /home/wscullin/collfs/glibc-2.12.2-build/libc_pic.a(fxstat.os)
 .text          0x000000000001cb44       0xa4 /home/wscullin/collfs/glibc-2.12.2-build/libc_pic.a(open.os)
                0x000000000001cb50                __open_nocancel
 .text          0x000000000001cbe8       0x94 /home/wscullin/collfs/glibc-2.12.2-build/libc_pic.a(close.os)
                0x000000000001cbf4                __close_nocancel
 .text          0x000000000001cc7c       0xa4 /home/wscullin/collfs/glibc-2.12.2-build/libc_pic.a(read.os)
                0x000000000001cc88                __read_nocancel
 .text          0x000000000001cd20       0xa4 /home/wscullin/collfs/glibc-2.12.2-build/libc_pic.a(write.os)
                0x000000000001cd2c                __write_nocancel
 .text          0x000000000001cdc4       0x2c /home/wscullin/collfs/glibc-2.12.2-build/libc_pic.a(access.os)
 .text          0x000000000001cdf0      0x13c /home/wscullin/collfs/glibc-2.12.2-build/libc_pic.a(fcntl.os)
 *fill*         0x000000000001cf2c        0x4 60000000
 .text          0x000000000001cf30      0x1e4 /home/wscullin/collfs/glibc-2.12.2-build/libc_pic.a(getcwd.os)
 *fill*         0x000000000001d114        0xc 60000000
 .text          0x000000000001d120       0x54 /home/wscullin/collfs/glibc-2.12.2-build/libc_pic.a(getpagesize.os)
 .text          0x000000000001d174       0x28 /home/wscullin/collfs/glibc-2.12.2-build/libc_pic.a(mmap.os)
 .text          0x000000000001d19c       0x2c /home/wscullin/collfs/glibc-2.12.2-build/libc_pic.a(munmap.os)
 .text          0x000000000001d1c8       0x2c /home/wscullin/collfs/glibc-2.12.2-build/libc_pic.a(mprotect.os)
 .text          0x000000000001d1f4       0xa4 /home/wscullin/collfs/glibc-2.12.2-build/libc_pic.a(llseek.os)
                0x000000000001d200                __lseek_nocancel
 *fill*         0x000000000001d298        0x8 60000000
 .text          0x000000000001d2a0      0x584 /home/wscullin/collfs/glibc-2.12.2-build/libc_pic.a(profil.os)
 *fill*         0x000000000001d824        0xc 60000000
 .text          0x000000000001d830       0x80 /home/wscullin/collfs/glibc-2.12.2-build/libc_pic.a(prof-freq.os)
 .text          0x000000000001d8b0      0x17c /home/wscullin/collfs/glibc-2.12.2-build/libc_pic.a(libc-cancellation.os)
 *fill*         0x000000000001da2c        0x4 60000000
 .text          0x000000000001da30       0x18 /home/wscullin/collfs/glibc-2.12.2-build/libc_pic.a(errno-loc.os)
 *fill*         0x000000000001da48        0x8 60000000
 .text          0x000000000001da50      0x2c4 /home/wscullin/collfs/glibc-2.12.2-build/libc_pic.a(sigaction.os)
 *fill*         0x000000000001dd14        0xc 60000000
 .text          0x000000000001dd20      0x198 /home/wscullin/collfs/glibc-2.12.2-build/libc_pic.a(getenv.os)
 *fill*         0x000000000001deb8        0x8 60000000
 .text          0x000000000001dec0       0x7c /home/wscullin/collfs/glibc-2.12.2-build/libc_pic.a(strtol.os)
 *fill*         0x000000000001df3c        0x4 60000000
 .text          0x000000000001df40      0x608 /home/wscullin/collfs/glibc-2.12.2-build/libc_pic.a(strtol_l.os)
 *fill*         0x000000000001e548        0x8 60000000
 .text          0x000000000001e550      0x2d0 /home/wscullin/collfs/glibc-2.12.2-build/libc_pic.a(grouping.os)
 .text          0x000000000001e820       0x30 /home/wscullin/collfs/glibc-2.12.2-build/libc_pic.a(setitimer.os)
 .text          0x000000000001e850      0xd90 /home/wscullin/collfs/glibc-2.12.2-build/libc_pic.a(forward.os)
 .text          0x000000000001f5e0        0x0 /home/wscullin/collfs/glibc-2.12.2-build/libc_pic.a(global-locale.os)
 .text          0x000000000001f5e0      0x1d4 /home/wscullin/collfs/glibc-2.12.2-build/libc_pic.a(exit.os)
 *fill*         0x000000000001f7b4        0xc 60000000
 .text          0x000000000001f7c0      0x2a4 /home/wscullin/collfs/glibc-2.12.2-build/libc_pic.a(cxa_atexit.os)
 *fill*         0x000000000001fa64        0xc 60000000
 .text          0x000000000001fa70       0xa8 /home/wscullin/collfs/glibc-2.12.2-build/libc_pic.a(libc-lowlevellock.os)
 .text          0x000000000001fb18        0x0 /home/wscullin/collfs/glibc-2.12.2-build/libc_pic.a(C_name.os)
 *(.gnu.warning)

__libc_freeres_fn
                0x0000000000000000      0x1d0
 __libc_freeres_fn
                0x0000000000000000      0x1d0 /home/wscullin/collfs/glibc-2.12.2-build/elf/dl-allobjs.os

.text.compat    0x0000000000000000      0x310
 .text.compat   0x0000000000000000      0x310 /home/wscullin/collfs/glibc-2.12.2-build/libc_pic.a(forward.os)

.fini
 *(.fini)

.rodata         0x0000000000000000      0x913
 *(.rodata)
 .rodata        0x0000000000000000      0x7d8 /home/wscullin/collfs/glibc-2.12.2-build/elf/dl-allobjs.os
                0x00000000000007c8                _itoa_lower_digits_internal
 .rodata        0x00000000000007d8      0x13b /home/wscullin/collfs/glibc-2.12.2-build/libc_pic.a(strtol_l.os)
                0x00000000000007d8                __strtol_ul_max_tab
                0x00000000000008f0                __strtol_ul_rem_tab

.rodata.str1.8  0x0000000000000000     0x3a2f
 .rodata.str1.8
                0x0000000000000000     0x38c6 /home/wscullin/collfs/glibc-2.12.2-build/elf/dl-allobjs.os
 *fill*         0x00000000000038c6        0x2 00
 .rodata.str1.8
                0x00000000000038c8       0x1a /home/wscullin/collfs/glibc-2.12.2-build/libc_pic.a(check_fds.os)
 *fill*         0x00000000000038e2        0x6 00
 .rodata.str1.8
                0x00000000000038e8       0x69 /home/wscullin/collfs/glibc-2.12.2-build/libc_pic.a(getcwd.os)
 *fill*         0x0000000000003951        0x7 00
 .rodata.str1.8
                0x0000000000003958       0x66 /home/wscullin/collfs/glibc-2.12.2-build/libc_pic.a(getpagesize.os)
 *fill*         0x00000000000039be        0x2 00
 .rodata.str1.8
                0x00000000000039c0       0x17 /home/wscullin/collfs/glibc-2.12.2-build/libc_pic.a(prof-freq.os)
 *fill*         0x00000000000039d7        0x1 00
 .rodata.str1.8
                0x00000000000039d8       0x35 /home/wscullin/collfs/glibc-2.12.2-build/libc_pic.a(cxa_atexit.os)
 *fill*         0x0000000000003a0d        0x3 00
 .rodata.str1.8
                0x0000000000003a10       0x1f /home/wscullin/collfs/glibc-2.12.2-build/libc_pic.a(C_name.os)
                0x0000000000003a10                _nl_C_name
                0x0000000000003a18                _nl_POSIX_name
                0x0000000000003a20                _nl_C_codeset

.rodata.cst4    0x0000000000000000        0x4
 .rodata.cst4   0x0000000000000000        0x4 /home/wscullin/collfs/glibc-2.12.2-build/elf/dl-allobjs.os

.rodata1
 *(.rodata1)

.sdata2
 *(.sdata2)

.sbss2
 *(.sbss2)

.eh_frame_hdr
 *(.eh_frame_hdr)

.eh_frame       0x0000000000000000      0xb38
 *(.eh_frame)
 .eh_frame      0x0000000000000000      0x220 /home/wscullin/collfs/glibc-2.12.2-build/elf/dl-allobjs.os
 .eh_frame      0x0000000000000220       0xa0 /home/wscullin/collfs/glibc-2.12.2-build/libc_pic.a(setjmp.os)
 .eh_frame      0x00000000000002c0       0x40 /home/wscullin/collfs/glibc-2.12.2-build/libc_pic.a(__longjmp.os)
 .eh_frame      0x0000000000000300       0x28 /home/wscullin/collfs/glibc-2.12.2-build/libc_pic.a(strchr.os)
 .eh_frame      0x0000000000000328       0x28 /home/wscullin/collfs/glibc-2.12.2-build/libc_pic.a(strcmp.os)
 .eh_frame      0x0000000000000350       0x28 /home/wscullin/collfs/glibc-2.12.2-build/libc_pic.a(strcpy.os)
 .eh_frame      0x0000000000000378       0x28 /home/wscullin/collfs/glibc-2.12.2-build/libc_pic.a(strlen.os)
 .eh_frame      0x00000000000003a0       0x28 /home/wscullin/collfs/glibc-2.12.2-build/libc_pic.a(strncmp.os)
 .eh_frame      0x00000000000003c8       0x40 /home/wscullin/collfs/glibc-2.12.2-build/libc_pic.a(memset.os)
 .eh_frame      0x0000000000000408       0x28 /home/wscullin/collfs/glibc-2.12.2-build/libc_pic.a(stpcpy.os)
 .eh_frame      0x0000000000000430       0x28 /home/wscullin/collfs/glibc-2.12.2-build/libc_pic.a(memcpy.os)
 .eh_frame      0x0000000000000458       0x28 /home/wscullin/collfs/glibc-2.12.2-build/libc_pic.a(uname.os)
 .eh_frame      0x0000000000000480       0x38 /home/wscullin/collfs/glibc-2.12.2-build/libc_pic.a(open.os)
 .eh_frame      0x00000000000004b8       0x38 /home/wscullin/collfs/glibc-2.12.2-build/libc_pic.a(close.os)
 .eh_frame      0x00000000000004f0       0x38 /home/wscullin/collfs/glibc-2.12.2-build/libc_pic.a(read.os)
 .eh_frame      0x0000000000000528       0x38 /home/wscullin/collfs/glibc-2.12.2-build/libc_pic.a(write.os)
 .eh_frame      0x0000000000000560       0x28 /home/wscullin/collfs/glibc-2.12.2-build/libc_pic.a(access.os)
 .eh_frame      0x0000000000000588       0x50 /home/wscullin/collfs/glibc-2.12.2-build/libc_pic.a(fcntl.os)
 .eh_frame      0x00000000000005d8       0x28 /home/wscullin/collfs/glibc-2.12.2-build/libc_pic.a(mmap.os)
 .eh_frame      0x0000000000000600       0x28 /home/wscullin/collfs/glibc-2.12.2-build/libc_pic.a(munmap.os)
 .eh_frame      0x0000000000000628       0x28 /home/wscullin/collfs/glibc-2.12.2-build/libc_pic.a(mprotect.os)
 .eh_frame      0x0000000000000650       0x38 /home/wscullin/collfs/glibc-2.12.2-build/libc_pic.a(llseek.os)
 .eh_frame      0x0000000000000688       0x48 /home/wscullin/collfs/glibc-2.12.2-build/libc_pic.a(libc-cancellation.os)
 .eh_frame      0x00000000000006d0       0x28 /home/wscullin/collfs/glibc-2.12.2-build/libc_pic.a(setitimer.os)
 .eh_frame      0x00000000000006f8      0x440 /home/wscullin/collfs/glibc-2.12.2-build/libc_pic.a(forward.os)

.gcc_except_table
 *(.gcc_except_table .gcc_except_table.*)

.eh_frame
 *(.eh_frame)

.gcc_except_table
 *(.gcc_except_table .gcc_except_table.*)

.tdata          0x0000000000000000        0x8
 *(.tdata)
 .tdata         0x0000000000000000        0x8 /home/wscullin/collfs/glibc-2.12.2-build/libc_pic.a(global-locale.os)
                0x0000000000000000                __libc_tsd_LOCALE

.tbss           0x0000000000000000        0x4
 *(.tbss)
 .tbss          0x0000000000000000        0x4 /home/wscullin/collfs/glibc-2.12.2-build/libc_pic.a(errno.os)
                0x0000000000000000                errno
                0x0000000000000000                __libc_errno

.preinit_array
 *(.preinit_array)

.jcr
 *(.jcr)

.dynamic
 *(.dynamic)

.data           0x0000000000000000        0x0
 *(.data)
 .data          0x0000000000000000        0x0 /home/wscullin/collfs/glibc-2.12.2-build/elf/dl-allobjs.os
 .data          0x0000000000000000        0x0 /home/wscullin/collfs/glibc-2.12.2-build/libc_pic.a(sysdep.os)
 .data          0x0000000000000000        0x0 /home/wscullin/collfs/glibc-2.12.2-build/libc_pic.a(check_fds.os)
 .data          0x0000000000000000        0x0 /home/wscullin/collfs/glibc-2.12.2-build/libc_pic.a(errno.os)
 .data          0x0000000000000000        0x0 /home/wscullin/collfs/glibc-2.12.2-build/libc_pic.a(setjmp.os)
 .data          0x0000000000000000        0x0 /home/wscullin/collfs/glibc-2.12.2-build/libc_pic.a(sigjmp.os)
 .data          0x0000000000000000        0x0 /home/wscullin/collfs/glibc-2.12.2-build/libc_pic.a(__longjmp.os)
 .data          0x0000000000000000        0x0 /home/wscullin/collfs/glibc-2.12.2-build/libc_pic.a(novmx-sigjmp.os)
 .data          0x0000000000000000        0x0 /home/wscullin/collfs/glibc-2.12.2-build/libc_pic.a(sigprocmask.os)
 .data          0x0000000000000000        0x0 /home/wscullin/collfs/glibc-2.12.2-build/libc_pic.a(strchr.os)
 .data          0x0000000000000000        0x0 /home/wscullin/collfs/glibc-2.12.2-build/libc_pic.a(strcmp.os)
 .data          0x0000000000000000        0x0 /home/wscullin/collfs/glibc-2.12.2-build/libc_pic.a(strcpy.os)
 .data          0x0000000000000000        0x0 /home/wscullin/collfs/glibc-2.12.2-build/libc_pic.a(strlen.os)
 .data          0x0000000000000000        0x0 /home/wscullin/collfs/glibc-2.12.2-build/libc_pic.a(strnlen.os)
 .data          0x0000000000000000        0x0 /home/wscullin/collfs/glibc-2.12.2-build/libc_pic.a(strncmp.os)
 .data          0x0000000000000000        0x0 /home/wscullin/collfs/glibc-2.12.2-build/libc_pic.a(memchr.os)
 .data          0x0000000000000000        0x0 /home/wscullin/collfs/glibc-2.12.2-build/libc_pic.a(memcmp.os)
 .data          0x0000000000000000        0x0 /home/wscullin/collfs/glibc-2.12.2-build/libc_pic.a(memmove.os)
 .data          0x0000000000000000        0x0 /home/wscullin/collfs/glibc-2.12.2-build/libc_pic.a(memset.os)
 .data          0x0000000000000000        0x0 /home/wscullin/collfs/glibc-2.12.2-build/libc_pic.a(mempcpy.os)
 .data          0x0000000000000000        0x0 /home/wscullin/collfs/glibc-2.12.2-build/libc_pic.a(stpcpy.os)
 .data          0x0000000000000000        0x0 /home/wscullin/collfs/glibc-2.12.2-build/libc_pic.a(memcpy.os)
 .data          0x0000000000000000        0x0 /home/wscullin/collfs/glibc-2.12.2-build/libc_pic.a(wordcopy.os)
 .data          0x0000000000000000        0x0 /home/wscullin/collfs/glibc-2.12.2-build/libc_pic.a(rawmemchr.os)
 .data          0x0000000000000000        0x0 /home/wscullin/collfs/glibc-2.12.2-build/libc_pic.a(uname.os)
 .data          0x0000000000000000        0x0 /home/wscullin/collfs/glibc-2.12.2-build/libc_pic.a(_exit.os)
 .data          0x0000000000000000        0x0 /home/wscullin/collfs/glibc-2.12.2-build/libc_pic.a(getpid.os)
 .data          0x0000000000000000        0x0 /home/wscullin/collfs/glibc-2.12.2-build/libc_pic.a(environ.os)
 .data          0x0000000000000000        0x0 /home/wscullin/collfs/glibc-2.12.2-build/libc_pic.a(xstat.os)
 .data          0x0000000000000000        0x0 /home/wscullin/collfs/glibc-2.12.2-build/libc_pic.a(fxstat.os)
 .data          0x0000000000000000        0x0 /home/wscullin/collfs/glibc-2.12.2-build/libc_pic.a(open.os)
 .data          0x0000000000000000        0x0 /home/wscullin/collfs/glibc-2.12.2-build/libc_pic.a(close.os)
 .data          0x0000000000000000        0x0 /home/wscullin/collfs/glibc-2.12.2-build/libc_pic.a(read.os)
 .data          0x0000000000000000        0x0 /home/wscullin/collfs/glibc-2.12.2-build/libc_pic.a(write.os)
 .data          0x0000000000000000        0x0 /home/wscullin/collfs/glibc-2.12.2-build/libc_pic.a(access.os)
 .data          0x0000000000000000        0x0 /home/wscullin/collfs/glibc-2.12.2-build/libc_pic.a(fcntl.os)
 .data          0x0000000000000000        0x0 /home/wscullin/collfs/glibc-2.12.2-build/libc_pic.a(getcwd.os)
 .data          0x0000000000000000        0x0 /home/wscullin/collfs/glibc-2.12.2-build/libc_pic.a(getpagesize.os)
 .data          0x0000000000000000        0x0 /home/wscullin/collfs/glibc-2.12.2-build/libc_pic.a(mmap.os)
 .data          0x0000000000000000        0x0 /home/wscullin/collfs/glibc-2.12.2-build/libc_pic.a(munmap.os)
 .data          0x0000000000000000        0x0 /home/wscullin/collfs/glibc-2.12.2-build/libc_pic.a(mprotect.os)
 .data          0x0000000000000000        0x0 /home/wscullin/collfs/glibc-2.12.2-build/libc_pic.a(llseek.os)
 .data          0x0000000000000000        0x0 /home/wscullin/collfs/glibc-2.12.2-build/libc_pic.a(profil.os)
 .data          0x0000000000000000        0x0 /home/wscullin/collfs/glibc-2.12.2-build/libc_pic.a(prof-freq.os)
 .data          0x0000000000000000        0x0 /home/wscullin/collfs/glibc-2.12.2-build/libc_pic.a(libc-cancellation.os)
 .data          0x0000000000000000        0x0 /home/wscullin/collfs/glibc-2.12.2-build/libc_pic.a(errno-loc.os)
 .data          0x0000000000000000        0x0 /home/wscullin/collfs/glibc-2.12.2-build/libc_pic.a(sigaction.os)
 .data          0x0000000000000000        0x0 /home/wscullin/collfs/glibc-2.12.2-build/libc_pic.a(getenv.os)
 .data          0x0000000000000000        0x0 /home/wscullin/collfs/glibc-2.12.2-build/libc_pic.a(strtol.os)
 .data          0x0000000000000000        0x0 /home/wscullin/collfs/glibc-2.12.2-build/libc_pic.a(strtol_l.os)
 .data          0x0000000000000000        0x0 /home/wscullin/collfs/glibc-2.12.2-build/libc_pic.a(grouping.os)
 .data          0x0000000000000000        0x0 /home/wscullin/collfs/glibc-2.12.2-build/libc_pic.a(setitimer.os)
 .data          0x0000000000000000        0x0 /home/wscullin/collfs/glibc-2.12.2-build/libc_pic.a(forward.os)
 .data          0x0000000000000000        0x0 /home/wscullin/collfs/glibc-2.12.2-build/libc_pic.a(global-locale.os)
 .data          0x0000000000000000        0x0 /home/wscullin/collfs/glibc-2.12.2-build/libc_pic.a(exit.os)
 .data          0x0000000000000000        0x0 /home/wscullin/collfs/glibc-2.12.2-build/libc_pic.a(cxa_atexit.os)
 .data          0x0000000000000000        0x0 /home/wscullin/collfs/glibc-2.12.2-build/libc_pic.a(libc-lowlevellock.os)
 .data          0x0000000000000000        0x0 /home/wscullin/collfs/glibc-2.12.2-build/libc_pic.a(C_name.os)

.data.rel.ro    0x0000000000000000      0x39c
 .data.rel.ro   0x0000000000000000      0x39c /home/wscullin/collfs/glibc-2.12.2-build/elf/dl-allobjs.os
                0x0000000000000000                _dl_argc
                0x0000000000000018                __pointer_chk_guard_local
                0x0000000000000038                _dl_skip_args
                0x00000000000000c0                _dl_argv_internal
                0x00000000000000c0                _dl_argv
                0x00000000000000c8                _rtld_global_ro
                0x00000000000000c8                _rtld_local_ro
                0x0000000000000368                __stack_prot
                0x0000000000000388                __libc_stack_end
                0x0000000000000388                __GI___libc_stack_end
                0x0000000000000390                _dl_random
                0x0000000000000398                __libc_enable_secure_internal
                0x0000000000000398                __libc_enable_secure

__libc_subfreeres
                0x0000000000000000        0x8
 __libc_subfreeres
                0x0000000000000000        0x8 /home/wscullin/collfs/glibc-2.12.2-build/elf/dl-allobjs.os

.data.rel       0x0000000000000000       0xe8
 .data.rel      0x0000000000000000       0xe8 /home/wscullin/collfs/glibc-2.12.2-build/libc_pic.a(global-locale.os)
                0x0000000000000000                _nl_global_locale

.data.rel.local
                0x0000000000000000        0x8
 .data.rel.local
                0x0000000000000000        0x8 /home/wscullin/collfs/glibc-2.12.2-build/libc_pic.a(cxa_atexit.os)
                0x0000000000000000                __exit_funcs

.data1
 *(.data1)

.toc1
 *(.toc1)

.opd            0x0000000000000000     0x1818
 *(.opd)
 .opd           0x0000000000000000      0xd68 /home/wscullin/collfs/glibc-2.12.2-build/elf/dl-allobjs.os
                0x0000000000000000                _start
                0x0000000000000018                _dl_start_user
                0x0000000000000030                _dl_initial_error_catch_tsd
                0x0000000000000240                _dl_dst_count
                0x0000000000000318                _dl_dst_substitute
                0x0000000000000378                _dl_map_object
                0x0000000000000390                _dl_init_paths
                0x00000000000003c0                _dl_rtld_di_serinfo
                0x00000000000003d8                _dl_cache_libcmp
                0x00000000000003f0                _dl_unload_cache
                0x0000000000000408                _dl_load_cache_lookup
                0x0000000000000438                _dl_setup_hash
                0x0000000000000480                _dl_lookup_symbol_x
                0x0000000000000498                _dl_add_to_namespace_list
                0x00000000000004b0                _dl_new_object
                0x00000000000004c8                _dl_reloc_bad_type
                0x00000000000004e0                _dl_protect_relro
                0x00000000000004f8                _dl_nothread_init_static_tls
                0x0000000000000510                _dl_try_allocate_static_tls
                0x0000000000000528                _dl_allocate_static_tls
                0x0000000000000540                _dl_relocate_object
                0x0000000000000570                _dl_map_object_deps
                0x00000000000005a0                _dl_call_pltexit
                0x00000000000005b8                _dl_profile_fixup
                0x00000000000005d0                _dl_fixup
                0x00000000000005e8                _dl_receive_error
                0x0000000000000600                _dl_catch_error
                0x0000000000000618                _dl_signal_error
                0x0000000000000630                _dl_signal_cerror
                0x0000000000000660                _dl_init_internal
                0x0000000000000660                _dl_init
                0x0000000000000678                _dl_sort_fini
                0x0000000000000690                _dl_fini
                0x00000000000006a8                _dl_debug_initialize
                0x00000000000006c0                _dl_debug_info_initialize
                0x00000000000006d8                _dl_debug_state
                0x00000000000006d8                __GI__dl_debug_state
                0x00000000000006f0                __GI__dl_debug_fast_state
                0x00000000000006f0                _dl_debug_fast_state
                0x0000000000000708                _dl_debug_event_status
                0x0000000000000720                _dl_debug_disable_events
                0x0000000000000738                _dl_debug_enable_events
                0x0000000000000750                _dl_higher_prime_number
                0x0000000000000768                _dl_name_match_p
                0x0000000000000798                _dl_dprintf
                0x00000000000007b0                _dl_debug_printf_c
                0x00000000000007c8                _dl_debug_printf
                0x00000000000007e0                _dl_sysdep_read_whole_file
                0x0000000000000810                _dl_check_map_versions
                0x0000000000000828                _dl_check_all_versions
                0x0000000000000840                _dl_mcount_internal
                0x0000000000000840                _dl_mcount
                0x0000000000000858                _dl_start_profile
                0x0000000000000870                _dl_resolve_conflicts
                0x0000000000000888                _dl_get_tls_static_info
                0x00000000000008a0                _dl_add_to_slotinfo
                0x00000000000008b8                _dl_tls_get_addr_soft
                0x00000000000008d0                _dl_next_tls_modid
                0x00000000000008e8                __GI__dl_allocate_tls_init
                0x00000000000008e8                _dl_allocate_tls_init
                0x0000000000000930                _dl_deallocate_tls
                0x0000000000000930                __GI__dl_deallocate_tls
                0x0000000000000948                _dl_update_slotinfo
                0x0000000000000960                __tls_get_addr
                0x0000000000000978                _dl_allocate_tls_storage
                0x0000000000000990                __GI__dl_allocate_tls
                0x0000000000000990                _dl_allocate_tls
                0x00000000000009a8                _dl_determine_tlsoffset
                0x00000000000009c0                __GI__dl_tls_setup
                0x00000000000009c0                _dl_tls_setup
                0x00000000000009d8                _dl_get_origin
                0x00000000000009f0                _dl_scope_free
                0x0000000000000a08                _dl_make_stack_executable
                0x0000000000000a08                __GI__dl_make_stack_executable
                0x0000000000000a20                _dl_check_caller
                0x0000000000000a38                _dl_addr_inside_object
                0x0000000000000a50                _dl_open
                0x0000000000000ae0                _dl_close_worker
                0x0000000000000af8                _dl_close
                0x0000000000000b10                _dl_runtime_resolve
                0x0000000000000b28                _dl_profile_resolve
                0x0000000000000b40                _dl_sysdep_start_cleanup
                0x0000000000000b58                _dl_discover_osversion
                0x0000000000000b70                _dl_important_hwcaps
                0x0000000000000b88                _dl_show_auxv
                0x0000000000000ba0                _dl_sysdep_start
                0x0000000000000bb8                unsetenv
                0x0000000000000bd0                _dl_next_ld_env_entry
                0x0000000000000c00                __GI___chk_fail
                0x0000000000000c00                __chk_fail
                0x0000000000000c18                __GI___assert_fail
                0x0000000000000c18                __assert_fail
                0x0000000000000c30                __strsep
                0x0000000000000c30                strsep
                0x0000000000000c30                __strsep_g
                0x0000000000000c48                _itoa
                0x0000000000000c60                __strtoul_internal
                0x0000000000000c78                __strerror_r
                0x0000000000000c90                __GI___assert_perror_fail
                0x0000000000000c90                __assert_perror_fail
                0x0000000000000ca8                free
                0x0000000000000cc0                __libc_memalign
                0x0000000000000cd8                malloc
                0x0000000000000cf0                realloc
                0x0000000000000d08                calloc
                0x0000000000000d20                __brk
                0x0000000000000d20                brk
                0x0000000000000d38                sbrk
                0x0000000000000d38                __sbrk
                0x0000000000000d50                _dl_reloc_overflow
 .opd           0x0000000000000d68       0x18 /home/wscullin/collfs/glibc-2.12.2-build/libc_pic.a(sysdep.os)
                0x0000000000000d68                __syscall_error
 .opd           0x0000000000000d80       0x30 /home/wscullin/collfs/glibc-2.12.2-build/libc_pic.a(check_fds.os)
                0x0000000000000d98                __libc_check_standard_fds
 .opd           0x0000000000000db0       0xa8 /home/wscullin/collfs/glibc-2.12.2-build/libc_pic.a(setjmp.os)
                0x0000000000000db0                setjmp@@GLIBC_2.3.4
                0x0000000000000db0                __vmx__setjmp
                0x0000000000000db0                __vmxsetjmp
                0x0000000000000dc8                __GI__setjmp
                0x0000000000000de0                __GI___vmx_setjmp
                0x0000000000000de0                _setjmp@@GLIBC_2.3.4
                0x0000000000000de0                __vmx_setjmp
                0x0000000000000df8                __sigsetjmp@@GLIBC_2.3.4
                0x0000000000000df8                __setjmp
                0x0000000000000df8                __vmx__sigsetjmp
                0x0000000000000e10                setjmp@GLIBC_2.3
                0x0000000000000e10                __novmx__setjmp
                0x0000000000000e10                __novmxsetjmp
                0x0000000000000e28                __GI___novmx_setjmp
                0x0000000000000e28                _setjmp@GLIBC_2.3
                0x0000000000000e28                __novmx_setjmp
                0x0000000000000e40                __novmx__sigsetjmp
                0x0000000000000e40                __sigsetjmp@GLIBC_2.3
 .opd           0x0000000000000e58       0x18 /home/wscullin/collfs/glibc-2.12.2-build/libc_pic.a(sigjmp.os)
                0x0000000000000e58                __sigjmp_save
                0x0000000000000e58                __vmx__sigjmp_save
 .opd           0x0000000000000e70       0x30 /home/wscullin/collfs/glibc-2.12.2-build/libc_pic.a(__longjmp.os)
                0x0000000000000e70                __longjmp
                0x0000000000000e70                __vmx__longjmp
                0x0000000000000e88                __novmx__longjmp
 .opd           0x0000000000000ea0       0x18 /home/wscullin/collfs/glibc-2.12.2-build/libc_pic.a(novmx-sigjmp.os)
                0x0000000000000ea0                __novmx__sigjmp_save
 .opd           0x0000000000000eb8       0x18 /home/wscullin/collfs/glibc-2.12.2-build/libc_pic.a(sigprocmask.os)
                0x0000000000000eb8                __sigprocmask
                0x0000000000000eb8                sigprocmask
 .opd           0x0000000000000ed0       0x18 /home/wscullin/collfs/glibc-2.12.2-build/libc_pic.a(strchr.os)
                0x0000000000000ed0                __GI_strchr
                0x0000000000000ed0                index
                0x0000000000000ed0                strchr
 .opd           0x0000000000000ee8       0x18 /home/wscullin/collfs/glibc-2.12.2-build/libc_pic.a(strcmp.os)
                0x0000000000000ee8                __GI_strcmp
                0x0000000000000ee8                strcmp
 .opd           0x0000000000000f00       0x18 /home/wscullin/collfs/glibc-2.12.2-build/libc_pic.a(strcpy.os)
                0x0000000000000f00                strcpy
                0x0000000000000f00                __GI_strcpy
 .opd           0x0000000000000f18       0x18 /home/wscullin/collfs/glibc-2.12.2-build/libc_pic.a(strlen.os)
                0x0000000000000f18                strlen
                0x0000000000000f18                __GI_strlen
 .opd           0x0000000000000f30       0x18 /home/wscullin/collfs/glibc-2.12.2-build/libc_pic.a(strnlen.os)
                0x0000000000000f30                __strnlen
                0x0000000000000f30                strnlen
                0x0000000000000f30                __GI_strnlen
 .opd           0x0000000000000f48       0x18 /home/wscullin/collfs/glibc-2.12.2-build/libc_pic.a(strncmp.os)
                0x0000000000000f48                __GI_strncmp
                0x0000000000000f48                strncmp
 .opd           0x0000000000000f60       0x18 /home/wscullin/collfs/glibc-2.12.2-build/libc_pic.a(memchr.os)
                0x0000000000000f60                __GI_memchr
                0x0000000000000f60                memchr
                0x0000000000000f60                __memchr
 .opd           0x0000000000000f78       0x18 /home/wscullin/collfs/glibc-2.12.2-build/libc_pic.a(memcmp.os)
                0x0000000000000f78                bcmp
                0x0000000000000f78                __GI_memcmp
                0x0000000000000f78                memcmp
 .opd           0x0000000000000f90       0x18 /home/wscullin/collfs/glibc-2.12.2-build/libc_pic.a(memmove.os)
                0x0000000000000f90                memmove
                0x0000000000000f90                __GI_memmove
 .opd           0x0000000000000fa8       0x30 /home/wscullin/collfs/glibc-2.12.2-build/libc_pic.a(memset.os)
                0x0000000000000fa8                __GI_memset
                0x0000000000000fa8                memset
                0x0000000000000fc0                __bzero
                0x0000000000000fc0                bzero
 .opd           0x0000000000000fd8       0x18 /home/wscullin/collfs/glibc-2.12.2-build/libc_pic.a(mempcpy.os)
                0x0000000000000fd8                mempcpy
                0x0000000000000fd8                __GI_mempcpy
                0x0000000000000fd8                __mempcpy
                0x0000000000000fd8                __GI___mempcpy
 .opd           0x0000000000000ff0       0x18 /home/wscullin/collfs/glibc-2.12.2-build/libc_pic.a(stpcpy.os)
                0x0000000000000ff0                stpcpy
                0x0000000000000ff0                __GI_stpcpy
                0x0000000000000ff0                __stpcpy
                0x0000000000000ff0                __GI___stpcpy
 .opd           0x0000000000001008       0x18 /home/wscullin/collfs/glibc-2.12.2-build/libc_pic.a(memcpy.os)
                0x0000000000001008                memcpy
                0x0000000000001008                __GI_memcpy
 .opd           0x0000000000001020       0x60 /home/wscullin/collfs/glibc-2.12.2-build/libc_pic.a(wordcopy.os)
                0x0000000000001020                _wordcopy_fwd_aligned
                0x0000000000001038                _wordcopy_fwd_dest_aligned
                0x0000000000001050                _wordcopy_bwd_aligned
                0x0000000000001068                _wordcopy_bwd_dest_aligned
 .opd           0x0000000000001080       0x18 /home/wscullin/collfs/glibc-2.12.2-build/libc_pic.a(rawmemchr.os)
                0x0000000000001080                __GI___rawmemchr
                0x0000000000001080                __rawmemchr
                0x0000000000001080                rawmemchr
 .opd           0x0000000000001098       0x18 /home/wscullin/collfs/glibc-2.12.2-build/libc_pic.a(uname.os)
                0x0000000000001098                uname
                0x0000000000001098                __GI_uname
                0x0000000000001098                __uname
                0x0000000000001098                __GI___uname
 .opd           0x00000000000010b0       0x18 /home/wscullin/collfs/glibc-2.12.2-build/libc_pic.a(_exit.os)
                0x00000000000010b0                _Exit
                0x00000000000010b0                __GI__exit
                0x00000000000010b0                _exit
 .opd           0x00000000000010c8       0x18 /home/wscullin/collfs/glibc-2.12.2-build/libc_pic.a(getpid.os)
                0x00000000000010c8                __getpid
                0x00000000000010c8                getpid
                0x00000000000010c8                __GI_getpid
                0x00000000000010c8                __GI___getpid
 .opd           0x00000000000010e0       0x18 /home/wscullin/collfs/glibc-2.12.2-build/libc_pic.a(xstat.os)
                0x00000000000010e0                _xstat
                0x00000000000010e0                __xstat64
                0x00000000000010e0                __GI___xstat64
                0x00000000000010e0                __GI___xstat
                0x00000000000010e0                __xstat
 .opd           0x00000000000010f8       0x18 /home/wscullin/collfs/glibc-2.12.2-build/libc_pic.a(fxstat.os)
                0x00000000000010f8                __GI___fxstat
                0x00000000000010f8                __GI___fxstat64
                0x00000000000010f8                __fxstat64
                0x00000000000010f8                _fxstat
                0x00000000000010f8                __fxstat
 .opd           0x0000000000001110       0x18 /home/wscullin/collfs/glibc-2.12.2-build/libc_pic.a(open.os)
                0x0000000000001110                __GI___open64
                0x0000000000001110                __open
                0x0000000000001110                __GI_open
                0x0000000000001110                __GI___open
                0x0000000000001110                __GI_open64
                0x0000000000001110                __libc_open
                0x0000000000001110                open64
                0x0000000000001110                __GI___libc_open
                0x0000000000001110                open
                0x0000000000001110                __open64
 .opd           0x0000000000001128       0x18 /home/wscullin/collfs/glibc-2.12.2-build/libc_pic.a(close.os)
                0x0000000000001128                __GI_close
                0x0000000000001128                __GI___libc_close
                0x0000000000001128                __libc_close
                0x0000000000001128                __close
                0x0000000000001128                __GI___close
                0x0000000000001128                close
 .opd           0x0000000000001140       0x18 /home/wscullin/collfs/glibc-2.12.2-build/libc_pic.a(read.os)
                0x0000000000001140                __read
                0x0000000000001140                __GI_read
                0x0000000000001140                __libc_read
                0x0000000000001140                __GI___read
                0x0000000000001140                read
                0x0000000000001140                __GI___libc_read
 .opd           0x0000000000001158       0x18 /home/wscullin/collfs/glibc-2.12.2-build/libc_pic.a(write.os)
                0x0000000000001158                __write
                0x0000000000001158                __GI_write
                0x0000000000001158                write
                0x0000000000001158                __GI___libc_write
                0x0000000000001158                __GI___write
                0x0000000000001158                __libc_write
 .opd           0x0000000000001170       0x18 /home/wscullin/collfs/glibc-2.12.2-build/libc_pic.a(access.os)
                0x0000000000001170                __GI_access
                0x0000000000001170                __GI___access
                0x0000000000001170                access
                0x0000000000001170                __access
 .opd           0x0000000000001188       0x30 /home/wscullin/collfs/glibc-2.12.2-build/libc_pic.a(fcntl.os)
                0x0000000000001188                __fcntl_nocancel
                0x00000000000011a0                __libc_fcntl
                0x00000000000011a0                __GI___libc_fcntl
                0x00000000000011a0                __GI___fcntl
                0x00000000000011a0                __fcntl
                0x00000000000011a0                fcntl
 .opd           0x00000000000011b8       0x18 /home/wscullin/collfs/glibc-2.12.2-build/libc_pic.a(getcwd.os)
                0x00000000000011b8                __getcwd
                0x00000000000011b8                getcwd
 .opd           0x00000000000011d0       0x18 /home/wscullin/collfs/glibc-2.12.2-build/libc_pic.a(getpagesize.os)
                0x00000000000011d0                getpagesize
                0x00000000000011d0                __GI___getpagesize
                0x00000000000011d0                __getpagesize
 .opd           0x00000000000011e8       0x18 /home/wscullin/collfs/glibc-2.12.2-build/libc_pic.a(mmap.os)
                0x00000000000011e8                __GI___mmap
                0x00000000000011e8                __GI_mmap64
                0x00000000000011e8                __mmap
                0x00000000000011e8                mmap
                0x00000000000011e8                __GI___mmap64
                0x00000000000011e8                __mmap64
                0x00000000000011e8                __GI_mmap
                0x00000000000011e8                mmap64
 .opd           0x0000000000001200       0x18 /home/wscullin/collfs/glibc-2.12.2-build/libc_pic.a(munmap.os)
                0x0000000000001200                munmap
                0x0000000000001200                __GI___munmap
                0x0000000000001200                __GI_munmap
                0x0000000000001200                __munmap
 .opd           0x0000000000001218       0x18 /home/wscullin/collfs/glibc-2.12.2-build/libc_pic.a(mprotect.os)
                0x0000000000001218                __mprotect
                0x0000000000001218                __GI___mprotect
                0x0000000000001218                __GI_mprotect
                0x0000000000001218                mprotect
 .opd           0x0000000000001230       0x18 /home/wscullin/collfs/glibc-2.12.2-build/libc_pic.a(llseek.os)
                0x0000000000001230                __GI___lseek
                0x0000000000001230                __GI_lseek64
                0x0000000000001230                __llseek
                0x0000000000001230                __GI_llseek
                0x0000000000001230                __lseek64
                0x0000000000001230                lseek
                0x0000000000001230                __libc_lseek64
                0x0000000000001230                __GI___libc_lseek64
                0x0000000000001230                __GI___libc_lseek
                0x0000000000001230                llseek
                0x0000000000001230                __lseek
                0x0000000000001230                __GI___lseek64
                0x0000000000001230                __libc_lseek
                0x0000000000001230                __GI___llseek
                0x0000000000001230                __GI_lseek
                0x0000000000001230                lseek64
 .opd           0x0000000000001248       0x78 /home/wscullin/collfs/glibc-2.12.2-build/libc_pic.a(profil.os)
                0x0000000000001278                __thdprofil
                0x0000000000001278                thdprofil
                0x0000000000001290                __bgprofil
                0x0000000000001290                bgprofil
                0x00000000000012a8                __profil
                0x00000000000012a8                profil
 .opd           0x00000000000012c0       0x18 /home/wscullin/collfs/glibc-2.12.2-build/libc_pic.a(prof-freq.os)
                0x00000000000012c0                __GI___profile_frequency
                0x00000000000012c0                __profile_frequency
 .opd           0x00000000000012d8       0x30 /home/wscullin/collfs/glibc-2.12.2-build/libc_pic.a(libc-cancellation.os)
                0x00000000000012d8                __libc_disable_asynccancel
                0x00000000000012f0                __libc_enable_asynccancel
 .opd           0x0000000000001308       0x18 /home/wscullin/collfs/glibc-2.12.2-build/libc_pic.a(errno-loc.os)
                0x0000000000001308                __errno_location
                0x0000000000001308                __GI___errno_location
 .opd           0x0000000000001320       0x30 /home/wscullin/collfs/glibc-2.12.2-build/libc_pic.a(sigaction.os)
                0x0000000000001320                __libc_sigaction
                0x0000000000001320                __GI___libc_sigaction
                0x0000000000001338                sigaction
                0x0000000000001338                __GI___sigaction
                0x0000000000001338                __sigaction
 .opd           0x0000000000001350       0x18 /home/wscullin/collfs/glibc-2.12.2-build/libc_pic.a(getenv.os)
                0x0000000000001350                getenv
                0x0000000000001350                __GI_getenv
 .opd           0x0000000000001368       0x30 /home/wscullin/collfs/glibc-2.12.2-build/libc_pic.a(strtol.os)
                0x0000000000001368                __GI_strtoq
                0x0000000000001368                strtoll
                0x0000000000001368                strtoq
                0x0000000000001368                strtol
                0x0000000000001368                __GI_strtoll
                0x0000000000001368                __GI_strtol
                0x0000000000001380                __GI___strtol_internal
                0x0000000000001380                __strtol_internal
                0x0000000000001380                __strtoll_internal
                0x0000000000001380                __GI___strtoll_internal
 .opd           0x0000000000001398       0x30 /home/wscullin/collfs/glibc-2.12.2-build/libc_pic.a(strtol_l.os)
                0x0000000000001398                ____strtol_l_internal
                0x0000000000001398                __GI_____strtoll_l_internal
                0x0000000000001398                __GI_____strtol_l_internal
                0x0000000000001398                ____strtoll_l_internal
                0x00000000000013b0                strtoll_l
                0x00000000000013b0                strtol_l
                0x00000000000013b0                __GI___strtol_l
                0x00000000000013b0                __strtoll_l
                0x00000000000013b0                __strtol_l
 .opd           0x00000000000013c8       0x18 /home/wscullin/collfs/glibc-2.12.2-build/libc_pic.a(grouping.os)
                0x00000000000013c8                __correctly_grouped_prefixmb
 .opd           0x00000000000013e0       0x18 /home/wscullin/collfs/glibc-2.12.2-build/libc_pic.a(setitimer.os)
                0x00000000000013e0                setitimer
                0x00000000000013e0                __setitimer
                0x00000000000013e0                __GI_setitimer
                0x00000000000013e0                __GI___setitimer
 .opd           0x00000000000013f8      0x390 /home/wscullin/collfs/glibc-2.12.2-build/libc_pic.a(forward.os)
                0x00000000000013f8                pthread_equal
                0x0000000000001410                pthread_attr_destroy
                0x0000000000001428                __pthread_attr_init_2_1
                0x0000000000001428                pthread_attr_init@@GLIBC_2.3
                0x0000000000001440                pthread_attr_getdetachstate
                0x0000000000001458                pthread_attr_setdetachstate
                0x0000000000001470                pthread_attr_getinheritsched
                0x0000000000001488                pthread_attr_setinheritsched
                0x00000000000014a0                pthread_attr_getschedparam
                0x00000000000014b8                pthread_attr_setschedparam
                0x00000000000014d0                pthread_attr_getschedpolicy
                0x00000000000014e8                pthread_attr_setschedpolicy
                0x0000000000001500                pthread_attr_getscope
                0x0000000000001518                pthread_attr_setscope
                0x0000000000001530                pthread_condattr_destroy
                0x0000000000001548                pthread_condattr_init
                0x0000000000001560                __pthread_cond_broadcast_2_0
                0x0000000000001560                pthread_cond_broadcast@GLIBC_2.3
                0x0000000000001578                pthread_cond_broadcast@@GLIBC_2.3.2
                0x0000000000001578                __pthread_cond_broadcast
                0x0000000000001590                __pthread_cond_destroy_2_0
                0x0000000000001590                pthread_cond_destroy@GLIBC_2.3
                0x00000000000015a8                pthread_cond_destroy@@GLIBC_2.3.2
                0x00000000000015a8                __pthread_cond_destroy
                0x00000000000015c0                __pthread_cond_init_2_0
                0x00000000000015c0                pthread_cond_init@GLIBC_2.3
                0x00000000000015d8                pthread_cond_init@@GLIBC_2.3.2
                0x00000000000015d8                __pthread_cond_init
                0x00000000000015f0                pthread_cond_signal@GLIBC_2.3
                0x00000000000015f0                __pthread_cond_signal_2_0
                0x0000000000001608                pthread_cond_signal@@GLIBC_2.3.2
                0x0000000000001608                __pthread_cond_signal
                0x0000000000001620                pthread_cond_wait@GLIBC_2.3
                0x0000000000001620                __pthread_cond_wait_2_0
                0x0000000000001638                pthread_cond_wait@@GLIBC_2.3.2
                0x0000000000001638                __pthread_cond_wait
                0x0000000000001650                pthread_cond_timedwait@GLIBC_2.3
                0x0000000000001650                __pthread_cond_timedwait_2_0
                0x0000000000001668                pthread_cond_timedwait@@GLIBC_2.3.2
                0x0000000000001668                __pthread_cond_timedwait
                0x0000000000001680                pthread_getschedparam
                0x0000000000001698                pthread_setschedparam
                0x00000000000016b0                pthread_mutex_destroy
                0x00000000000016c8                pthread_mutex_init
                0x00000000000016e0                pthread_mutex_lock
                0x00000000000016f8                pthread_mutex_unlock
                0x0000000000001710                pthread_self
                0x0000000000001728                pthread_setcancelstate
                0x0000000000001740                pthread_setcanceltype
                0x0000000000001758                __pthread_unwind
                0x0000000000001770                pthread_exit
                0x0000000000001770                __pthread_exit
 .opd           0x0000000000001788       0x30 /home/wscullin/collfs/glibc-2.12.2-build/libc_pic.a(exit.os)
                0x0000000000001788                __run_exit_handlers
                0x00000000000017a0                __GI_exit
                0x00000000000017a0                exit
 .opd           0x00000000000017b8       0x48 /home/wscullin/collfs/glibc-2.12.2-build/libc_pic.a(cxa_atexit.os)
                0x00000000000017b8                __new_exitfn
                0x00000000000017d0                __internal_atexit
                0x00000000000017e8                __cxa_atexit_internal
                0x00000000000017e8                __cxa_atexit
 .opd           0x0000000000001800       0x18 /home/wscullin/collfs/glibc-2.12.2-build/libc_pic.a(libc-lowlevellock.os)
                0x0000000000001800                __lll_lock_wait_private

.branch_lt
 *(.branch_lt)

.got
 *(.got)

.toc            0x0000000000000000     0x14b0
 *(.toc)
 .toc           0x0000000000000000     0x1378 /home/wscullin/collfs/glibc-2.12.2-build/elf/dl-allobjs.os
 .toc           0x0000000000001378        0x0 /home/wscullin/collfs/glibc-2.12.2-build/libc_pic.a(sysdep.os)
 .toc           0x0000000000001378       0x10 /home/wscullin/collfs/glibc-2.12.2-build/libc_pic.a(check_fds.os)
 .toc           0x0000000000001388        0x0 /home/wscullin/collfs/glibc-2.12.2-build/libc_pic.a(errno.os)
 .toc           0x0000000000001388        0x8 /home/wscullin/collfs/glibc-2.12.2-build/libc_pic.a(setjmp.os)
 .toc           0x0000000000001390        0x0 /home/wscullin/collfs/glibc-2.12.2-build/libc_pic.a(sigjmp.os)
 .toc           0x0000000000001390        0x8 /home/wscullin/collfs/glibc-2.12.2-build/libc_pic.a(__longjmp.os)
 .toc           0x0000000000001398        0x0 /home/wscullin/collfs/glibc-2.12.2-build/libc_pic.a(novmx-sigjmp.os)
 .toc           0x0000000000001398        0x8 /home/wscullin/collfs/glibc-2.12.2-build/libc_pic.a(sigprocmask.os)
 .toc           0x00000000000013a0       0x10 /home/wscullin/collfs/glibc-2.12.2-build/libc_pic.a(strnlen.os)
 .toc           0x00000000000013b0       0x10 /home/wscullin/collfs/glibc-2.12.2-build/libc_pic.a(memchr.os)
 .toc           0x00000000000013c0        0x0 /home/wscullin/collfs/glibc-2.12.2-build/libc_pic.a(memcmp.os)
 .toc           0x00000000000013c0        0x0 /home/wscullin/collfs/glibc-2.12.2-build/libc_pic.a(memmove.os)
 .toc           0x00000000000013c0        0x8 /home/wscullin/collfs/glibc-2.12.2-build/libc_pic.a(memset.os)
 .toc           0x00000000000013c8        0x0 /home/wscullin/collfs/glibc-2.12.2-build/libc_pic.a(mempcpy.os)
 .toc           0x00000000000013c8       0x10 /home/wscullin/collfs/glibc-2.12.2-build/libc_pic.a(wordcopy.os)
 .toc           0x00000000000013d8       0x10 /home/wscullin/collfs/glibc-2.12.2-build/libc_pic.a(rawmemchr.os)
 .toc           0x00000000000013e8        0x0 /home/wscullin/collfs/glibc-2.12.2-build/libc_pic.a(_exit.os)
 .toc           0x00000000000013e8        0x0 /home/wscullin/collfs/glibc-2.12.2-build/libc_pic.a(getpid.os)
 .toc           0x00000000000013e8        0x0 /home/wscullin/collfs/glibc-2.12.2-build/libc_pic.a(environ.os)
 .toc           0x00000000000013e8        0x0 /home/wscullin/collfs/glibc-2.12.2-build/libc_pic.a(xstat.os)
 .toc           0x00000000000013e8        0x0 /home/wscullin/collfs/glibc-2.12.2-build/libc_pic.a(fxstat.os)
 .toc           0x00000000000013e8        0x0 /home/wscullin/collfs/glibc-2.12.2-build/libc_pic.a(fcntl.os)
 .toc           0x00000000000013e8       0x18 /home/wscullin/collfs/glibc-2.12.2-build/libc_pic.a(getcwd.os)
 .toc           0x0000000000001400       0x20 /home/wscullin/collfs/glibc-2.12.2-build/libc_pic.a(getpagesize.os)
 .toc           0x0000000000001420       0x18 /home/wscullin/collfs/glibc-2.12.2-build/libc_pic.a(profil.os)
 .toc           0x0000000000001438        0x8 /home/wscullin/collfs/glibc-2.12.2-build/libc_pic.a(prof-freq.os)
 .toc           0x0000000000001440        0x0 /home/wscullin/collfs/glibc-2.12.2-build/libc_pic.a(libc-cancellation.os)
 .toc           0x0000000000001440        0x0 /home/wscullin/collfs/glibc-2.12.2-build/libc_pic.a(errno-loc.os)
 .toc           0x0000000000001440        0x8 /home/wscullin/collfs/glibc-2.12.2-build/libc_pic.a(sigaction.os)
 .toc           0x0000000000001448        0x8 /home/wscullin/collfs/glibc-2.12.2-build/libc_pic.a(getenv.os)
 .toc           0x0000000000001450        0x0 /home/wscullin/collfs/glibc-2.12.2-build/libc_pic.a(strtol.os)
 .toc           0x0000000000001450        0x8 /home/wscullin/collfs/glibc-2.12.2-build/libc_pic.a(strtol_l.os)
 .toc           0x0000000000001458        0x0 /home/wscullin/collfs/glibc-2.12.2-build/libc_pic.a(grouping.os)
 .toc           0x0000000000001458       0x10 /home/wscullin/collfs/glibc-2.12.2-build/libc_pic.a(forward.os)
 .toc           0x0000000000001468        0x0 /home/wscullin/collfs/glibc-2.12.2-build/libc_pic.a(global-locale.os)
 .toc           0x0000000000001468       0x18 /home/wscullin/collfs/glibc-2.12.2-build/libc_pic.a(exit.os)
 .toc           0x0000000000001480       0x30 /home/wscullin/collfs/glibc-2.12.2-build/libc_pic.a(cxa_atexit.os)
 .toc           0x00000000000014b0        0x0 /home/wscullin/collfs/glibc-2.12.2-build/libc_pic.a(libc-lowlevellock.os)
 .toc           0x00000000000014b0        0x0 /home/wscullin/collfs/glibc-2.12.2-build/libc_pic.a(C_name.os)

.sdata          0x0000000000000000      0xf78
 *(.sdata)
 .sdata         0x0000000000000000      0xf78 /home/wscullin/collfs/glibc-2.12.2-build/elf/dl-allobjs.os
                0x0000000000000000                _rtld_global
                0x0000000000000000                _rtld_local

.sbss
 *(.dynsbss)
 *(.sbss)
 *(.scommon)

.plt
 *(.plt)

.iplt
 *(.iplt)

.bss            0x0000000000000000      0x728
 *(.dynbss)
 *(.bss)
 .bss           0x0000000000000000      0x140 /home/wscullin/collfs/glibc-2.12.2-build/elf/dl-allobjs.os
                0x0000000000000068                _dl_collfs_api
                0x0000000000000124                __libc_multiple_libcs
 .bss           0x0000000000000140        0x0 /home/wscullin/collfs/glibc-2.12.2-build/libc_pic.a(sysdep.os)
 .bss           0x0000000000000140        0x0 /home/wscullin/collfs/glibc-2.12.2-build/libc_pic.a(check_fds.os)
 .bss           0x0000000000000140        0x0 /home/wscullin/collfs/glibc-2.12.2-build/libc_pic.a(errno.os)
 .bss           0x0000000000000140        0x0 /home/wscullin/collfs/glibc-2.12.2-build/libc_pic.a(setjmp.os)
 .bss           0x0000000000000140        0x0 /home/wscullin/collfs/glibc-2.12.2-build/libc_pic.a(sigjmp.os)
 .bss           0x0000000000000140        0x0 /home/wscullin/collfs/glibc-2.12.2-build/libc_pic.a(__longjmp.os)
 .bss           0x0000000000000140        0x0 /home/wscullin/collfs/glibc-2.12.2-build/libc_pic.a(novmx-sigjmp.os)
 .bss           0x0000000000000140        0x0 /home/wscullin/collfs/glibc-2.12.2-build/libc_pic.a(sigprocmask.os)
 .bss           0x0000000000000140        0x0 /home/wscullin/collfs/glibc-2.12.2-build/libc_pic.a(strchr.os)
 .bss           0x0000000000000140        0x0 /home/wscullin/collfs/glibc-2.12.2-build/libc_pic.a(strcmp.os)
 .bss           0x0000000000000140        0x0 /home/wscullin/collfs/glibc-2.12.2-build/libc_pic.a(strcpy.os)
 .bss           0x0000000000000140        0x0 /home/wscullin/collfs/glibc-2.12.2-build/libc_pic.a(strlen.os)
 .bss           0x0000000000000140        0x0 /home/wscullin/collfs/glibc-2.12.2-build/libc_pic.a(strnlen.os)
 .bss           0x0000000000000140        0x0 /home/wscullin/collfs/glibc-2.12.2-build/libc_pic.a(strncmp.os)
 .bss           0x0000000000000140        0x0 /home/wscullin/collfs/glibc-2.12.2-build/libc_pic.a(memchr.os)
 .bss           0x0000000000000140        0x0 /home/wscullin/collfs/glibc-2.12.2-build/libc_pic.a(memcmp.os)
 .bss           0x0000000000000140        0x0 /home/wscullin/collfs/glibc-2.12.2-build/libc_pic.a(memmove.os)
 .bss           0x0000000000000140        0x0 /home/wscullin/collfs/glibc-2.12.2-build/libc_pic.a(memset.os)
 .bss           0x0000000000000140        0x0 /home/wscullin/collfs/glibc-2.12.2-build/libc_pic.a(mempcpy.os)
 .bss           0x0000000000000140        0x0 /home/wscullin/collfs/glibc-2.12.2-build/libc_pic.a(stpcpy.os)
 .bss           0x0000000000000140        0x0 /home/wscullin/collfs/glibc-2.12.2-build/libc_pic.a(memcpy.os)
 .bss           0x0000000000000140        0x0 /home/wscullin/collfs/glibc-2.12.2-build/libc_pic.a(wordcopy.os)
 .bss           0x0000000000000140        0x0 /home/wscullin/collfs/glibc-2.12.2-build/libc_pic.a(rawmemchr.os)
 .bss           0x0000000000000140        0x0 /home/wscullin/collfs/glibc-2.12.2-build/libc_pic.a(uname.os)
 .bss           0x0000000000000140        0x0 /home/wscullin/collfs/glibc-2.12.2-build/libc_pic.a(_exit.os)
 .bss           0x0000000000000140        0x0 /home/wscullin/collfs/glibc-2.12.2-build/libc_pic.a(getpid.os)
 .bss           0x0000000000000140        0x8 /home/wscullin/collfs/glibc-2.12.2-build/libc_pic.a(environ.os)
                0x0000000000000140                _environ
                0x0000000000000140                __environ
                0x0000000000000140                environ
 .bss           0x0000000000000148        0x0 /home/wscullin/collfs/glibc-2.12.2-build/libc_pic.a(xstat.os)
 .bss           0x0000000000000148        0x0 /home/wscullin/collfs/glibc-2.12.2-build/libc_pic.a(fxstat.os)
 .bss           0x0000000000000148        0x0 /home/wscullin/collfs/glibc-2.12.2-build/libc_pic.a(open.os)
 .bss           0x0000000000000148        0x0 /home/wscullin/collfs/glibc-2.12.2-build/libc_pic.a(close.os)
 .bss           0x0000000000000148        0x0 /home/wscullin/collfs/glibc-2.12.2-build/libc_pic.a(read.os)
 .bss           0x0000000000000148        0x0 /home/wscullin/collfs/glibc-2.12.2-build/libc_pic.a(write.os)
 .bss           0x0000000000000148        0x0 /home/wscullin/collfs/glibc-2.12.2-build/libc_pic.a(access.os)
 .bss           0x0000000000000148        0x0 /home/wscullin/collfs/glibc-2.12.2-build/libc_pic.a(fcntl.os)
 .bss           0x0000000000000148        0x0 /home/wscullin/collfs/glibc-2.12.2-build/libc_pic.a(getcwd.os)
 .bss           0x0000000000000148        0x0 /home/wscullin/collfs/glibc-2.12.2-build/libc_pic.a(getpagesize.os)
 .bss           0x0000000000000148        0x0 /home/wscullin/collfs/glibc-2.12.2-build/libc_pic.a(mmap.os)
 .bss           0x0000000000000148        0x0 /home/wscullin/collfs/glibc-2.12.2-build/libc_pic.a(munmap.os)
 .bss           0x0000000000000148        0x0 /home/wscullin/collfs/glibc-2.12.2-build/libc_pic.a(mprotect.os)
 .bss           0x0000000000000148        0x0 /home/wscullin/collfs/glibc-2.12.2-build/libc_pic.a(llseek.os)
 .bss           0x0000000000000148      0x1c8 /home/wscullin/collfs/glibc-2.12.2-build/libc_pic.a(profil.os)
 .bss           0x0000000000000310        0x0 /home/wscullin/collfs/glibc-2.12.2-build/libc_pic.a(prof-freq.os)
 .bss           0x0000000000000310        0x0 /home/wscullin/collfs/glibc-2.12.2-build/libc_pic.a(libc-cancellation.os)
 .bss           0x0000000000000310        0x0 /home/wscullin/collfs/glibc-2.12.2-build/libc_pic.a(errno-loc.os)
 .bss           0x0000000000000310        0x0 /home/wscullin/collfs/glibc-2.12.2-build/libc_pic.a(sigaction.os)
 .bss           0x0000000000000310        0x0 /home/wscullin/collfs/glibc-2.12.2-build/libc_pic.a(getenv.os)
 .bss           0x0000000000000310        0x0 /home/wscullin/collfs/glibc-2.12.2-build/libc_pic.a(strtol.os)
 .bss           0x0000000000000310        0x0 /home/wscullin/collfs/glibc-2.12.2-build/libc_pic.a(strtol_l.os)
 .bss           0x0000000000000310        0x0 /home/wscullin/collfs/glibc-2.12.2-build/libc_pic.a(grouping.os)
 .bss           0x0000000000000310        0x0 /home/wscullin/collfs/glibc-2.12.2-build/libc_pic.a(setitimer.os)
 .bss           0x0000000000000310        0x0 /home/wscullin/collfs/glibc-2.12.2-build/libc_pic.a(forward.os)
 .bss           0x0000000000000310        0x0 /home/wscullin/collfs/glibc-2.12.2-build/libc_pic.a(global-locale.os)
 .bss           0x0000000000000310        0x0 /home/wscullin/collfs/glibc-2.12.2-build/libc_pic.a(exit.os)
 .bss           0x0000000000000310      0x418 /home/wscullin/collfs/glibc-2.12.2-build/libc_pic.a(cxa_atexit.os)
 .bss           0x0000000000000728        0x0 /home/wscullin/collfs/glibc-2.12.2-build/libc_pic.a(libc-lowlevellock.os)
 .bss           0x0000000000000728        0x0 /home/wscullin/collfs/glibc-2.12.2-build/libc_pic.a(C_name.os)
 *(COMMON)
 COMMON         0x0000000000000728        0x0 /home/wscullin/collfs/glibc-2.12.2-build/elf/dl-allobjs.os
 COMMON         0x0000000000000728        0x0 /home/wscullin/collfs/glibc-2.12.2-build/libc_pic.a(sigaction.os)
 COMMON         0x0000000000000728        0x0 /home/wscullin/collfs/glibc-2.12.2-build/libc_pic.a(forward.os)
 COMMON         0x0000000000000728        0x0 /home/wscullin/collfs/glibc-2.12.2-build/libc_pic.a(cxa_atexit.os)

.stab
 *(.stab)

.stabstr
 *(.stabstr)

.stab.excl
 *(.stab.excl)

.stab.exclstr
 *(.stab.exclstr)

.stab.index
 *(.stab.index)

.stab.indexstr
 *(.stab.indexstr)

.comment        0x0000000000000000      0x800
 *(.comment)
 .comment       0x0000000000000000      0x380 /home/wscullin/collfs/glibc-2.12.2-build/elf/dl-allobjs.os
 .comment       0x0000000000000380       0x20 /home/wscullin/collfs/glibc-2.12.2-build/libc_pic.a(sysdep.os)
 .comment       0x00000000000003a0       0x20 /home/wscullin/collfs/glibc-2.12.2-build/libc_pic.a(check_fds.os)
 .comment       0x00000000000003c0       0x20 /home/wscullin/collfs/glibc-2.12.2-build/libc_pic.a(errno.os)
 .comment       0x00000000000003e0       0x20 /home/wscullin/collfs/glibc-2.12.2-build/libc_pic.a(sigjmp.os)
 .comment       0x0000000000000400       0x20 /home/wscullin/collfs/glibc-2.12.2-build/libc_pic.a(novmx-sigjmp.os)
 .comment       0x0000000000000420       0x20 /home/wscullin/collfs/glibc-2.12.2-build/libc_pic.a(sigprocmask.os)
 .comment       0x0000000000000440       0x20 /home/wscullin/collfs/glibc-2.12.2-build/libc_pic.a(strnlen.os)
 .comment       0x0000000000000460       0x20 /home/wscullin/collfs/glibc-2.12.2-build/libc_pic.a(memchr.os)
 .comment       0x0000000000000480       0x20 /home/wscullin/collfs/glibc-2.12.2-build/libc_pic.a(memcmp.os)
 .comment       0x00000000000004a0       0x20 /home/wscullin/collfs/glibc-2.12.2-build/libc_pic.a(memmove.os)
 .comment       0x00000000000004c0       0x20 /home/wscullin/collfs/glibc-2.12.2-build/libc_pic.a(mempcpy.os)
 .comment       0x00000000000004e0       0x20 /home/wscullin/collfs/glibc-2.12.2-build/libc_pic.a(wordcopy.os)
 .comment       0x0000000000000500       0x20 /home/wscullin/collfs/glibc-2.12.2-build/libc_pic.a(rawmemchr.os)
 .comment       0x0000000000000520       0x20 /home/wscullin/collfs/glibc-2.12.2-build/libc_pic.a(_exit.os)
 .comment       0x0000000000000540       0x20 /home/wscullin/collfs/glibc-2.12.2-build/libc_pic.a(getpid.os)
 .comment       0x0000000000000560       0x20 /home/wscullin/collfs/glibc-2.12.2-build/libc_pic.a(environ.os)
 .comment       0x0000000000000580       0x20 /home/wscullin/collfs/glibc-2.12.2-build/libc_pic.a(xstat.os)
 .comment       0x00000000000005a0       0x20 /home/wscullin/collfs/glibc-2.12.2-build/libc_pic.a(fxstat.os)
 .comment       0x00000000000005c0       0x20 /home/wscullin/collfs/glibc-2.12.2-build/libc_pic.a(fcntl.os)
 .comment       0x00000000000005e0       0x20 /home/wscullin/collfs/glibc-2.12.2-build/libc_pic.a(getcwd.os)
 .comment       0x0000000000000600       0x20 /home/wscullin/collfs/glibc-2.12.2-build/libc_pic.a(getpagesize.os)
 .comment       0x0000000000000620       0x20 /home/wscullin/collfs/glibc-2.12.2-build/libc_pic.a(profil.os)
 .comment       0x0000000000000640       0x20 /home/wscullin/collfs/glibc-2.12.2-build/libc_pic.a(prof-freq.os)
 .comment       0x0000000000000660       0x20 /home/wscullin/collfs/glibc-2.12.2-build/libc_pic.a(libc-cancellation.os)
 .comment       0x0000000000000680       0x20 /home/wscullin/collfs/glibc-2.12.2-build/libc_pic.a(errno-loc.os)
 .comment       0x00000000000006a0       0x20 /home/wscullin/collfs/glibc-2.12.2-build/libc_pic.a(sigaction.os)
 .comment       0x00000000000006c0       0x20 /home/wscullin/collfs/glibc-2.12.2-build/libc_pic.a(getenv.os)
 .comment       0x00000000000006e0       0x20 /home/wscullin/collfs/glibc-2.12.2-build/libc_pic.a(strtol.os)
 .comment       0x0000000000000700       0x20 /home/wscullin/collfs/glibc-2.12.2-build/libc_pic.a(strtol_l.os)
 .comment       0x0000000000000720       0x20 /home/wscullin/collfs/glibc-2.12.2-build/libc_pic.a(grouping.os)
 .comment       0x0000000000000740       0x20 /home/wscullin/collfs/glibc-2.12.2-build/libc_pic.a(forward.os)
 .comment       0x0000000000000760       0x20 /home/wscullin/collfs/glibc-2.12.2-build/libc_pic.a(global-locale.os)
 .comment       0x0000000000000780       0x20 /home/wscullin/collfs/glibc-2.12.2-build/libc_pic.a(exit.os)
 .comment       0x00000000000007a0       0x20 /home/wscullin/collfs/glibc-2.12.2-build/libc_pic.a(cxa_atexit.os)
 .comment       0x00000000000007c0       0x20 /home/wscullin/collfs/glibc-2.12.2-build/libc_pic.a(libc-lowlevellock.os)
 .comment       0x00000000000007e0       0x20 /home/wscullin/collfs/glibc-2.12.2-build/libc_pic.a(C_name.os)

.debug
 *(.debug)

.line
 *(.line)

.debug_srcinfo
 *(.debug_srcinfo)

.debug_sfnames
 *(.debug_sfnames)

.debug_aranges  0x0000000000000000     0x1020
 *(.debug_aranges)
 .debug_aranges
                0x0000000000000000      0x5c0 /home/wscullin/collfs/glibc-2.12.2-build/elf/dl-allobjs.os
 .debug_aranges
                0x00000000000005c0       0x30 /home/wscullin/collfs/glibc-2.12.2-build/libc_pic.a(sysdep.os)
 .debug_aranges
                0x00000000000005f0       0x30 /home/wscullin/collfs/glibc-2.12.2-build/libc_pic.a(check_fds.os)
 .debug_aranges
                0x0000000000000620       0x30 /home/wscullin/collfs/glibc-2.12.2-build/libc_pic.a(setjmp.os)
 .debug_aranges
                0x0000000000000650       0x30 /home/wscullin/collfs/glibc-2.12.2-build/libc_pic.a(sigjmp.os)
 .debug_aranges
                0x0000000000000680       0x30 /home/wscullin/collfs/glibc-2.12.2-build/libc_pic.a(__longjmp.os)
 .debug_aranges
                0x00000000000006b0       0x30 /home/wscullin/collfs/glibc-2.12.2-build/libc_pic.a(novmx-sigjmp.os)
 .debug_aranges
                0x00000000000006e0       0x30 /home/wscullin/collfs/glibc-2.12.2-build/libc_pic.a(sigprocmask.os)
 .debug_aranges
                0x0000000000000710       0x30 /home/wscullin/collfs/glibc-2.12.2-build/libc_pic.a(strchr.os)
 .debug_aranges
                0x0000000000000740       0x30 /home/wscullin/collfs/glibc-2.12.2-build/libc_pic.a(strcmp.os)
 .debug_aranges
                0x0000000000000770       0x30 /home/wscullin/collfs/glibc-2.12.2-build/libc_pic.a(strcpy.os)
 .debug_aranges
                0x00000000000007a0       0x30 /home/wscullin/collfs/glibc-2.12.2-build/libc_pic.a(strlen.os)
 .debug_aranges
                0x00000000000007d0       0x30 /home/wscullin/collfs/glibc-2.12.2-build/libc_pic.a(strnlen.os)
 .debug_aranges
                0x0000000000000800       0x30 /home/wscullin/collfs/glibc-2.12.2-build/libc_pic.a(strncmp.os)
 .debug_aranges
                0x0000000000000830       0x30 /home/wscullin/collfs/glibc-2.12.2-build/libc_pic.a(memchr.os)
 .debug_aranges
                0x0000000000000860       0x30 /home/wscullin/collfs/glibc-2.12.2-build/libc_pic.a(memcmp.os)
 .debug_aranges
                0x0000000000000890       0x30 /home/wscullin/collfs/glibc-2.12.2-build/libc_pic.a(memmove.os)
 .debug_aranges
                0x00000000000008c0       0x30 /home/wscullin/collfs/glibc-2.12.2-build/libc_pic.a(memset.os)
 .debug_aranges
                0x00000000000008f0       0x30 /home/wscullin/collfs/glibc-2.12.2-build/libc_pic.a(mempcpy.os)
 .debug_aranges
                0x0000000000000920       0x30 /home/wscullin/collfs/glibc-2.12.2-build/libc_pic.a(stpcpy.os)
 .debug_aranges
                0x0000000000000950       0x30 /home/wscullin/collfs/glibc-2.12.2-build/libc_pic.a(memcpy.os)
 .debug_aranges
                0x0000000000000980       0x30 /home/wscullin/collfs/glibc-2.12.2-build/libc_pic.a(wordcopy.os)
 .debug_aranges
                0x00000000000009b0       0x30 /home/wscullin/collfs/glibc-2.12.2-build/libc_pic.a(rawmemchr.os)
 .debug_aranges
                0x00000000000009e0       0x30 /home/wscullin/collfs/glibc-2.12.2-build/libc_pic.a(uname.os)
 .debug_aranges
                0x0000000000000a10       0x30 /home/wscullin/collfs/glibc-2.12.2-build/libc_pic.a(_exit.os)
 .debug_aranges
                0x0000000000000a40       0x30 /home/wscullin/collfs/glibc-2.12.2-build/libc_pic.a(getpid.os)
 .debug_aranges
                0x0000000000000a70       0x30 /home/wscullin/collfs/glibc-2.12.2-build/libc_pic.a(xstat.os)
 .debug_aranges
                0x0000000000000aa0       0x30 /home/wscullin/collfs/glibc-2.12.2-build/libc_pic.a(fxstat.os)
 .debug_aranges
                0x0000000000000ad0       0x30 /home/wscullin/collfs/glibc-2.12.2-build/libc_pic.a(open.os)
 .debug_aranges
                0x0000000000000b00       0x30 /home/wscullin/collfs/glibc-2.12.2-build/libc_pic.a(close.os)
 .debug_aranges
                0x0000000000000b30       0x30 /home/wscullin/collfs/glibc-2.12.2-build/libc_pic.a(read.os)
 .debug_aranges
                0x0000000000000b60       0x30 /home/wscullin/collfs/glibc-2.12.2-build/libc_pic.a(write.os)
 .debug_aranges
                0x0000000000000b90       0x30 /home/wscullin/collfs/glibc-2.12.2-build/libc_pic.a(access.os)
 .debug_aranges
                0x0000000000000bc0       0x30 /home/wscullin/collfs/glibc-2.12.2-build/libc_pic.a(fcntl.os)
 .debug_aranges
                0x0000000000000bf0       0x30 /home/wscullin/collfs/glibc-2.12.2-build/libc_pic.a(getcwd.os)
 .debug_aranges
                0x0000000000000c20       0x30 /home/wscullin/collfs/glibc-2.12.2-build/libc_pic.a(getpagesize.os)
 .debug_aranges
                0x0000000000000c50       0x30 /home/wscullin/collfs/glibc-2.12.2-build/libc_pic.a(mmap.os)
 .debug_aranges
                0x0000000000000c80       0x30 /home/wscullin/collfs/glibc-2.12.2-build/libc_pic.a(munmap.os)
 .debug_aranges
                0x0000000000000cb0       0x30 /home/wscullin/collfs/glibc-2.12.2-build/libc_pic.a(mprotect.os)
 .debug_aranges
                0x0000000000000ce0       0x30 /home/wscullin/collfs/glibc-2.12.2-build/libc_pic.a(llseek.os)
 .debug_aranges
                0x0000000000000d10       0x30 /home/wscullin/collfs/glibc-2.12.2-build/libc_pic.a(profil.os)
 .debug_aranges
                0x0000000000000d40       0x30 /home/wscullin/collfs/glibc-2.12.2-build/libc_pic.a(prof-freq.os)
 .debug_aranges
                0x0000000000000d70       0x30 /home/wscullin/collfs/glibc-2.12.2-build/libc_pic.a(libc-cancellation.os)
 .debug_aranges
                0x0000000000000da0       0x30 /home/wscullin/collfs/glibc-2.12.2-build/libc_pic.a(errno-loc.os)
 .debug_aranges
                0x0000000000000dd0       0x30 /home/wscullin/collfs/glibc-2.12.2-build/libc_pic.a(sigaction.os)
 .debug_aranges
                0x0000000000000e00       0x30 /home/wscullin/collfs/glibc-2.12.2-build/libc_pic.a(getenv.os)
 .debug_aranges
                0x0000000000000e30       0x30 /home/wscullin/collfs/glibc-2.12.2-build/libc_pic.a(strtol.os)
 .debug_aranges
                0x0000000000000e60       0x30 /home/wscullin/collfs/glibc-2.12.2-build/libc_pic.a(strtol_l.os)
 .debug_aranges
                0x0000000000000e90       0x30 /home/wscullin/collfs/glibc-2.12.2-build/libc_pic.a(grouping.os)
 .debug_aranges
                0x0000000000000ec0       0x30 /home/wscullin/collfs/glibc-2.12.2-build/libc_pic.a(setitimer.os)
 .debug_aranges
                0x0000000000000ef0       0xa0 /home/wscullin/collfs/glibc-2.12.2-build/libc_pic.a(forward.os)
 .debug_aranges
                0x0000000000000f90       0x30 /home/wscullin/collfs/glibc-2.12.2-build/libc_pic.a(exit.os)
 .debug_aranges
                0x0000000000000fc0       0x30 /home/wscullin/collfs/glibc-2.12.2-build/libc_pic.a(cxa_atexit.os)
 .debug_aranges
                0x0000000000000ff0       0x30 /home/wscullin/collfs/glibc-2.12.2-build/libc_pic.a(libc-lowlevellock.os)

.debug_pubnames
                0x0000000000000000     0x1b01
 *(.debug_pubnames)
 .debug_pubnames
                0x0000000000000000      0xda2 /home/wscullin/collfs/glibc-2.12.2-build/elf/dl-allobjs.os
 .debug_pubnames
                0x0000000000000da2       0x3c /home/wscullin/collfs/glibc-2.12.2-build/libc_pic.a(sysdep.os)
 .debug_pubnames
                0x0000000000000dde       0x46 /home/wscullin/collfs/glibc-2.12.2-build/libc_pic.a(check_fds.os)
 .debug_pubnames
                0x0000000000000e24       0x43 /home/wscullin/collfs/glibc-2.12.2-build/libc_pic.a(errno.os)
 .debug_pubnames
                0x0000000000000e67       0x29 /home/wscullin/collfs/glibc-2.12.2-build/libc_pic.a(sigjmp.os)
 .debug_pubnames
                0x0000000000000e90       0x2b /home/wscullin/collfs/glibc-2.12.2-build/libc_pic.a(novmx-sigjmp.os)
 .debug_pubnames
                0x0000000000000ebb       0x3a /home/wscullin/collfs/glibc-2.12.2-build/libc_pic.a(sigprocmask.os)
 .debug_pubnames
                0x0000000000000ef5       0x20 /home/wscullin/collfs/glibc-2.12.2-build/libc_pic.a(strnlen.os)
 .debug_pubnames
                0x0000000000000f15       0x1f /home/wscullin/collfs/glibc-2.12.2-build/libc_pic.a(memchr.os)
 .debug_pubnames
                0x0000000000000f34       0x1d /home/wscullin/collfs/glibc-2.12.2-build/libc_pic.a(memcmp.os)
 .debug_pubnames
                0x0000000000000f51       0x1e /home/wscullin/collfs/glibc-2.12.2-build/libc_pic.a(memmove.os)
 .debug_pubnames
                0x0000000000000f6f       0x20 /home/wscullin/collfs/glibc-2.12.2-build/libc_pic.a(mempcpy.os)
 .debug_pubnames
                0x0000000000000f8f       0x84 /home/wscullin/collfs/glibc-2.12.2-build/libc_pic.a(wordcopy.os)
 .debug_pubnames
                0x0000000000001013       0x22 /home/wscullin/collfs/glibc-2.12.2-build/libc_pic.a(rawmemchr.os)
 .debug_pubnames
                0x0000000000001035       0x32 /home/wscullin/collfs/glibc-2.12.2-build/libc_pic.a(_exit.os)
 .debug_pubnames
                0x0000000000001067       0x35 /home/wscullin/collfs/glibc-2.12.2-build/libc_pic.a(getpid.os)
 .debug_pubnames
                0x000000000000109c       0x39 /home/wscullin/collfs/glibc-2.12.2-build/libc_pic.a(environ.os)
 .debug_pubnames
                0x00000000000010d5       0x34 /home/wscullin/collfs/glibc-2.12.2-build/libc_pic.a(xstat.os)
 .debug_pubnames
                0x0000000000001109       0x35 /home/wscullin/collfs/glibc-2.12.2-build/libc_pic.a(fxstat.os)
 .debug_pubnames
                0x000000000000113e       0x4e /home/wscullin/collfs/glibc-2.12.2-build/libc_pic.a(fcntl.os)
 .debug_pubnames
                0x000000000000118c       0x35 /home/wscullin/collfs/glibc-2.12.2-build/libc_pic.a(getcwd.os)
 .debug_pubnames
                0x00000000000011c1       0x3a /home/wscullin/collfs/glibc-2.12.2-build/libc_pic.a(getpagesize.os)
 .debug_pubnames
                0x00000000000011fb       0x54 /home/wscullin/collfs/glibc-2.12.2-build/libc_pic.a(profil.os)
 .debug_pubnames
                0x000000000000124f       0x40 /home/wscullin/collfs/glibc-2.12.2-build/libc_pic.a(prof-freq.os)
 .debug_pubnames
                0x000000000000128f       0x65 /home/wscullin/collfs/glibc-2.12.2-build/libc_pic.a(libc-cancellation.os)
 .debug_pubnames
                0x00000000000012f4       0x3d /home/wscullin/collfs/glibc-2.12.2-build/libc_pic.a(errno-loc.os)
 .debug_pubnames
                0x0000000000001331       0x68 /home/wscullin/collfs/glibc-2.12.2-build/libc_pic.a(sigaction.os)
 .debug_pubnames
                0x0000000000001399       0x33 /home/wscullin/collfs/glibc-2.12.2-build/libc_pic.a(getenv.os)
 .debug_pubnames
                0x00000000000013cc       0x49 /home/wscullin/collfs/glibc-2.12.2-build/libc_pic.a(strtol.os)
 .debug_pubnames
                0x0000000000001415       0x81 /home/wscullin/collfs/glibc-2.12.2-build/libc_pic.a(strtol_l.os)
 .debug_pubnames
                0x0000000000001496       0x33 /home/wscullin/collfs/glibc-2.12.2-build/libc_pic.a(grouping.os)
 .debug_pubnames
                0x00000000000014c9      0x472 /home/wscullin/collfs/glibc-2.12.2-build/libc_pic.a(forward.os)
 .debug_pubnames
                0x000000000000193b       0x54 /home/wscullin/collfs/glibc-2.12.2-build/libc_pic.a(global-locale.os)
 .debug_pubnames
                0x000000000000198f       0x49 /home/wscullin/collfs/glibc-2.12.2-build/libc_pic.a(exit.os)
 .debug_pubnames
                0x00000000000019d8       0x89 /home/wscullin/collfs/glibc-2.12.2-build/libc_pic.a(cxa_atexit.os)
 .debug_pubnames
                0x0000000000001a61       0x44 /home/wscullin/collfs/glibc-2.12.2-build/libc_pic.a(libc-lowlevellock.os)
 .debug_pubnames
                0x0000000000001aa5       0x5c /home/wscullin/collfs/glibc-2.12.2-build/libc_pic.a(C_name.os)

.debug_info     0x0000000000000000    0x570d2
 *(.debug_info)
 .debug_info    0x0000000000000000    0x467c7 /home/wscullin/collfs/glibc-2.12.2-build/elf/dl-allobjs.os
 .debug_info    0x00000000000467c7      0x1b4 /home/wscullin/collfs/glibc-2.12.2-build/libc_pic.a(sysdep.os)
 .debug_info    0x000000000004697b      0x3f8 /home/wscullin/collfs/glibc-2.12.2-build/libc_pic.a(check_fds.os)
 .debug_info    0x0000000000046d73      0x1a2 /home/wscullin/collfs/glibc-2.12.2-build/libc_pic.a(errno.os)
 .debug_info    0x0000000000046f15       0x8c /home/wscullin/collfs/glibc-2.12.2-build/libc_pic.a(setjmp.os)
 .debug_info    0x0000000000046fa1      0x156 /home/wscullin/collfs/glibc-2.12.2-build/libc_pic.a(sigjmp.os)
 .debug_info    0x00000000000470f7       0x8f /home/wscullin/collfs/glibc-2.12.2-build/libc_pic.a(__longjmp.os)
 .debug_info    0x0000000000047186      0x156 /home/wscullin/collfs/glibc-2.12.2-build/libc_pic.a(novmx-sigjmp.os)
 .debug_info    0x00000000000472dc      0x53e /home/wscullin/collfs/glibc-2.12.2-build/libc_pic.a(sigprocmask.os)
 .debug_info    0x000000000004781a       0x85 /home/wscullin/collfs/glibc-2.12.2-build/libc_pic.a(strchr.os)
 .debug_info    0x000000000004789f       0x85 /home/wscullin/collfs/glibc-2.12.2-build/libc_pic.a(strcmp.os)
 .debug_info    0x0000000000047924       0x85 /home/wscullin/collfs/glibc-2.12.2-build/libc_pic.a(strcpy.os)
 .debug_info    0x00000000000479a9       0x85 /home/wscullin/collfs/glibc-2.12.2-build/libc_pic.a(strlen.os)
 .debug_info    0x0000000000047a2e      0x15b /home/wscullin/collfs/glibc-2.12.2-build/libc_pic.a(strnlen.os)
 .debug_info    0x0000000000047b89       0x86 /home/wscullin/collfs/glibc-2.12.2-build/libc_pic.a(strncmp.os)
 .debug_info    0x0000000000047c0f      0x172 /home/wscullin/collfs/glibc-2.12.2-build/libc_pic.a(memchr.os)
 .debug_info    0x0000000000047d81      0x3d0 /home/wscullin/collfs/glibc-2.12.2-build/libc_pic.a(memcmp.os)
 .debug_info    0x0000000000048151      0x211 /home/wscullin/collfs/glibc-2.12.2-build/libc_pic.a(memmove.os)
 .debug_info    0x0000000000048362       0x85 /home/wscullin/collfs/glibc-2.12.2-build/libc_pic.a(memset.os)
 .debug_info    0x00000000000483e7      0x1a5 /home/wscullin/collfs/glibc-2.12.2-build/libc_pic.a(mempcpy.os)
 .debug_info    0x000000000004858c       0x85 /home/wscullin/collfs/glibc-2.12.2-build/libc_pic.a(stpcpy.os)
 .debug_info    0x0000000000048611       0x85 /home/wscullin/collfs/glibc-2.12.2-build/libc_pic.a(memcpy.os)
 .debug_info    0x0000000000048696      0x419 /home/wscullin/collfs/glibc-2.12.2-build/libc_pic.a(wordcopy.os)
 .debug_info    0x0000000000048aaf      0x156 /home/wscullin/collfs/glibc-2.12.2-build/libc_pic.a(rawmemchr.os)
 .debug_info    0x0000000000048c05       0x81 /home/wscullin/collfs/glibc-2.12.2-build/libc_pic.a(uname.os)
 .debug_info    0x0000000000048c86      0x2d6 /home/wscullin/collfs/glibc-2.12.2-build/libc_pic.a(_exit.os)
 .debug_info    0x0000000000048f5c      0xdc2 /home/wscullin/collfs/glibc-2.12.2-build/libc_pic.a(getpid.os)
 .debug_info    0x0000000000049d1e       0xbe /home/wscullin/collfs/glibc-2.12.2-build/libc_pic.a(environ.os)
 .debug_info    0x0000000000049ddc      0x421 /home/wscullin/collfs/glibc-2.12.2-build/libc_pic.a(xstat.os)
 .debug_info    0x000000000004a1fd      0x415 /home/wscullin/collfs/glibc-2.12.2-build/libc_pic.a(fxstat.os)
 .debug_info    0x000000000004a612       0x7e /home/wscullin/collfs/glibc-2.12.2-build/libc_pic.a(open.os)
 .debug_info    0x000000000004a690       0x7e /home/wscullin/collfs/glibc-2.12.2-build/libc_pic.a(close.os)
 .debug_info    0x000000000004a70e       0x7e /home/wscullin/collfs/glibc-2.12.2-build/libc_pic.a(read.os)
 .debug_info    0x000000000004a78c       0x7e /home/wscullin/collfs/glibc-2.12.2-build/libc_pic.a(write.os)
 .debug_info    0x000000000004a80a       0x7e /home/wscullin/collfs/glibc-2.12.2-build/libc_pic.a(access.os)
 .debug_info    0x000000000004a888      0xfc1 /home/wscullin/collfs/glibc-2.12.2-build/libc_pic.a(fcntl.os)
 .debug_info    0x000000000004b849      0x2d6 /home/wscullin/collfs/glibc-2.12.2-build/libc_pic.a(getcwd.os)
 .debug_info    0x000000000004bb1f     0x1bec /home/wscullin/collfs/glibc-2.12.2-build/libc_pic.a(getpagesize.os)
 .debug_info    0x000000000004d70b       0x80 /home/wscullin/collfs/glibc-2.12.2-build/libc_pic.a(mmap.os)
 .debug_info    0x000000000004d78b       0x80 /home/wscullin/collfs/glibc-2.12.2-build/libc_pic.a(munmap.os)
 .debug_info    0x000000000004d80b       0x80 /home/wscullin/collfs/glibc-2.12.2-build/libc_pic.a(mprotect.os)
 .debug_info    0x000000000004d88b       0x80 /home/wscullin/collfs/glibc-2.12.2-build/libc_pic.a(llseek.os)
 .debug_info    0x000000000004d90b      0xb69 /home/wscullin/collfs/glibc-2.12.2-build/libc_pic.a(profil.os)
 .debug_info    0x000000000004e474      0x200 /home/wscullin/collfs/glibc-2.12.2-build/libc_pic.a(prof-freq.os)
 .debug_info    0x000000000004e674     0x1008 /home/wscullin/collfs/glibc-2.12.2-build/libc_pic.a(libc-cancellation.os)
 .debug_info    0x000000000004f67c      0x1aa /home/wscullin/collfs/glibc-2.12.2-build/libc_pic.a(errno-loc.os)
 .debug_info    0x000000000004f826      0x863 /home/wscullin/collfs/glibc-2.12.2-build/libc_pic.a(sigaction.os)
 .debug_info    0x0000000000050089      0x225 /home/wscullin/collfs/glibc-2.12.2-build/libc_pic.a(getenv.os)
 .debug_info    0x00000000000502ae      0x60a /home/wscullin/collfs/glibc-2.12.2-build/libc_pic.a(strtol.os)
 .debug_info    0x00000000000508b8     0x1208 /home/wscullin/collfs/glibc-2.12.2-build/libc_pic.a(strtol_l.os)
 .debug_info    0x0000000000051ac0      0x199 /home/wscullin/collfs/glibc-2.12.2-build/libc_pic.a(grouping.os)
 .debug_info    0x0000000000051c59       0x80 /home/wscullin/collfs/glibc-2.12.2-build/libc_pic.a(setitimer.os)
 .debug_info    0x0000000000051cd9     0x1d24 /home/wscullin/collfs/glibc-2.12.2-build/libc_pic.a(forward.os)
 .debug_info    0x00000000000539fd      0x65d /home/wscullin/collfs/glibc-2.12.2-build/libc_pic.a(global-locale.os)
 .debug_info    0x000000000005405a      0xe6f /home/wscullin/collfs/glibc-2.12.2-build/libc_pic.a(exit.os)
 .debug_info    0x0000000000054ec9     0x116f /home/wscullin/collfs/glibc-2.12.2-build/libc_pic.a(cxa_atexit.os)
 .debug_info    0x0000000000056038      0xe4e /home/wscullin/collfs/glibc-2.12.2-build/libc_pic.a(libc-lowlevellock.os)
 .debug_info    0x0000000000056e86      0x24c /home/wscullin/collfs/glibc-2.12.2-build/libc_pic.a(C_name.os)

.debug_abbrev   0x0000000000000000     0x935d
 *(.debug_abbrev)
 .debug_abbrev  0x0000000000000000     0x5ece /home/wscullin/collfs/glibc-2.12.2-build/elf/dl-allobjs.os
 .debug_abbrev  0x0000000000005ece      0x101 /home/wscullin/collfs/glibc-2.12.2-build/libc_pic.a(sysdep.os)
 .debug_abbrev  0x0000000000005fcf      0x18d /home/wscullin/collfs/glibc-2.12.2-build/libc_pic.a(check_fds.os)
 .debug_abbrev  0x000000000000615c       0xc8 /home/wscullin/collfs/glibc-2.12.2-build/libc_pic.a(errno.os)
 .debug_abbrev  0x0000000000006224       0x14 /home/wscullin/collfs/glibc-2.12.2-build/libc_pic.a(setjmp.os)
 .debug_abbrev  0x0000000000006238       0xbd /home/wscullin/collfs/glibc-2.12.2-build/libc_pic.a(sigjmp.os)
 .debug_abbrev  0x00000000000062f5       0x14 /home/wscullin/collfs/glibc-2.12.2-build/libc_pic.a(__longjmp.os)
 .debug_abbrev  0x0000000000006309       0xbd /home/wscullin/collfs/glibc-2.12.2-build/libc_pic.a(novmx-sigjmp.os)
 .debug_abbrev  0x00000000000063c6      0x1de /home/wscullin/collfs/glibc-2.12.2-build/libc_pic.a(sigprocmask.os)
 .debug_abbrev  0x00000000000065a4       0x14 /home/wscullin/collfs/glibc-2.12.2-build/libc_pic.a(strchr.os)
 .debug_abbrev  0x00000000000065b8       0x14 /home/wscullin/collfs/glibc-2.12.2-build/libc_pic.a(strcmp.os)
 .debug_abbrev  0x00000000000065cc       0x14 /home/wscullin/collfs/glibc-2.12.2-build/libc_pic.a(strcpy.os)
 .debug_abbrev  0x00000000000065e0       0x14 /home/wscullin/collfs/glibc-2.12.2-build/libc_pic.a(strlen.os)
 .debug_abbrev  0x00000000000065f4       0xda /home/wscullin/collfs/glibc-2.12.2-build/libc_pic.a(strnlen.os)
 .debug_abbrev  0x00000000000066ce       0x14 /home/wscullin/collfs/glibc-2.12.2-build/libc_pic.a(strncmp.os)
 .debug_abbrev  0x00000000000066e2       0xe8 /home/wscullin/collfs/glibc-2.12.2-build/libc_pic.a(memchr.os)
 .debug_abbrev  0x00000000000067ca      0x151 /home/wscullin/collfs/glibc-2.12.2-build/libc_pic.a(memcmp.os)
 .debug_abbrev  0x000000000000691b       0xf2 /home/wscullin/collfs/glibc-2.12.2-build/libc_pic.a(memmove.os)
 .debug_abbrev  0x0000000000006a0d       0x14 /home/wscullin/collfs/glibc-2.12.2-build/libc_pic.a(memset.os)
 .debug_abbrev  0x0000000000006a21       0xd3 /home/wscullin/collfs/glibc-2.12.2-build/libc_pic.a(mempcpy.os)
 .debug_abbrev  0x0000000000006af4       0x14 /home/wscullin/collfs/glibc-2.12.2-build/libc_pic.a(stpcpy.os)
 .debug_abbrev  0x0000000000006b08       0x14 /home/wscullin/collfs/glibc-2.12.2-build/libc_pic.a(memcpy.os)
 .debug_abbrev  0x0000000000006b1c      0x113 /home/wscullin/collfs/glibc-2.12.2-build/libc_pic.a(wordcopy.os)
 .debug_abbrev  0x0000000000006c2f       0xdc /home/wscullin/collfs/glibc-2.12.2-build/libc_pic.a(rawmemchr.os)
 .debug_abbrev  0x0000000000006d0b       0x14 /home/wscullin/collfs/glibc-2.12.2-build/libc_pic.a(uname.os)
 .debug_abbrev  0x0000000000006d1f      0x12e /home/wscullin/collfs/glibc-2.12.2-build/libc_pic.a(_exit.os)
 .debug_abbrev  0x0000000000006e4d      0x258 /home/wscullin/collfs/glibc-2.12.2-build/libc_pic.a(getpid.os)
 .debug_abbrev  0x00000000000070a5       0x4d /home/wscullin/collfs/glibc-2.12.2-build/libc_pic.a(environ.os)
 .debug_abbrev  0x00000000000070f2      0x146 /home/wscullin/collfs/glibc-2.12.2-build/libc_pic.a(xstat.os)
 .debug_abbrev  0x0000000000007238      0x13f /home/wscullin/collfs/glibc-2.12.2-build/libc_pic.a(fxstat.os)
 .debug_abbrev  0x0000000000007377       0x14 /home/wscullin/collfs/glibc-2.12.2-build/libc_pic.a(open.os)
 .debug_abbrev  0x000000000000738b       0x14 /home/wscullin/collfs/glibc-2.12.2-build/libc_pic.a(close.os)
 .debug_abbrev  0x000000000000739f       0x14 /home/wscullin/collfs/glibc-2.12.2-build/libc_pic.a(read.os)
 .debug_abbrev  0x00000000000073b3       0x14 /home/wscullin/collfs/glibc-2.12.2-build/libc_pic.a(write.os)
 .debug_abbrev  0x00000000000073c7       0x14 /home/wscullin/collfs/glibc-2.12.2-build/libc_pic.a(access.os)
 .debug_abbrev  0x00000000000073db      0x265 /home/wscullin/collfs/glibc-2.12.2-build/libc_pic.a(fcntl.os)
 .debug_abbrev  0x0000000000007640      0x163 /home/wscullin/collfs/glibc-2.12.2-build/libc_pic.a(getcwd.os)
 .debug_abbrev  0x00000000000077a3      0x232 /home/wscullin/collfs/glibc-2.12.2-build/libc_pic.a(getpagesize.os)
 .debug_abbrev  0x00000000000079d5       0x14 /home/wscullin/collfs/glibc-2.12.2-build/libc_pic.a(mmap.os)
 .debug_abbrev  0x00000000000079e9       0x14 /home/wscullin/collfs/glibc-2.12.2-build/libc_pic.a(munmap.os)
 .debug_abbrev  0x00000000000079fd       0x14 /home/wscullin/collfs/glibc-2.12.2-build/libc_pic.a(mprotect.os)
 .debug_abbrev  0x0000000000007a11       0x14 /home/wscullin/collfs/glibc-2.12.2-build/libc_pic.a(llseek.os)
 .debug_abbrev  0x0000000000007a25      0x22a /home/wscullin/collfs/glibc-2.12.2-build/libc_pic.a(profil.os)
 .debug_abbrev  0x0000000000007c4f      0x13f /home/wscullin/collfs/glibc-2.12.2-build/libc_pic.a(prof-freq.os)
 .debug_abbrev  0x0000000000007d8e      0x272 /home/wscullin/collfs/glibc-2.12.2-build/libc_pic.a(libc-cancellation.os)
 .debug_abbrev  0x0000000000008000       0xf3 /home/wscullin/collfs/glibc-2.12.2-build/libc_pic.a(errno-loc.os)