Archive member included because of file (symbol)

/home/wscullin/collfs/glibc-2.12.2-build/elf/rtld-libc.a(rtld-sysdep.os)
                              /home/wscullin/collfs/glibc-2.12.2-build/elf/dl-allobjs.os (__syscall_error)
/home/wscullin/collfs/glibc-2.12.2-build/elf/rtld-libc.a(rtld-check_fds.os)
                              /home/wscullin/collfs/glibc-2.12.2-build/elf/dl-allobjs.os (__libc_check_standard_fds)
/home/wscullin/collfs/glibc-2.12.2-build/elf/rtld-libc.a(rtld-errno.os)
                              /home/wscullin/collfs/glibc-2.12.2-build/elf/dl-allobjs.os (rtld_errno)
/home/wscullin/collfs/glibc-2.12.2-build/elf/rtld-libc.a(rtld-profil.os)
                              /home/wscullin/collfs/glibc-2.12.2-build/elf/dl-allobjs.os (__profil)
/home/wscullin/collfs/glibc-2.12.2-build/elf/rtld-libc.a(rtld-prof-freq.os)
                              /home/wscullin/collfs/glibc-2.12.2-build/elf/dl-allobjs.os (__profile_frequency)
/home/wscullin/collfs/glibc-2.12.2-build/elf/rtld-libc.a(rtld-xstat.os)
                              /home/wscullin/collfs/glibc-2.12.2-build/elf/dl-allobjs.os (__GI___xstat64)
/home/wscullin/collfs/glibc-2.12.2-build/elf/rtld-libc.a(rtld-fxstat.os)
                              /home/wscullin/collfs/glibc-2.12.2-build/elf/dl-allobjs.os (__GI___fxstat64)
/home/wscullin/collfs/glibc-2.12.2-build/elf/rtld-libc.a(rtld-open.os)
                              /home/wscullin/collfs/glibc-2.12.2-build/elf/dl-allobjs.os (__open)
/home/wscullin/collfs/glibc-2.12.2-build/elf/rtld-libc.a(rtld-close.os)
                              /home/wscullin/collfs/glibc-2.12.2-build/elf/dl-allobjs.os (__close)
/home/wscullin/collfs/glibc-2.12.2-build/elf/rtld-libc.a(rtld-read.os)
                              /home/wscullin/collfs/glibc-2.12.2-build/elf/dl-allobjs.os (__libc_read)
/home/wscullin/collfs/glibc-2.12.2-build/elf/rtld-libc.a(rtld-write.os)
                              /home/wscullin/collfs/glibc-2.12.2-build/elf/dl-allobjs.os (__libc_write)
/home/wscullin/collfs/glibc-2.12.2-build/elf/rtld-libc.a(rtld-access.os)
                              /home/wscullin/collfs/glibc-2.12.2-build/elf/dl-allobjs.os (__access)
/home/wscullin/collfs/glibc-2.12.2-build/elf/rtld-libc.a(rtld-fcntl.os)
                              /home/wscullin/collfs/glibc-2.12.2-build/elf/rtld-libc.a(rtld-check_fds.os) (__libc_fcntl)
/home/wscullin/collfs/glibc-2.12.2-build/elf/rtld-libc.a(rtld-getcwd.os)
                              /home/wscullin/collfs/glibc-2.12.2-build/elf/dl-allobjs.os (__getcwd)
/home/wscullin/collfs/glibc-2.12.2-build/elf/rtld-libc.a(rtld-mmap.os)
                              /home/wscullin/collfs/glibc-2.12.2-build/elf/dl-allobjs.os (__mmap)
/home/wscullin/collfs/glibc-2.12.2-build/elf/rtld-libc.a(rtld-munmap.os)
                              /home/wscullin/collfs/glibc-2.12.2-build/elf/dl-allobjs.os (__munmap)
/home/wscullin/collfs/glibc-2.12.2-build/elf/rtld-libc.a(rtld-mprotect.os)
                              /home/wscullin/collfs/glibc-2.12.2-build/elf/dl-allobjs.os (__mprotect)
/home/wscullin/collfs/glibc-2.12.2-build/elf/rtld-libc.a(rtld-llseek.os)
                              /home/wscullin/collfs/glibc-2.12.2-build/elf/dl-allobjs.os (__lseek)
/home/wscullin/collfs/glibc-2.12.2-build/elf/rtld-libc.a(rtld-uname.os)
                              /home/wscullin/collfs/glibc-2.12.2-build/elf/dl-allobjs.os (__uname)
/home/wscullin/collfs/glibc-2.12.2-build/elf/rtld-libc.a(rtld-_exit.os)
                              /home/wscullin/collfs/glibc-2.12.2-build/elf/dl-allobjs.os (_exit)
/home/wscullin/collfs/glibc-2.12.2-build/elf/rtld-libc.a(rtld-getpid.os)
                              /home/wscullin/collfs/glibc-2.12.2-build/elf/dl-allobjs.os (__getpid)
/home/wscullin/collfs/glibc-2.12.2-build/elf/rtld-libc.a(rtld-environ.os)
                              /home/wscullin/collfs/glibc-2.12.2-build/elf/dl-allobjs.os (__environ)
/home/wscullin/collfs/glibc-2.12.2-build/elf/rtld-libc.a(rtld-setjmp.os)
                              /home/wscullin/collfs/glibc-2.12.2-build/elf/dl-allobjs.os (__sigsetjmp)
/home/wscullin/collfs/glibc-2.12.2-build/elf/rtld-libc.a(rtld-__longjmp.os)
                              /home/wscullin/collfs/glibc-2.12.2-build/elf/dl-allobjs.os (__longjmp)
/home/wscullin/collfs/glibc-2.12.2-build/elf/rtld-libc.a(rtld-sigaction.os)
                              /home/wscullin/collfs/glibc-2.12.2-build/elf/rtld-libc.a(rtld-profil.os) (__sigaction)
/home/wscullin/collfs/glibc-2.12.2-build/elf/rtld-libc.a(rtld-strchr.os)
                              /home/wscullin/collfs/glibc-2.12.2-build/elf/dl-allobjs.os (strchr)
/home/wscullin/collfs/glibc-2.12.2-build/elf/rtld-libc.a(rtld-strcmp.os)
                              /home/wscullin/collfs/glibc-2.12.2-build/elf/dl-allobjs.os (strcmp)
/home/wscullin/collfs/glibc-2.12.2-build/elf/rtld-libc.a(rtld-strcpy.os)
                              /home/wscullin/collfs/glibc-2.12.2-build/elf/dl-allobjs.os (strcpy)
/home/wscullin/collfs/glibc-2.12.2-build/elf/rtld-libc.a(rtld-strlen.os)
                              /home/wscullin/collfs/glibc-2.12.2-build/elf/dl-allobjs.os (strlen)
/home/wscullin/collfs/glibc-2.12.2-build/elf/rtld-libc.a(rtld-strnlen.os)
                              /home/wscullin/collfs/glibc-2.12.2-build/elf/dl-allobjs.os (strnlen)
/home/wscullin/collfs/glibc-2.12.2-build/elf/rtld-libc.a(rtld-strncmp.os)
                              /home/wscullin/collfs/glibc-2.12.2-build/elf/dl-allobjs.os (strncmp)
/home/wscullin/collfs/glibc-2.12.2-build/elf/rtld-libc.a(rtld-memchr.os)
                              /home/wscullin/collfs/glibc-2.12.2-build/elf/dl-allobjs.os (memchr)
/home/wscullin/collfs/glibc-2.12.2-build/elf/rtld-libc.a(rtld-memcmp.os)
                              /home/wscullin/collfs/glibc-2.12.2-build/elf/dl-allobjs.os (memcmp)
/home/wscullin/collfs/glibc-2.12.2-build/elf/rtld-libc.a(rtld-memmove.os)
                              /home/wscullin/collfs/glibc-2.12.2-build/elf/dl-allobjs.os (memmove)
/home/wscullin/collfs/glibc-2.12.2-build/elf/rtld-libc.a(rtld-memset.os)
                              /home/wscullin/collfs/glibc-2.12.2-build/elf/dl-allobjs.os (memset)
/home/wscullin/collfs/glibc-2.12.2-build/elf/rtld-libc.a(rtld-mempcpy.os)
                              /home/wscullin/collfs/glibc-2.12.2-build/elf/dl-allobjs.os (mempcpy)
/home/wscullin/collfs/glibc-2.12.2-build/elf/rtld-libc.a(rtld-stpcpy.os)
                              /home/wscullin/collfs/glibc-2.12.2-build/elf/dl-allobjs.os (stpcpy)
/home/wscullin/collfs/glibc-2.12.2-build/elf/rtld-libc.a(rtld-memcpy.os)
                              /home/wscullin/collfs/glibc-2.12.2-build/elf/dl-allobjs.os (memcpy)
/home/wscullin/collfs/glibc-2.12.2-build/elf/rtld-libc.a(rtld-wordcopy.os)
                              /home/wscullin/collfs/glibc-2.12.2-build/elf/rtld-libc.a(rtld-memmove.os) (_wordcopy_fwd_aligned)
/home/wscullin/collfs/glibc-2.12.2-build/elf/rtld-libc.a(rtld-rawmemchr.os)
                              /home/wscullin/collfs/glibc-2.12.2-build/elf/dl-allobjs.os (rawmemchr)
/home/wscullin/collfs/glibc-2.12.2-build/elf/rtld-libc.a(rtld-setitimer.os)
                              /home/wscullin/collfs/glibc-2.12.2-build/elf/rtld-libc.a(rtld-profil.os) (__setitimer)

Memory Configuration

Name             Origin             Length             Attributes
*default*        0x0000000000000000 0xffffffffffffffff

Linker script and memory map

LOAD /bgsys/drivers/toolchain/V1R1M0-/gnu-linux/lib/gcc/powerpc64-bgq-linux/4.4.6/libgcc_eh.a
LOAD /bgsys/drivers/toolchain/V1R1M0-/gnu-linux/lib/gcc/powerpc64-bgq-linux/4.4.6/libgcc.a
START GROUP
LOAD /home/wscullin/collfs/glibc-2.12.2-build/elf/dl-allobjs.os
LOAD /home/wscullin/collfs/glibc-2.12.2-build/elf/rtld-libc.a
LOAD /bgsys/drivers/toolchain/V1R1M0-/gnu-linux/lib/gcc/powerpc64-bgq-linux/4.4.6/libgcc.a
END GROUP

.interp
 *(.interp)

.note.gnu.build-id
 *(.note.gnu.build-id)

.hash
 *(.hash)

.gnu.hash
 *(.gnu.hash)

.dynsym
 *(.dynsym)

.dynstr
 *(.dynstr)

.gnu.version
 *(.gnu.version)

.gnu.version_d
 *(.gnu.version_d)

.gnu.version_r
 *(.gnu.version_r)

.rela.opd
 *(.rela.opd)

.rela.init
 *(.rela.init)

.rela.text
 *(.rela.text)

.rela.fini
 *(.rela.fini)

.rela.rodata
 *(.rela.rodata)

.rela.data.rel.ro
 *(.rela.data.rel.ro)

.rela.data
 *(.rela.data)

.rela.tdata
 *(.rela.tdata)

.rela.tbss
 *(.rela.tbss)

.rela.ctors
 *(.rela.ctors)

.rela.dtors
 *(.rela.dtors)

.rela.got
 *(.rela.got)

.rela.toc
 *(.rela.toc)

.rela.branch_lt
 *(.rela.branch_lt)

.rela.sdata
 *(.rela.sdata)

.rela.sbss
 *(.rela.sbss)

.rela.sdata2
 *(.rela.sdata2)

.rela.sbss2
 *(.rela.sbss2)

.rela.bss
 *(.rela.bss)

.rela.iplt
 *(.rela.iplt)

.rela.plt
 *(.rela.plt)

.rela.tocbss
 *(.rela.tocbss)

.init
 *(.init)

.text           0x0000000000000000    0x1cf64
 *(.text .stub)
 .text          0x0000000000000000    0x19fb4 /home/wscullin/collfs/glibc-2.12.2-build/elf/dl-allobjs.os
                0x00000000000000a0                ._dl_main_dispatch
 *fill*         0x0000000000019fb4        0xc 60000000
 .text          0x0000000000019fc0       0x1c /home/wscullin/collfs/glibc-2.12.2-build/elf/rtld-libc.a(rtld-sysdep.os)
 *fill*         0x0000000000019fdc        0x4 60000000
 .text          0x0000000000019fe0      0x144 /home/wscullin/collfs/glibc-2.12.2-build/elf/rtld-libc.a(rtld-check_fds.os)
 .text          0x000000000001a124        0x0 /home/wscullin/collfs/glibc-2.12.2-build/elf/rtld-libc.a(rtld-errno.os)
 *fill*         0x000000000001a124        0xc 60000000
 .text          0x000000000001a130      0x328 /home/wscullin/collfs/glibc-2.12.2-build/elf/rtld-libc.a(rtld-profil.os)
 *fill*         0x000000000001a458        0x8 60000000
 .text          0x000000000001a460       0x14 /home/wscullin/collfs/glibc-2.12.2-build/elf/rtld-libc.a(rtld-prof-freq.os)
 *fill*         0x000000000001a474        0xc 60000000
 .text          0x000000000001a480       0x70 /home/wscullin/collfs/glibc-2.12.2-build/elf/rtld-libc.a(rtld-xstat.os)
 .text          0x000000000001a4f0       0x70 /home/wscullin/collfs/glibc-2.12.2-build/elf/rtld-libc.a(rtld-fxstat.os)
 .text          0x000000000001a560       0x30 /home/wscullin/collfs/glibc-2.12.2-build/elf/rtld-libc.a(rtld-open.os)
 .text          0x000000000001a590       0x30 /home/wscullin/collfs/glibc-2.12.2-build/elf/rtld-libc.a(rtld-close.os)
 .text          0x000000000001a5c0       0x30 /home/wscullin/collfs/glibc-2.12.2-build/elf/rtld-libc.a(rtld-read.os)
 .text          0x000000000001a5f0       0x30 /home/wscullin/collfs/glibc-2.12.2-build/elf/rtld-libc.a(rtld-write.os)
 .text          0x000000000001a620       0x2c /home/wscullin/collfs/glibc-2.12.2-build/elf/rtld-libc.a(rtld-access.os)
 *fill*         0x000000000001a64c        0x4 60000000
 .text          0x000000000001a650       0x50 /home/wscullin/collfs/glibc-2.12.2-build/elf/rtld-libc.a(rtld-fcntl.os)
 .text          0x000000000001a6a0       0xb8 /home/wscullin/collfs/glibc-2.12.2-build/elf/rtld-libc.a(rtld-getcwd.os)
 .text          0x000000000001a758       0x28 /home/wscullin/collfs/glibc-2.12.2-build/elf/rtld-libc.a(rtld-mmap.os)
 .text          0x000000000001a780       0x2c /home/wscullin/collfs/glibc-2.12.2-build/elf/rtld-libc.a(rtld-munmap.os)
 .text          0x000000000001a7ac       0x2c /home/wscullin/collfs/glibc-2.12.2-build/elf/rtld-libc.a(rtld-mprotect.os)
 .text          0x000000000001a7d8       0x30 /home/wscullin/collfs/glibc-2.12.2-build/elf/rtld-libc.a(rtld-llseek.os)
 .text          0x000000000001a808       0x2c /home/wscullin/collfs/glibc-2.12.2-build/elf/rtld-libc.a(rtld-uname.os)
 *fill*         0x000000000001a834        0xc 60000000
 .text          0x000000000001a840       0x98 /home/wscullin/collfs/glibc-2.12.2-build/elf/rtld-libc.a(rtld-_exit.os)
 *fill*         0x000000000001a8d8        0x8 60000000
 .text          0x000000000001a8e0       0x20 /home/wscullin/collfs/glibc-2.12.2-build/elf/rtld-libc.a(rtld-getpid.os)
 .text          0x000000000001a900        0x0 /home/wscullin/collfs/glibc-2.12.2-build/elf/rtld-libc.a(rtld-environ.os)
 .text          0x000000000001a900      0x278 /home/wscullin/collfs/glibc-2.12.2-build/elf/rtld-libc.a(rtld-setjmp.os)
 .text          0x000000000001ab78      0x1e8 /home/wscullin/collfs/glibc-2.12.2-build/elf/rtld-libc.a(rtld-__longjmp.os)
 .text          0x000000000001ad60      0x2d0 /home/wscullin/collfs/glibc-2.12.2-build/elf/rtld-libc.a(rtld-sigaction.os)
 .text          0x000000000001b030      0x108 /home/wscullin/collfs/glibc-2.12.2-build/elf/rtld-libc.a(rtld-strchr.os)
 *fill*         0x000000000001b138        0x8 60000000
 .text          0x000000000001b140      0x158 /home/wscullin/collfs/glibc-2.12.2-build/elf/rtld-libc.a(rtld-strcmp.os)
 *fill*         0x000000000001b298        0x8 60000000
 .text          0x000000000001b2a0      0x148 /home/wscullin/collfs/glibc-2.12.2-build/elf/rtld-libc.a(rtld-strcpy.os)
 .text          0x000000000001b3e8       0xe8 /home/wscullin/collfs/glibc-2.12.2-build/elf/rtld-libc.a(rtld-strlen.os)
 .text          0x000000000001b4d0      0x168 /home/wscullin/collfs/glibc-2.12.2-build/elf/rtld-libc.a(rtld-strnlen.os)
 *fill*         0x000000000001b638        0x8 60000000
 .text          0x000000000001b640      0x1b4 /home/wscullin/collfs/glibc-2.12.2-build/elf/rtld-libc.a(rtld-strncmp.os)
 *fill*         0x000000000001b7f4        0xc 60000000
 .text          0x000000000001b800      0x1a4 /home/wscullin/collfs/glibc-2.12.2-build/elf/rtld-libc.a(rtld-memchr.os)
 *fill*         0x000000000001b9a4        0xc 60000000
 .text          0x000000000001b9b0      0x380 /home/wscullin/collfs/glibc-2.12.2-build/elf/rtld-libc.a(rtld-memcmp.os)
 .text          0x000000000001bd30      0x214 /home/wscullin/collfs/glibc-2.12.2-build/elf/rtld-libc.a(rtld-memmove.os)
 *fill*         0x000000000001bf44       0x1c 60000000
 .text          0x000000000001bf60      0x294 /home/wscullin/collfs/glibc-2.12.2-build/elf/rtld-libc.a(rtld-memset.os)
 *fill*         0x000000000001c1f4        0xc 60000000
 .text          0x000000000001c200      0x114 /home/wscullin/collfs/glibc-2.12.2-build/elf/rtld-libc.a(rtld-mempcpy.os)
 *fill*         0x000000000001c314        0xc 60000000
 .text          0x000000000001c320       0xf4 /home/wscullin/collfs/glibc-2.12.2-build/elf/rtld-libc.a(rtld-stpcpy.os)
 *fill*         0x000000000001c414        0xc 60000000
 .text          0x000000000001c420      0x3b4 /home/wscullin/collfs/glibc-2.12.2-build/elf/rtld-libc.a(rtld-memcpy.os)
 *fill*         0x000000000001c7d4        0xc 60000000
 .text          0x000000000001c7e0      0x604 /home/wscullin/collfs/glibc-2.12.2-build/elf/rtld-libc.a(rtld-wordcopy.os)
 *fill*         0x000000000001cde4        0xc 60000000
 .text          0x000000000001cdf0      0x144 /home/wscullin/collfs/glibc-2.12.2-build/elf/rtld-libc.a(rtld-rawmemchr.os)
 .text          0x000000000001cf34       0x30 /home/wscullin/collfs/glibc-2.12.2-build/elf/rtld-libc.a(rtld-setitimer.os)
 *(.gnu.warning)

__libc_freeres_fn
                0x0000000000000000      0x1d0
 __libc_freeres_fn
                0x0000000000000000      0x1d0 /home/wscullin/collfs/glibc-2.12.2-build/elf/dl-allobjs.os

.fini
 *(.fini)

.rodata         0x0000000000000000      0x7d8
 *(.rodata)
 .rodata        0x0000000000000000      0x7d8 /home/wscullin/collfs/glibc-2.12.2-build/elf/dl-allobjs.os
                0x00000000000007c8                _itoa_lower_digits_internal

.rodata.str1.8  0x0000000000000000     0x3951
 .rodata.str1.8
                0x0000000000000000     0x38c6 /home/wscullin/collfs/glibc-2.12.2-build/elf/dl-allobjs.os
 *fill*         0x00000000000038c6        0x2 00
 .rodata.str1.8
                0x00000000000038c8       0x1a /home/wscullin/collfs/glibc-2.12.2-build/elf/rtld-libc.a(rtld-check_fds.os)
 *fill*         0x00000000000038e2        0x6 00
 .rodata.str1.8
                0x00000000000038e8       0x69 /home/wscullin/collfs/glibc-2.12.2-build/elf/rtld-libc.a(rtld-getcwd.os)

.rodata.cst4    0x0000000000000000        0x4
 .rodata.cst4   0x0000000000000000        0x4 /home/wscullin/collfs/glibc-2.12.2-build/elf/dl-allobjs.os

.rodata1
 *(.rodata1)

.sdata2
 *(.sdata2)

.sbss2
 *(.sbss2)

.eh_frame_hdr
 *(.eh_frame_hdr)

.eh_frame       0x0000000000000000      0x5d0
 *(.eh_frame)
 .eh_frame      0x0000000000000000      0x220 /home/wscullin/collfs/glibc-2.12.2-build/elf/dl-allobjs.os
 .eh_frame      0x0000000000000220       0x28 /home/wscullin/collfs/glibc-2.12.2-build/elf/rtld-libc.a(rtld-open.os)
 .eh_frame      0x0000000000000248       0x28 /home/wscullin/collfs/glibc-2.12.2-build/elf/rtld-libc.a(rtld-close.os)
 .eh_frame      0x0000000000000270       0x28 /home/wscullin/collfs/glibc-2.12.2-build/elf/rtld-libc.a(rtld-read.os)
 .eh_frame      0x0000000000000298       0x28 /home/wscullin/collfs/glibc-2.12.2-build/elf/rtld-libc.a(rtld-write.os)
 .eh_frame      0x00000000000002c0       0x28 /home/wscullin/collfs/glibc-2.12.2-build/elf/rtld-libc.a(rtld-access.os)
 .eh_frame      0x00000000000002e8       0x28 /home/wscullin/collfs/glibc-2.12.2-build/elf/rtld-libc.a(rtld-fcntl.os)
 .eh_frame      0x0000000000000310       0x28 /home/wscullin/collfs/glibc-2.12.2-build/elf/rtld-libc.a(rtld-mmap.os)
 .eh_frame      0x0000000000000338       0x28 /home/wscullin/collfs/glibc-2.12.2-build/elf/rtld-libc.a(rtld-munmap.os)
 .eh_frame      0x0000000000000360       0x28 /home/wscullin/collfs/glibc-2.12.2-build/elf/rtld-libc.a(rtld-mprotect.os)
 .eh_frame      0x0000000000000388       0x28 /home/wscullin/collfs/glibc-2.12.2-build/elf/rtld-libc.a(rtld-llseek.os)
 .eh_frame      0x00000000000003b0       0x28 /home/wscullin/collfs/glibc-2.12.2-build/elf/rtld-libc.a(rtld-uname.os)
 .eh_frame      0x00000000000003d8       0x50 /home/wscullin/collfs/glibc-2.12.2-build/elf/rtld-libc.a(rtld-setjmp.os)
 .eh_frame      0x0000000000000428       0x28 /home/wscullin/collfs/glibc-2.12.2-build/elf/rtld-libc.a(rtld-__longjmp.os)
 .eh_frame      0x0000000000000450       0x28 /home/wscullin/collfs/glibc-2.12.2-build/elf/rtld-libc.a(rtld-strchr.os)
 .eh_frame      0x0000000000000478       0x28 /home/wscullin/collfs/glibc-2.12.2-build/elf/rtld-libc.a(rtld-strcmp.os)
 .eh_frame      0x00000000000004a0       0x28 /home/wscullin/collfs/glibc-2.12.2-build/elf/rtld-libc.a(rtld-strcpy.os)
 .eh_frame      0x00000000000004c8       0x28 /home/wscullin/collfs/glibc-2.12.2-build/elf/rtld-libc.a(rtld-strlen.os)
 .eh_frame      0x00000000000004f0       0x28 /home/wscullin/collfs/glibc-2.12.2-build/elf/rtld-libc.a(rtld-strncmp.os)
 .eh_frame      0x0000000000000518       0x40 /home/wscullin/collfs/glibc-2.12.2-build/elf/rtld-libc.a(rtld-memset.os)
 .eh_frame      0x0000000000000558       0x28 /home/wscullin/collfs/glibc-2.12.2-build/elf/rtld-libc.a(rtld-stpcpy.os)
 .eh_frame      0x0000000000000580       0x28 /home/wscullin/collfs/glibc-2.12.2-build/elf/rtld-libc.a(rtld-memcpy.os)
 .eh_frame      0x00000000000005a8       0x28 /home/wscullin/collfs/glibc-2.12.2-build/elf/rtld-libc.a(rtld-setitimer.os)

.gcc_except_table
 *(.gcc_except_table .gcc_except_table.*)

.eh_frame
 *(.eh_frame)

.gcc_except_table
 *(.gcc_except_table .gcc_except_table.*)

.tdata
 *(.tdata)

.tbss
 *(.tbss)

.preinit_array
 *(.preinit_array)

.jcr
 *(.jcr)

.dynamic
 *(.dynamic)

.data           0x0000000000000000        0x0
 *(.data)
 .data          0x0000000000000000        0x0 /home/wscullin/collfs/glibc-2.12.2-build/elf/dl-allobjs.os
 .data          0x0000000000000000        0x0 /home/wscullin/collfs/glibc-2.12.2-build/elf/rtld-libc.a(rtld-sysdep.os)
 .data          0x0000000000000000        0x0 /home/wscullin/collfs/glibc-2.12.2-build/elf/rtld-libc.a(rtld-check_fds.os)
 .data          0x0000000000000000        0x0 /home/wscullin/collfs/glibc-2.12.2-build/elf/rtld-libc.a(rtld-errno.os)
 .data          0x0000000000000000        0x0 /home/wscullin/collfs/glibc-2.12.2-build/elf/rtld-libc.a(rtld-profil.os)
 .data          0x0000000000000000        0x0 /home/wscullin/collfs/glibc-2.12.2-build/elf/rtld-libc.a(rtld-prof-freq.os)
 .data          0x0000000000000000        0x0 /home/wscullin/collfs/glibc-2.12.2-build/elf/rtld-libc.a(rtld-xstat.os)
 .data          0x0000000000000000        0x0 /home/wscullin/collfs/glibc-2.12.2-build/elf/rtld-libc.a(rtld-fxstat.os)
 .data          0x0000000000000000        0x0 /home/wscullin/collfs/glibc-2.12.2-build/elf/rtld-libc.a(rtld-open.os)
 .data          0x0000000000000000        0x0 /home/wscullin/collfs/glibc-2.12.2-build/elf/rtld-libc.a(rtld-close.os)
 .data          0x0000000000000000        0x0 /home/wscullin/collfs/glibc-2.12.2-build/elf/rtld-libc.a(rtld-read.os)
 .data          0x0000000000000000        0x0 /home/wscullin/collfs/glibc-2.12.2-build/elf/rtld-libc.a(rtld-write.os)
 .data          0x0000000000000000        0x0 /home/wscullin/collfs/glibc-2.12.2-build/elf/rtld-libc.a(rtld-access.os)
 .data          0x0000000000000000        0x0 /home/wscullin/collfs/glibc-2.12.2-build/elf/rtld-libc.a(rtld-fcntl.os)
 .data          0x0000000000000000        0x0 /home/wscullin/collfs/glibc-2.12.2-build/elf/rtld-libc.a(rtld-getcwd.os)
 .data          0x0000000000000000        0x0 /home/wscullin/collfs/glibc-2.12.2-build/elf/rtld-libc.a(rtld-mmap.os)
 .data          0x0000000000000000        0x0 /home/wscullin/collfs/glibc-2.12.2-build/elf/rtld-libc.a(rtld-munmap.os)
 .data          0x0000000000000000        0x0 /home/wscullin/collfs/glibc-2.12.2-build/elf/rtld-libc.a(rtld-mprotect.os)
 .data          0x0000000000000000        0x0 /home/wscullin/collfs/glibc-2.12.2-build/elf/rtld-libc.a(rtld-llseek.os)
 .data          0x0000000000000000        0x0 /home/wscullin/collfs/glibc-2.12.2-build/elf/rtld-libc.a(rtld-uname.os)
 .data          0x0000000000000000        0x0 /home/wscullin/collfs/glibc-2.12.2-build/elf/rtld-libc.a(rtld-_exit.os)
 .data          0x0000000000000000        0x0 /home/wscullin/collfs/glibc-2.12.2-build/elf/rtld-libc.a(rtld-getpid.os)
 .data          0x0000000000000000        0x0 /home/wscullin/collfs/glibc-2.12.2-build/elf/rtld-libc.a(rtld-environ.os)
 .data          0x0000000000000000        0x0 /home/wscullin/collfs/glibc-2.12.2-build/elf/rtld-libc.a(rtld-setjmp.os)
 .data          0x0000000000000000        0x0 /home/wscullin/collfs/glibc-2.12.2-build/elf/rtld-libc.a(rtld-__longjmp.os)
 .data          0x0000000000000000        0x0 /home/wscullin/collfs/glibc-2.12.2-build/elf/rtld-libc.a(rtld-sigaction.os)
 .data          0x0000000000000000        0x0 /home/wscullin/collfs/glibc-2.12.2-build/elf/rtld-libc.a(rtld-strchr.os)
 .data          0x0000000000000000        0x0 /home/wscullin/collfs/glibc-2.12.2-build/elf/rtld-libc.a(rtld-strcmp.os)
 .data          0x0000000000000000        0x0 /home/wscullin/collfs/glibc-2.12.2-build/elf/rtld-libc.a(rtld-strcpy.os)
 .data          0x0000000000000000        0x0 /home/wscullin/collfs/glibc-2.12.2-build/elf/rtld-libc.a(rtld-strlen.os)
 .data          0x0000000000000000        0x0 /home/wscullin/collfs/glibc-2.12.2-build/elf/rtld-libc.a(rtld-strnlen.os)
 .data          0x0000000000000000        0x0 /home/wscullin/collfs/glibc-2.12.2-build/elf/rtld-libc.a(rtld-strncmp.os)
 .data          0x0000000000000000        0x0 /home/wscullin/collfs/glibc-2.12.2-build/elf/rtld-libc.a(rtld-memchr.os)
 .data          0x0000000000000000        0x0 /home/wscullin/collfs/glibc-2.12.2-build/elf/rtld-libc.a(rtld-memcmp.os)
 .data          0x0000000000000000        0x0 /home/wscullin/collfs/glibc-2.12.2-build/elf/rtld-libc.a(rtld-memmove.os)
 .data          0x0000000000000000        0x0 /home/wscullin/collfs/glibc-2.12.2-build/elf/rtld-libc.a(rtld-memset.os)
 .data          0x0000000000000000        0x0 /home/wscullin/collfs/glibc-2.12.2-build/elf/rtld-libc.a(rtld-mempcpy.os)
 .data          0x0000000000000000        0x0 /home/wscullin/collfs/glibc-2.12.2-build/elf/rtld-libc.a(rtld-stpcpy.os)
 .data          0x0000000000000000        0x0 /home/wscullin/collfs/glibc-2.12.2-build/elf/rtld-libc.a(rtld-memcpy.os)
 .data          0x0000000000000000        0x0 /home/wscullin/collfs/glibc-2.12.2-build/elf/rtld-libc.a(rtld-wordcopy.os)
 .data          0x0000000000000000        0x0 /home/wscullin/collfs/glibc-2.12.2-build/elf/rtld-libc.a(rtld-rawmemchr.os)
 .data          0x0000000000000000        0x0 /home/wscullin/collfs/glibc-2.12.2-build/elf/rtld-libc.a(rtld-setitimer.os)

.data.rel.ro    0x0000000000000000      0x39c
 .data.rel.ro   0x0000000000000000      0x39c /home/wscullin/collfs/glibc-2.12.2-build/elf/dl-allobjs.os
                0x0000000000000000                _dl_argc
                0x0000000000000018                __pointer_chk_guard_local
                0x0000000000000038                _dl_skip_args
                0x00000000000000c0                _dl_argv_internal
                0x00000000000000c0                _dl_argv
                0x00000000000000c8                _rtld_global_ro
                0x00000000000000c8                _rtld_local_ro
                0x0000000000000368                __stack_prot
                0x0000000000000388                __libc_stack_end
                0x0000000000000388                __GI___libc_stack_end
                0x0000000000000390                _dl_random
                0x0000000000000398                __libc_enable_secure_internal
                0x0000000000000398                __libc_enable_secure

__libc_subfreeres
                0x0000000000000000        0x8
 __libc_subfreeres
                0x0000000000000000        0x8 /home/wscullin/collfs/glibc-2.12.2-build/elf/dl-allobjs.os

.data1
 *(.data1)

.toc1
 *(.toc1)

.opd            0x0000000000000000     0x1230
 *(.opd)
 .opd           0x0000000000000000      0xd68 /home/wscullin/collfs/glibc-2.12.2-build/elf/dl-allobjs.os
                0x0000000000000000                _start
                0x0000000000000018                _dl_start_user
                0x0000000000000030                _dl_initial_error_catch_tsd
                0x0000000000000240                _dl_dst_count
                0x0000000000000318                _dl_dst_substitute
                0x0000000000000378                _dl_map_object
                0x0000000000000390                _dl_init_paths
                0x00000000000003c0                _dl_rtld_di_serinfo
                0x00000000000003d8                _dl_cache_libcmp
                0x00000000000003f0                _dl_unload_cache
                0x0000000000000408                _dl_load_cache_lookup
                0x0000000000000438                _dl_setup_hash
                0x0000000000000480                _dl_lookup_symbol_x
                0x0000000000000498                _dl_add_to_namespace_list
                0x00000000000004b0                _dl_new_object
                0x00000000000004c8                _dl_reloc_bad_type
                0x00000000000004e0                _dl_protect_relro
                0x00000000000004f8                _dl_nothread_init_static_tls
                0x0000000000000510                _dl_try_allocate_static_tls
                0x0000000000000528                _dl_allocate_static_tls
                0x0000000000000540                _dl_relocate_object
                0x0000000000000570                _dl_map_object_deps
                0x00000000000005a0                _dl_call_pltexit
                0x00000000000005b8                _dl_profile_fixup
                0x00000000000005d0                _dl_fixup
                0x00000000000005e8                _dl_receive_error
                0x0000000000000600                _dl_catch_error
                0x0000000000000618                _dl_signal_error
                0x0000000000000630                _dl_signal_cerror
                0x0000000000000660                _dl_init_internal
                0x0000000000000660                _dl_init
                0x0000000000000678                _dl_sort_fini
                0x0000000000000690                _dl_fini
                0x00000000000006a8                _dl_debug_initialize
                0x00000000000006c0                _dl_debug_info_initialize
                0x00000000000006d8                _dl_debug_state
                0x00000000000006d8                __GI__dl_debug_state
                0x00000000000006f0                __GI__dl_debug_fast_state
                0x00000000000006f0                _dl_debug_fast_state
                0x0000000000000708                _dl_debug_event_status
                0x0000000000000720                _dl_debug_disable_events
                0x0000000000000738                _dl_debug_enable_events
                0x0000000000000750                _dl_higher_prime_number
                0x0000000000000768                _dl_name_match_p
                0x0000000000000798                _dl_dprintf
                0x00000000000007b0                _dl_debug_printf_c
                0x00000000000007c8                _dl_debug_printf
                0x00000000000007e0                _dl_sysdep_read_whole_file
                0x0000000000000810                _dl_check_map_versions
                0x0000000000000828                _dl_check_all_versions
                0x0000000000000840                _dl_mcount_internal
                0x0000000000000840                _dl_mcount
                0x0000000000000858                _dl_start_profile
                0x0000000000000870                _dl_resolve_conflicts
                0x0000000000000888                _dl_get_tls_static_info
                0x00000000000008a0                _dl_add_to_slotinfo
                0x00000000000008b8                _dl_tls_get_addr_soft
                0x00000000000008d0                _dl_next_tls_modid
                0x00000000000008e8                __GI__dl_allocate_tls_init
                0x00000000000008e8                _dl_allocate_tls_init
                0x0000000000000930                _dl_deallocate_tls
                0x0000000000000930                __GI__dl_deallocate_tls
                0x0000000000000948                _dl_update_slotinfo
                0x0000000000000960                __tls_get_addr
                0x0000000000000978                _dl_allocate_tls_storage
                0x0000000000000990                __GI__dl_allocate_tls
                0x0000000000000990                _dl_allocate_tls
                0x00000000000009a8                _dl_determine_tlsoffset
                0x00000000000009c0                __GI__dl_tls_setup
                0x00000000000009c0                _dl_tls_setup
                0x00000000000009d8                _dl_get_origin
                0x00000000000009f0                _dl_scope_free
                0x0000000000000a08                _dl_make_stack_executable
                0x0000000000000a08                __GI__dl_make_stack_executable
                0x0000000000000a20                _dl_check_caller
                0x0000000000000a38                _dl_addr_inside_object
                0x0000000000000a50                _dl_open
                0x0000000000000ae0                _dl_close_worker
                0x0000000000000af8                _dl_close
                0x0000000000000b10                _dl_runtime_resolve
                0x0000000000000b28                _dl_profile_resolve
                0x0000000000000b40                _dl_sysdep_start_cleanup
                0x0000000000000b58                _dl_discover_osversion
                0x0000000000000b70                _dl_important_hwcaps
                0x0000000000000b88                _dl_show_auxv
                0x0000000000000ba0                _dl_sysdep_start
                0x0000000000000bb8                unsetenv
                0x0000000000000bd0                _dl_next_ld_env_entry
                0x0000000000000be8                __sigjmp_save
                0x0000000000000c00                __GI___chk_fail
                0x0000000000000c00                __chk_fail
                0x0000000000000c18                __GI___assert_fail
                0x0000000000000c18                __assert_fail
                0x0000000000000c30                __strsep
                0x0000000000000c30                strsep
                0x0000000000000c30                __strsep_g
                0x0000000000000c48                _itoa
                0x0000000000000c60                __strtoul_internal
                0x0000000000000c78                __strerror_r
                0x0000000000000c90                __GI___assert_perror_fail
                0x0000000000000c90                __assert_perror_fail
                0x0000000000000ca8                free
                0x0000000000000cc0                __libc_memalign
                0x0000000000000cd8                malloc
                0x0000000000000cf0                realloc
                0x0000000000000d08                calloc
                0x0000000000000d20                __brk
                0x0000000000000d20                brk
                0x0000000000000d38                sbrk
                0x0000000000000d38                __sbrk
                0x0000000000000d50                _dl_reloc_overflow
 .opd           0x0000000000000d68       0x18 /home/wscullin/collfs/glibc-2.12.2-build/elf/rtld-libc.a(rtld-sysdep.os)
                0x0000000000000d68                __syscall_error
 .opd           0x0000000000000d80       0x30 /home/wscullin/collfs/glibc-2.12.2-build/elf/rtld-libc.a(rtld-check_fds.os)
                0x0000000000000d98                __libc_check_standard_fds
 .opd           0x0000000000000db0       0x78 /home/wscullin/collfs/glibc-2.12.2-build/elf/rtld-libc.a(rtld-profil.os)
                0x0000000000000de0                __thdprofil
                0x0000000000000de0                thdprofil
                0x0000000000000df8                __bgprofil
                0x0000000000000df8                bgprofil
                0x0000000000000e10                __profil
                0x0000000000000e10                profil
 .opd           0x0000000000000e28       0x18 /home/wscullin/collfs/glibc-2.12.2-build/elf/rtld-libc.a(rtld-prof-freq.os)
                0x0000000000000e28                __profile_frequency
 .opd           0x0000000000000e40       0x18 /home/wscullin/collfs/glibc-2.12.2-build/elf/rtld-libc.a(rtld-xstat.os)
                0x0000000000000e40                _xstat
                0x0000000000000e40                __xstat64
                0x0000000000000e40                __GI___xstat64
                0x0000000000000e40                __GI___xstat
                0x0000000000000e40                __xstat
 .opd           0x0000000000000e58       0x18 /home/wscullin/collfs/glibc-2.12.2-build/elf/rtld-libc.a(rtld-fxstat.os)
                0x0000000000000e58                __GI___fxstat
                0x0000000000000e58                __GI___fxstat64
                0x0000000000000e58                __fxstat64
                0x0000000000000e58                _fxstat
                0x0000000000000e58                __fxstat
 .opd           0x0000000000000e70       0x18 /home/wscullin/collfs/glibc-2.12.2-build/elf/rtld-libc.a(rtld-open.os)
                0x0000000000000e70                __open
                0x0000000000000e70                __libc_open
                0x0000000000000e70                open64
                0x0000000000000e70                open
                0x0000000000000e70                __open64
 .opd           0x0000000000000e88       0x18 /home/wscullin/collfs/glibc-2.12.2-build/elf/rtld-libc.a(rtld-close.os)
                0x0000000000000e88                __libc_close
                0x0000000000000e88                __close
                0x0000000000000e88                close
 .opd           0x0000000000000ea0       0x18 /home/wscullin/collfs/glibc-2.12.2-build/elf/rtld-libc.a(rtld-read.os)
                0x0000000000000ea0                __read
                0x0000000000000ea0                __libc_read
                0x0000000000000ea0                read
 .opd           0x0000000000000eb8       0x18 /home/wscullin/collfs/glibc-2.12.2-build/elf/rtld-libc.a(rtld-write.os)
                0x0000000000000eb8                __write
                0x0000000000000eb8                write
                0x0000000000000eb8                __libc_write
 .opd           0x0000000000000ed0       0x18 /home/wscullin/collfs/glibc-2.12.2-build/elf/rtld-libc.a(rtld-access.os)
                0x0000000000000ed0                access
                0x0000000000000ed0                __access
 .opd           0x0000000000000ee8       0x18 /home/wscullin/collfs/glibc-2.12.2-build/elf/rtld-libc.a(rtld-fcntl.os)
                0x0000000000000ee8                __libc_fcntl
                0x0000000000000ee8                __fcntl
                0x0000000000000ee8                fcntl
 .opd           0x0000000000000f00       0x18 /home/wscullin/collfs/glibc-2.12.2-build/elf/rtld-libc.a(rtld-getcwd.os)
                0x0000000000000f00                __getcwd
                0x0000000000000f00                getcwd
 .opd           0x0000000000000f18       0x18 /home/wscullin/collfs/glibc-2.12.2-build/elf/rtld-libc.a(rtld-mmap.os)
                0x0000000000000f18                __mmap
                0x0000000000000f18                mmap
                0x0000000000000f18                __mmap64
                0x0000000000000f18                mmap64
 .opd           0x0000000000000f30       0x18 /home/wscullin/collfs/glibc-2.12.2-build/elf/rtld-libc.a(rtld-munmap.os)
                0x0000000000000f30                munmap
                0x0000000000000f30                __munmap
 .opd           0x0000000000000f48       0x18 /home/wscullin/collfs/glibc-2.12.2-build/elf/rtld-libc.a(rtld-mprotect.os)
                0x0000000000000f48                __mprotect
                0x0000000000000f48                mprotect
 .opd           0x0000000000000f60       0x18 /home/wscullin/collfs/glibc-2.12.2-build/elf/rtld-libc.a(rtld-llseek.os)
                0x0000000000000f60                __llseek
                0x0000000000000f60                __lseek64
                0x0000000000000f60                lseek
                0x0000000000000f60                __libc_lseek64
                0x0000000000000f60                llseek
                0x0000000000000f60                __lseek
                0x0000000000000f60                __libc_lseek
                0x0000000000000f60                lseek64
 .opd           0x0000000000000f78       0x18 /home/wscullin/collfs/glibc-2.12.2-build/elf/rtld-libc.a(rtld-uname.os)
                0x0000000000000f78                uname
                0x0000000000000f78                __uname
 .opd           0x0000000000000f90       0x18 /home/wscullin/collfs/glibc-2.12.2-build/elf/rtld-libc.a(rtld-_exit.os)
                0x0000000000000f90                _Exit
                0x0000000000000f90                _exit
 .opd           0x0000000000000fa8       0x18 /home/wscullin/collfs/glibc-2.12.2-build/elf/rtld-libc.a(rtld-getpid.os)
                0x0000000000000fa8                __getpid
                0x0000000000000fa8                getpid
 .opd           0x0000000000000fc0       0x48 /home/wscullin/collfs/glibc-2.12.2-build/elf/rtld-libc.a(rtld-setjmp.os)
                0x0000000000000fc0                setjmp
                0x0000000000000fd8                _setjmp
                0x0000000000000ff0                __sigsetjmp
 .opd           0x0000000000001008       0x18 /home/wscullin/collfs/glibc-2.12.2-build/elf/rtld-libc.a(rtld-__longjmp.os)
                0x0000000000001008                __longjmp
 .opd           0x0000000000001020       0x30 /home/wscullin/collfs/glibc-2.12.2-build/elf/rtld-libc.a(rtld-sigaction.os)
                0x0000000000001020                __libc_sigaction
                0x0000000000001038                sigaction
                0x0000000000001038                __sigaction
 .opd           0x0000000000001050       0x18 /home/wscullin/collfs/glibc-2.12.2-build/elf/rtld-libc.a(rtld-strchr.os)
                0x0000000000001050                index
                0x0000000000001050                strchr
 .opd           0x0000000000001068       0x18 /home/wscullin/collfs/glibc-2.12.2-build/elf/rtld-libc.a(rtld-strcmp.os)
                0x0000000000001068                strcmp
 .opd           0x0000000000001080       0x18 /home/wscullin/collfs/glibc-2.12.2-build/elf/rtld-libc.a(rtld-strcpy.os)
                0x0000000000001080                strcpy
 .opd           0x0000000000001098       0x18 /home/wscullin/collfs/glibc-2.12.2-build/elf/rtld-libc.a(rtld-strlen.os)
                0x0000000000001098                strlen
 .opd           0x00000000000010b0       0x18 /home/wscullin/collfs/glibc-2.12.2-build/elf/rtld-libc.a(rtld-strnlen.os)
                0x00000000000010b0                __strnlen
                0x00000000000010b0                strnlen
 .opd           0x00000000000010c8       0x18 /home/wscullin/collfs/glibc-2.12.2-build/elf/rtld-libc.a(rtld-strncmp.os)
                0x00000000000010c8                strncmp
 .opd           0x00000000000010e0       0x18 /home/wscullin/collfs/glibc-2.12.2-build/elf/rtld-libc.a(rtld-memchr.os)
                0x00000000000010e0                memchr
                0x00000000000010e0                __memchr
 .opd           0x00000000000010f8       0x18 /home/wscullin/collfs/glibc-2.12.2-build/elf/rtld-libc.a(rtld-memcmp.os)
                0x00000000000010f8                bcmp
                0x00000000000010f8                memcmp
 .opd           0x0000000000001110       0x18 /home/wscullin/collfs/glibc-2.12.2-build/elf/rtld-libc.a(rtld-memmove.os)
                0x0000000000001110                memmove
 .opd           0x0000000000001128       0x30 /home/wscullin/collfs/glibc-2.12.2-build/elf/rtld-libc.a(rtld-memset.os)
                0x0000000000001128                memset
                0x0000000000001140                __bzero
                0x0000000000001140                bzero
 .opd           0x0000000000001158       0x18 /home/wscullin/collfs/glibc-2.12.2-build/elf/rtld-libc.a(rtld-mempcpy.os)
                0x0000000000001158                mempcpy
                0x0000000000001158                __mempcpy
 .opd           0x0000000000001170       0x18 /home/wscullin/collfs/glibc-2.12.2-build/elf/rtld-libc.a(rtld-stpcpy.os)
                0x0000000000001170                stpcpy
                0x0000000000001170                __stpcpy
 .opd           0x0000000000001188       0x18 /home/wscullin/collfs/glibc-2.12.2-build/elf/rtld-libc.a(rtld-memcpy.os)
                0x0000000000001188                memcpy
 .opd           0x00000000000011a0       0x60 /home/wscullin/collfs/glibc-2.12.2-build/elf/rtld-libc.a(rtld-wordcopy.os)
                0x00000000000011a0                _wordcopy_fwd_aligned
                0x00000000000011b8                _wordcopy_fwd_dest_aligned
                0x00000000000011d0                _wordcopy_bwd_aligned
                0x00000000000011e8                _wordcopy_bwd_dest_aligned
 .opd           0x0000000000001200       0x18 /home/wscullin/collfs/glibc-2.12.2-build/elf/rtld-libc.a(rtld-rawmemchr.os)
                0x0000000000001200                __rawmemchr
                0x0000000000001200                rawmemchr
 .opd           0x0000000000001218       0x18 /home/wscullin/collfs/glibc-2.12.2-build/elf/rtld-libc.a(rtld-setitimer.os)
                0x0000000000001218                setitimer
                0x0000000000001218                __setitimer

.branch_lt
 *(.branch_lt)

.got
 *(.got)

.toc            0x0000000000000000     0x1458
 *(.toc)
 .toc           0x0000000000000000     0x1378 /home/wscullin/collfs/glibc-2.12.2-build/elf/dl-allobjs.os
 .toc           0x0000000000001378        0x8 /home/wscullin/collfs/glibc-2.12.2-build/elf/rtld-libc.a(rtld-sysdep.os)
 .toc           0x0000000000001380       0x18 /home/wscullin/collfs/glibc-2.12.2-build/elf/rtld-libc.a(rtld-check_fds.os)
 .toc           0x0000000000001398        0x0 /home/wscullin/collfs/glibc-2.12.2-build/elf/rtld-libc.a(rtld-errno.os)
 .toc           0x0000000000001398       0x18 /home/wscullin/collfs/glibc-2.12.2-build/elf/rtld-libc.a(rtld-profil.os)
 .toc           0x00000000000013b0        0x0 /home/wscullin/collfs/glibc-2.12.2-build/elf/rtld-libc.a(rtld-prof-freq.os)
 .toc           0x00000000000013b0        0x8 /home/wscullin/collfs/glibc-2.12.2-build/elf/rtld-libc.a(rtld-xstat.os)
 .toc           0x00000000000013b8        0x8 /home/wscullin/collfs/glibc-2.12.2-build/elf/rtld-libc.a(rtld-fxstat.os)
 .toc           0x00000000000013c0        0x8 /home/wscullin/collfs/glibc-2.12.2-build/elf/rtld-libc.a(rtld-fcntl.os)
 .toc           0x00000000000013c8       0x20 /home/wscullin/collfs/glibc-2.12.2-build/elf/rtld-libc.a(rtld-getcwd.os)
 .toc           0x00000000000013e8        0x8 /home/wscullin/collfs/glibc-2.12.2-build/elf/rtld-libc.a(rtld-_exit.os)
 .toc           0x00000000000013f0        0x0 /home/wscullin/collfs/glibc-2.12.2-build/elf/rtld-libc.a(rtld-getpid.os)
 .toc           0x00000000000013f0        0x0 /home/wscullin/collfs/glibc-2.12.2-build/elf/rtld-libc.a(rtld-environ.os)
 .toc           0x00000000000013f0        0x8 /home/wscullin/collfs/glibc-2.12.2-build/elf/rtld-libc.a(rtld-setjmp.os)
 .toc           0x00000000000013f8        0x8 /home/wscullin/collfs/glibc-2.12.2-build/elf/rtld-libc.a(rtld-__longjmp.os)
 .toc           0x0000000000001400       0x10 /home/wscullin/collfs/glibc-2.12.2-build/elf/rtld-libc.a(rtld-sigaction.os)
 .toc           0x0000000000001410       0x10 /home/wscullin/collfs/glibc-2.12.2-build/elf/rtld-libc.a(rtld-strnlen.os)
 .toc           0x0000000000001420       0x10 /home/wscullin/collfs/glibc-2.12.2-build/elf/rtld-libc.a(rtld-memchr.os)
 .toc           0x0000000000001430        0x0 /home/wscullin/collfs/glibc-2.12.2-build/elf/rtld-libc.a(rtld-memcmp.os)
 .toc           0x0000000000001430        0x0 /home/wscullin/collfs/glibc-2.12.2-build/elf/rtld-libc.a(rtld-memmove.os)
 .toc           0x0000000000001430        0x8 /home/wscullin/collfs/glibc-2.12.2-build/elf/rtld-libc.a(rtld-memset.os)
 .toc           0x0000000000001438        0x0 /home/wscullin/collfs/glibc-2.12.2-build/elf/rtld-libc.a(rtld-mempcpy.os)
 .toc           0x0000000000001438       0x10 /home/wscullin/collfs/glibc-2.12.2-build/elf/rtld-libc.a(rtld-wordcopy.os)
 .toc           0x0000000000001448       0x10 /home/wscullin/collfs/glibc-2.12.2-build/elf/rtld-libc.a(rtld-rawmemchr.os)

.sdata          0x0000000000000000      0xf78
 *(.sdata)
 .sdata         0x0000000000000000      0xf78 /home/wscullin/collfs/glibc-2.12.2-build/elf/dl-allobjs.os
                0x0000000000000000                _rtld_global
                0x0000000000000000                _rtld_local

.sbss
 *(.dynsbss)
 *(.sbss)
 *(.scommon)

.plt
 *(.plt)

.iplt
 *(.iplt)

.bss            0x0000000000000000      0x180
 *(.dynbss)
 *(.bss)
 .bss           0x0000000000000000      0x140 /home/wscullin/collfs/glibc-2.12.2-build/elf/dl-allobjs.os
                0x0000000000000068                _dl_collfs_api
                0x0000000000000124                __libc_multiple_libcs
 .bss           0x0000000000000140        0x0 /home/wscullin/collfs/glibc-2.12.2-build/elf/rtld-libc.a(rtld-sysdep.os)
 .bss           0x0000000000000140        0x0 /home/wscullin/collfs/glibc-2.12.2-build/elf/rtld-libc.a(rtld-check_fds.os)
 .bss           0x0000000000000140        0x0 /home/wscullin/collfs/glibc-2.12.2-build/elf/rtld-libc.a(rtld-errno.os)
 .bss           0x0000000000000140       0x34 /home/wscullin/collfs/glibc-2.12.2-build/elf/rtld-libc.a(rtld-profil.os)
 .bss           0x0000000000000174        0x0 /home/wscullin/collfs/glibc-2.12.2-build/elf/rtld-libc.a(rtld-prof-freq.os)
 .bss           0x0000000000000174        0x0 /home/wscullin/collfs/glibc-2.12.2-build/elf/rtld-libc.a(rtld-xstat.os)
 .bss           0x0000000000000174        0x0 /home/wscullin/collfs/glibc-2.12.2-build/elf/rtld-libc.a(rtld-fxstat.os)
 .bss           0x0000000000000174        0x0 /home/wscullin/collfs/glibc-2.12.2-build/elf/rtld-libc.a(rtld-open.os)
 .bss           0x0000000000000174        0x0 /home/wscullin/collfs/glibc-2.12.2-build/elf/rtld-libc.a(rtld-close.os)
 .bss           0x0000000000000174        0x0 /home/wscullin/collfs/glibc-2.12.2-build/elf/rtld-libc.a(rtld-read.os)
 .bss           0x0000000000000174        0x0 /home/wscullin/collfs/glibc-2.12.2-build/elf/rtld-libc.a(rtld-write.os)
 .bss           0x0000000000000174        0x0 /home/wscullin/collfs/glibc-2.12.2-build/elf/rtld-libc.a(rtld-access.os)
 .bss           0x0000000000000174        0x0 /home/wscullin/collfs/glibc-2.12.2-build/elf/rtld-libc.a(rtld-fcntl.os)
 .bss           0x0000000000000174        0x0 /home/wscullin/collfs/glibc-2.12.2-build/elf/rtld-libc.a(rtld-getcwd.os)
 .bss           0x0000000000000174        0x0 /home/wscullin/collfs/glibc-2.12.2-build/elf/rtld-libc.a(rtld-mmap.os)
 .bss           0x0000000000000174        0x0 /home/wscullin/collfs/glibc-2.12.2-build/elf/rtld-libc.a(rtld-munmap.os)
 .bss           0x0000000000000174        0x0 /home/wscullin/collfs/glibc-2.12.2-build/elf/rtld-libc.a(rtld-mprotect.os)
 .bss           0x0000000000000174        0x0 /home/wscullin/collfs/glibc-2.12.2-build/elf/rtld-libc.a(rtld-llseek.os)
 .bss           0x0000000000000174        0x0 /home/wscullin/collfs/glibc-2.12.2-build/elf/rtld-libc.a(rtld-uname.os)
 .bss           0x0000000000000174        0x0 /home/wscullin/collfs/glibc-2.12.2-build/elf/rtld-libc.a(rtld-_exit.os)
 .bss           0x0000000000000174        0x0 /home/wscullin/collfs/glibc-2.12.2-build/elf/rtld-libc.a(rtld-getpid.os)
 *fill*         0x0000000000000174        0x4 00
 .bss           0x0000000000000178        0x8 /home/wscullin/collfs/glibc-2.12.2-build/elf/rtld-libc.a(rtld-environ.os)
                0x0000000000000178                _environ
                0x0000000000000178                __environ
                0x0000000000000178                environ
 .bss           0x0000000000000180        0x0 /home/wscullin/collfs/glibc-2.12.2-build/elf/rtld-libc.a(rtld-setjmp.os)
 .bss           0x0000000000000180        0x0 /home/wscullin/collfs/glibc-2.12.2-build/elf/rtld-libc.a(rtld-__longjmp.os)
 .bss           0x0000000000000180        0x0 /home/wscullin/collfs/glibc-2.12.2-build/elf/rtld-libc.a(rtld-sigaction.os)
 .bss           0x0000000000000180        0x0 /home/wscullin/collfs/glibc-2.12.2-build/elf/rtld-libc.a(rtld-strchr.os)
 .bss           0x0000000000000180        0x0 /home/wscullin/collfs/glibc-2.12.2-build/elf/rtld-libc.a(rtld-strcmp.os)
 .bss           0x0000000000000180        0x0 /home/wscullin/collfs/glibc-2.12.2-build/elf/rtld-libc.a(rtld-strcpy.os)
 .bss           0x0000000000000180        0x0 /home/wscullin/collfs/glibc-2.12.2-build/elf/rtld-libc.a(rtld-strlen.os)
 .bss           0x0000000000000180        0x0 /home/wscullin/collfs/glibc-2.12.2-build/elf/rtld-libc.a(rtld-strnlen.os)
 .bss           0x0000000000000180        0x0 /home/wscullin/collfs/glibc-2.12.2-build/elf/rtld-libc.a(rtld-strncmp.os)
 .bss           0x0000000000000180        0x0 /home/wscullin/collfs/glibc-2.12.2-build/elf/rtld-libc.a(rtld-memchr.os)
 .bss           0x0000000000000180        0x0 /home/wscullin/collfs/glibc-2.12.2-build/elf/rtld-libc.a(rtld-memcmp.os)
 .bss           0x0000000000000180        0x0 /home/wscullin/collfs/glibc-2.12.2-build/elf/rtld-libc.a(rtld-memmove.os)
 .bss           0x0000000000000180        0x0 /home/wscullin/collfs/glibc-2.12.2-build/elf/rtld-libc.a(rtld-memset.os)
 .bss           0x0000000000000180        0x0 /home/wscullin/collfs/glibc-2.12.2-build/elf/rtld-libc.a(rtld-mempcpy.os)
 .bss           0x0000000000000180        0x0 /home/wscullin/collfs/glibc-2.12.2-build/elf/rtld-libc.a(rtld-stpcpy.os)
 .bss           0x0000000000000180        0x0 /home/wscullin/collfs/glibc-2.12.2-build/elf/rtld-libc.a(rtld-memcpy.os)
 .bss           0x0000000000000180        0x0 /home/wscullin/collfs/glibc-2.12.2-build/elf/rtld-libc.a(rtld-wordcopy.os)
 .bss           0x0000000000000180        0x0 /home/wscullin/collfs/glibc-2.12.2-build/elf/rtld-libc.a(rtld-rawmemchr.os)
 .bss           0x0000000000000180        0x0 /home/wscullin/collfs/glibc-2.12.2-build/elf/rtld-libc.a(rtld-setitimer.os)
 *(COMMON)
 COMMON         0x0000000000000180        0x0 /home/wscullin/collfs/glibc-2.12.2-build/elf/dl-allobjs.os
 COMMON         0x0000000000000180        0x0 /home/wscullin/collfs/glibc-2.12.2-build/elf/rtld-libc.a(rtld-errno.os)
 COMMON         0x0000000000000180        0x0 /home/wscullin/collfs/glibc-2.12.2-build/elf/rtld-libc.a(rtld-sigaction.os)

.stab
 *(.stab)

.stabstr
 *(.stabstr)

.stab.excl
 *(.stab.excl)

.stab.exclstr
 *(.stab.exclstr)

.stab.index
 *(.stab.index)

.stab.indexstr
 *(.stab.indexstr)

.comment        0x0000000000000000      0x600
 *(.comment)
 .comment       0x0000000000000000      0x380 /home/wscullin/collfs/glibc-2.12.2-build/elf/dl-allobjs.os
 .comment       0x0000000000000380       0x20 /home/wscullin/collfs/glibc-2.12.2-build/elf/rtld-libc.a(rtld-sysdep.os)
 .comment       0x00000000000003a0       0x20 /home/wscullin/collfs/glibc-2.12.2-build/elf/rtld-libc.a(rtld-check_fds.os)
 .comment       0x00000000000003c0       0x20 /home/wscullin/collfs/glibc-2.12.2-build/elf/rtld-libc.a(rtld-errno.os)
 .comment       0x00000000000003e0       0x20 /home/wscullin/collfs/glibc-2.12.2-build/elf/rtld-libc.a(rtld-profil.os)
 .comment       0x0000000000000400       0x20 /home/wscullin/collfs/glibc-2.12.2-build/elf/rtld-libc.a(rtld-prof-freq.os)
 .comment       0x0000000000000420       0x20 /home/wscullin/collfs/glibc-2.12.2-build/elf/rtld-libc.a(rtld-xstat.os)
 .comment       0x0000000000000440       0x20 /home/wscullin/collfs/glibc-2.12.2-build/elf/rtld-libc.a(rtld-fxstat.os)
 .comment       0x0000000000000460       0x20 /home/wscullin/collfs/glibc-2.12.2-build/elf/rtld-libc.a(rtld-fcntl.os)
 .comment       0x0000000000000480       0x20 /home/wscullin/collfs/glibc-2.12.2-build/elf/rtld-libc.a(rtld-getcwd.os)
 .comment       0x00000000000004a0       0x20 /home/wscullin/collfs/glibc-2.12.2-build/elf/rtld-libc.a(rtld-_exit.os)
 .comment       0x00000000000004c0       0x20 /home/wscullin/collfs/glibc-2.12.2-build/elf/rtld-libc.a(rtld-getpid.os)
 .comment       0x00000000000004e0       0x20 /home/wscullin/collfs/glibc-2.12.2-build/elf/rtld-libc.a(rtld-environ.os)
 .comment       0x0000000000000500       0x20 /home/wscullin/collfs/glibc-2.12.2-build/elf/rtld-libc.a(rtld-sigaction.os)
 .comment       0x0000000000000520       0x20 /home/wscullin/collfs/glibc-2.12.2-build/elf/rtld-libc.a(rtld-strnlen.os)
 .comment       0x0000000000000540       0x20 /home/wscullin/collfs/glibc-2.12.2-build/elf/rtld-libc.a(rtld-memchr.os)
 .comment       0x0000000000000560       0x20 /home/wscullin/collfs/glibc-2.12.2-build/elf/rtld-libc.a(rtld-memcmp.os)
 .comment       0x0000000000000580       0x20 /home/wscullin/collfs/glibc-2.12.2-build/elf/rtld-libc.a(rtld-memmove.os)
 .comment       0x00000000000005a0       0x20 /home/wscullin/collfs/glibc-2.12.2-build/elf/rtld-libc.a(rtld-mempcpy.os)
 .comment       0x00000000000005c0       0x20 /home/wscullin/collfs/glibc-2.12.2-build/elf/rtld-libc.a(rtld-wordcopy.os)
 .comment       0x00000000000005e0       0x20 /home/wscullin/collfs/glibc-2.12.2-build/elf/rtld-libc.a(rtld-rawmemchr.os)

.debug
 *(.debug)

.line
 *(.line)

.debug_srcinfo
 *(.debug_srcinfo)

.debug_sfnames
 *(.debug_sfnames)

.debug_aranges  0x0000000000000000      0xd10
 *(.debug_aranges)
 .debug_aranges
                0x0000000000000000      0x5c0 /home/wscullin/collfs/glibc-2.12.2-build/elf/dl-allobjs.os
 .debug_aranges
                0x00000000000005c0       0x30 /home/wscullin/collfs/glibc-2.12.2-build/elf/rtld-libc.a(rtld-sysdep.os)
 .debug_aranges
                0x00000000000005f0       0x30 /home/wscullin/collfs/glibc-2.12.2-build/elf/rtld-libc.a(rtld-check_fds.os)
 .debug_aranges
                0x0000000000000620       0x30 /home/wscullin/collfs/glibc-2.12.2-build/elf/rtld-libc.a(rtld-profil.os)
 .debug_aranges
                0x0000000000000650       0x30 /home/wscullin/collfs/glibc-2.12.2-build/elf/rtld-libc.a(rtld-prof-freq.os)
 .debug_aranges
                0x0000000000000680       0x30 /home/wscullin/collfs/glibc-2.12.2-build/elf/rtld-libc.a(rtld-xstat.os)
 .debug_aranges
                0x00000000000006b0       0x30 /home/wscullin/collfs/glibc-2.12.2-build/elf/rtld-libc.a(rtld-fxstat.os)
 .debug_aranges
                0x00000000000006e0       0x30 /home/wscullin/collfs/glibc-2.12.2-build/elf/rtld-libc.a(rtld-open.os)
 .debug_aranges
                0x0000000000000710       0x30 /home/wscullin/collfs/glibc-2.12.2-build/elf/rtld-libc.a(rtld-close.os)
 .debug_aranges
                0x0000000000000740       0x30 /home/wscullin/collfs/glibc-2.12.2-build/elf/rtld-libc.a(rtld-read.os)
 .debug_aranges
                0x0000000000000770       0x30 /home/wscullin/collfs/glibc-2.12.2-build/elf/rtld-libc.a(rtld-write.os)
 .debug_aranges
                0x00000000000007a0       0x30 /home/wscullin/collfs/glibc-2.12.2-build/elf/rtld-libc.a(rtld-access.os)
 .debug_aranges
                0x00000000000007d0       0x30 /home/wscullin/collfs/glibc-2.12.2-build/elf/rtld-libc.a(rtld-fcntl.os)
 .debug_aranges
                0x0000000000000800       0x30 /home/wscullin/collfs/glibc-2.12.2-build/elf/rtld-libc.a(rtld-getcwd.os)
 .debug_aranges
                0x0000000000000830       0x30 /home/wscullin/collfs/glibc-2.12.2-build/elf/rtld-libc.a(rtld-mmap.os)
 .debug_aranges
                0x0000000000000860       0x30 /home/wscullin/collfs/glibc-2.12.2-build/elf/rtld-libc.a(rtld-munmap.os)
 .debug_aranges
                0x0000000000000890       0x30 /home/wscullin/collfs/glibc-2.12.2-build/elf/rtld-libc.a(rtld-mprotect.os)
 .debug_aranges
                0x00000000000008c0       0x30 /home/wscullin/collfs/glibc-2.12.2-build/elf/rtld-libc.a(rtld-llseek.os)
 .debug_aranges
                0x00000000000008f0       0x30 /home/wscullin/collfs/glibc-2.12.2-build/elf/rtld-libc.a(rtld-uname.os)
 .debug_aranges
                0x0000000000000920       0x30 /home/wscullin/collfs/glibc-2.12.2-build/elf/rtld-libc.a(rtld-_exit.os)
 .debug_aranges
                0x0000000000000950       0x30 /home/wscullin/collfs/glibc-2.12.2-build/elf/rtld-libc.a(rtld-getpid.os)
 .debug_aranges
                0x0000000000000980       0x30 /home/wscullin/collfs/glibc-2.12.2-build/elf/rtld-libc.a(rtld-setjmp.os)
 .debug_aranges
                0x00000000000009b0       0x30 /home/wscullin/collfs/glibc-2.12.2-build/elf/rtld-libc.a(rtld-__longjmp.os)
 .debug_aranges
                0x00000000000009e0       0x30 /home/wscullin/collfs/glibc-2.12.2-build/elf/rtld-libc.a(rtld-sigaction.os)
 .debug_aranges
                0x0000000000000a10       0x30 /home/wscullin/collfs/glibc-2.12.2-build/elf/rtld-libc.a(rtld-strchr.os)
 .debug_aranges
                0x0000000000000a40       0x30 /home/wscullin/collfs/glibc-2.12.2-build/elf/rtld-libc.a(rtld-strcmp.os)
 .debug_aranges
                0x0000000000000a70       0x30 /home/wscullin/collfs/glibc-2.12.2-build/elf/rtld-libc.a(rtld-strcpy.os)
 .debug_aranges
                0x0000000000000aa0       0x30 /home/wscullin/collfs/glibc-2.12.2-build/elf/rtld-libc.a(rtld-strlen.os)
 .debug_aranges
                0x0000000000000ad0       0x30 /home/wscullin/collfs/glibc-2.12.2-build/elf/rtld-libc.a(rtld-strnlen.os)
 .debug_aranges
                0x0000000000000b00       0x30 /home/wscullin/collfs/glibc-2.12.2-build/elf/rtld-libc.a(rtld-strncmp.os)
 .debug_aranges
                0x0000000000000b30       0x30 /home/wscullin/collfs/glibc-2.12.2-build/elf/rtld-libc.a(rtld-memchr.os)
 .debug_aranges
                0x0000000000000b60       0x30 /home/wscullin/collfs/glibc-2.12.2-build/elf/rtld-libc.a(rtld-memcmp.os)
 .debug_aranges
                0x0000000000000b90       0x30 /home/wscullin/collfs/glibc-2.12.2-build/elf/rtld-libc.a(rtld-memmove.os)
 .debug_aranges
                0x0000000000000bc0       0x30 /home/wscullin/collfs/glibc-2.12.2-build/elf/rtld-libc.a(rtld-memset.os)
 .debug_aranges
                0x0000000000000bf0       0x30 /home/wscullin/collfs/glibc-2.12.2-build/elf/rtld-libc.a(rtld-mempcpy.os)
 .debug_aranges
                0x0000000000000c20       0x30 /home/wscullin/collfs/glibc-2.12.2-build/elf/rtld-libc.a(rtld-stpcpy.os)
 .debug_aranges
                0x0000000000000c50       0x30 /home/wscullin/collfs/glibc-2.12.2-build/elf/rtld-libc.a(rtld-memcpy.os)
 .debug_aranges
                0x0000000000000c80       0x30 /home/wscullin/collfs/glibc-2.12.2-build/elf/rtld-libc.a(rtld-wordcopy.os)
 .debug_aranges
                0x0000000000000cb0       0x30 /home/wscullin/collfs/glibc-2.12.2-build/elf/rtld-libc.a(rtld-rawmemchr.os)
 .debug_aranges
                0x0000000000000ce0       0x30 /home/wscullin/collfs/glibc-2.12.2-build/elf/rtld-libc.a(rtld-setitimer.os)

.debug_pubnames
                0x0000000000000000     0x11f8
 *(.debug_pubnames)
 .debug_pubnames
                0x0000000000000000      0xda2 /home/wscullin/collfs/glibc-2.12.2-build/elf/dl-allobjs.os
 .debug_pubnames
                0x0000000000000da2       0x3c /home/wscullin/collfs/glibc-2.12.2-build/elf/rtld-libc.a(rtld-sysdep.os)
 .debug_pubnames
                0x0000000000000dde       0x46 /home/wscullin/collfs/glibc-2.12.2-build/elf/rtld-libc.a(rtld-check_fds.os)
 .debug_pubnames
                0x0000000000000e24       0x37 /home/wscullin/collfs/glibc-2.12.2-build/elf/rtld-libc.a(rtld-errno.os)
 .debug_pubnames
                0x0000000000000e5b       0x3e /home/wscullin/collfs/glibc-2.12.2-build/elf/rtld-libc.a(rtld-profil.os)
 .debug_pubnames
                0x0000000000000e99       0x40 /home/wscullin/collfs/glibc-2.12.2-build/elf/rtld-libc.a(rtld-prof-freq.os)
 .debug_pubnames
                0x0000000000000ed9       0x34 /home/wscullin/collfs/glibc-2.12.2-build/elf/rtld-libc.a(rtld-xstat.os)
 .debug_pubnames
                0x0000000000000f0d       0x35 /home/wscullin/collfs/glibc-2.12.2-build/elf/rtld-libc.a(rtld-fxstat.os)
 .debug_pubnames
                0x0000000000000f42       0x39 /home/wscullin/collfs/glibc-2.12.2-build/elf/rtld-libc.a(rtld-fcntl.os)
 .debug_pubnames
                0x0000000000000f7b       0x35 /home/wscullin/collfs/glibc-2.12.2-build/elf/rtld-libc.a(rtld-getcwd.os)
 .debug_pubnames
                0x0000000000000fb0       0x32 /home/wscullin/collfs/glibc-2.12.2-build/elf/rtld-libc.a(rtld-_exit.os)
 .debug_pubnames
                0x0000000000000fe2       0x35 /home/wscullin/collfs/glibc-2.12.2-build/elf/rtld-libc.a(rtld-getpid.os)
 .debug_pubnames
                0x0000000000001017       0x39 /home/wscullin/collfs/glibc-2.12.2-build/elf/rtld-libc.a(rtld-environ.os)
 .debug_pubnames
                0x0000000000001050       0x68 /home/wscullin/collfs/glibc-2.12.2-build/elf/rtld-libc.a(rtld-sigaction.os)
 .debug_pubnames
                0x00000000000010b8       0x20 /home/wscullin/collfs/glibc-2.12.2-build/elf/rtld-libc.a(rtld-strnlen.os)
 .debug_pubnames
                0x00000000000010d8       0x1f /home/wscullin/collfs/glibc-2.12.2-build/elf/rtld-libc.a(rtld-memchr.os)
 .debug_pubnames
                0x00000000000010f7       0x1d /home/wscullin/collfs/glibc-2.12.2-build/elf/rtld-libc.a(rtld-memcmp.os)
 .debug_pubnames
                0x0000000000001114       0x1e /home/wscullin/collfs/glibc-2.12.2-build/elf/rtld-libc.a(rtld-memmove.os)
 .debug_pubnames
                0x0000000000001132       0x20 /home/wscullin/collfs/glibc-2.12.2-build/elf/rtld-libc.a(rtld-mempcpy.os)
 .debug_pubnames
                0x0000000000001152       0x84 /home/wscullin/collfs/glibc-2.12.2-build/elf/rtld-libc.a(rtld-wordcopy.os)
 .debug_pubnames
                0x00000000000011d6       0x22 /home/wscullin/collfs/glibc-2.12.2-build/elf/rtld-libc.a(rtld-rawmemchr.os)

.debug_info     0x0000000000000000    0x4a9ec
 *(.debug_info)
 .debug_info    0x0000000000000000    0x467c7 /home/wscullin/collfs/glibc-2.12.2-build/elf/dl-allobjs.os
 .debug_info    0x00000000000467c7      0x10b /home/wscullin/collfs/glibc-2.12.2-build/elf/rtld-libc.a(rtld-sysdep.os)
 .debug_info    0x00000000000468d2      0x34f /home/wscullin/collfs/glibc-2.12.2-build/elf/rtld-libc.a(rtld-check_fds.os)
 .debug_info    0x0000000000046c21       0xe1 /home/wscullin/collfs/glibc-2.12.2-build/elf/rtld-libc.a(rtld-errno.os)
 .debug_info    0x0000000000046d02      0xa29 /home/wscullin/collfs/glibc-2.12.2-build/elf/rtld-libc.a(rtld-profil.os)
 .debug_info    0x000000000004772b       0xfc /home/wscullin/collfs/glibc-2.12.2-build/elf/rtld-libc.a(rtld-prof-freq.os)
 .debug_info    0x0000000000047827      0x378 /home/wscullin/collfs/glibc-2.12.2-build/elf/rtld-libc.a(rtld-xstat.os)
 .debug_info    0x0000000000047b9f      0x36c /home/wscullin/collfs/glibc-2.12.2-build/elf/rtld-libc.a(rtld-fxstat.os)
 .debug_info    0x0000000000047f0b       0x7e /home/wscullin/collfs/glibc-2.12.2-build/elf/rtld-libc.a(rtld-open.os)
 .debug_info    0x0000000000047f89       0x7e /home/wscullin/collfs/glibc-2.12.2-build/elf/rtld-libc.a(rtld-close.os)
 .debug_info    0x0000000000048007       0x7e /home/wscullin/collfs/glibc-2.12.2-build/elf/rtld-libc.a(rtld-read.os)
 .debug_info    0x0000000000048085       0x7e /home/wscullin/collfs/glibc-2.12.2-build/elf/rtld-libc.a(rtld-write.os)
 .debug_info    0x0000000000048103       0x7e /home/wscullin/collfs/glibc-2.12.2-build/elf/rtld-libc.a(rtld-access.os)
 .debug_info    0x0000000000048181      0x2bf /home/wscullin/collfs/glibc-2.12.2-build/elf/rtld-libc.a(rtld-fcntl.os)
 .debug_info    0x0000000000048440      0x220 /home/wscullin/collfs/glibc-2.12.2-build/elf/rtld-libc.a(rtld-getcwd.os)
 .debug_info    0x0000000000048660       0x80 /home/wscullin/collfs/glibc-2.12.2-build/elf/rtld-libc.a(rtld-mmap.os)
 .debug_info    0x00000000000486e0       0x80 /home/wscullin/collfs/glibc-2.12.2-build/elf/rtld-libc.a(rtld-munmap.os)
 .debug_info    0x0000000000048760       0x80 /home/wscullin/collfs/glibc-2.12.2-build/elf/rtld-libc.a(rtld-mprotect.os)
 .debug_info    0x00000000000487e0       0x80 /home/wscullin/collfs/glibc-2.12.2-build/elf/rtld-libc.a(rtld-llseek.os)
 .debug_info    0x0000000000048860       0x81 /home/wscullin/collfs/glibc-2.12.2-build/elf/rtld-libc.a(rtld-uname.os)
 .debug_info    0x00000000000488e1      0x229 /home/wscullin/collfs/glibc-2.12.2-build/elf/rtld-libc.a(rtld-_exit.os)
 .debug_info    0x0000000000048b0a      0x184 /home/wscullin/collfs/glibc-2.12.2-build/elf/rtld-libc.a(rtld-getpid.os)
 .debug_info    0x0000000000048c8e       0xbe /home/wscullin/collfs/glibc-2.12.2-build/elf/rtld-libc.a(rtld-environ.os)
 .debug_info    0x0000000000048d4c       0x8c /home/wscullin/collfs/glibc-2.12.2-build/elf/rtld-libc.a(rtld-setjmp.os)
 .debug_info    0x0000000000048dd8       0x8f /home/wscullin/collfs/glibc-2.12.2-build/elf/rtld-libc.a(rtld-__longjmp.os)
 .debug_info    0x0000000000048e67      0x7b4 /home/wscullin/collfs/glibc-2.12.2-build/elf/rtld-libc.a(rtld-sigaction.os)
 .debug_info    0x000000000004961b       0x85 /home/wscullin/collfs/glibc-2.12.2-build/elf/rtld-libc.a(rtld-strchr.os)
 .debug_info    0x00000000000496a0       0x85 /home/wscullin/collfs/glibc-2.12.2-build/elf/rtld-libc.a(rtld-strcmp.os)
 .debug_info    0x0000000000049725       0x85 /home/wscullin/collfs/glibc-2.12.2-build/elf/rtld-libc.a(rtld-strcpy.os)
 .debug_info    0x00000000000497aa       0x85 /home/wscullin/collfs/glibc-2.12.2-build/elf/rtld-libc.a(rtld-strlen.os)
 .debug_info    0x000000000004982f      0x144 /home/wscullin/collfs/glibc-2.12.2-build/elf/rtld-libc.a(rtld-strnlen.os)
 .debug_info    0x0000000000049973       0x86 /home/wscullin/collfs/glibc-2.12.2-build/elf/rtld-libc.a(rtld-strncmp.os)
 .debug_info    0x00000000000499f9      0x15b /home/wscullin/collfs/glibc-2.12.2-build/elf/rtld-libc.a(rtld-memchr.os)
 .debug_info    0x0000000000049b54      0x3b5 /home/wscullin/collfs/glibc-2.12.2-build/elf/rtld-libc.a(rtld-memcmp.os)
 .debug_info    0x0000000000049f09      0x1f6 /home/wscullin/collfs/glibc-2.12.2-build/elf/rtld-libc.a(rtld-memmove.os)
 .debug_info    0x000000000004a0ff       0x85 /home/wscullin/collfs/glibc-2.12.2-build/elf/rtld-libc.a(rtld-memset.os)
 .debug_info    0x000000000004a184      0x18a /home/wscullin/collfs/glibc-2.12.2-build/elf/rtld-libc.a(rtld-mempcpy.os)
 .debug_info    0x000000000004a30e       0x85 /home/wscullin/collfs/glibc-2.12.2-build/elf/rtld-libc.a(rtld-stpcpy.os)
 .debug_info    0x000000000004a393       0x85 /home/wscullin/collfs/glibc-2.12.2-build/elf/rtld-libc.a(rtld-memcpy.os)
 .debug_info    0x000000000004a418      0x419 /home/wscullin/collfs/glibc-2.12.2-build/elf/rtld-libc.a(rtld-wordcopy.os)
 .debug_info    0x000000000004a831      0x13b /home/wscullin/collfs/glibc-2.12.2-build/elf/rtld-libc.a(rtld-rawmemchr.os)
 .debug_info    0x000000000004a96c       0x80 /home/wscullin/collfs/glibc-2.12.2-build/elf/rtld-libc.a(rtld-setitimer.os)

.debug_abbrev   0x0000000000000000     0x73fd
 *(.debug_abbrev)
 .debug_abbrev  0x0000000000000000     0x5ece /home/wscullin/collfs/glibc-2.12.2-build/elf/dl-allobjs.os
 .debug_abbrev  0x0000000000005ece       0x99 /home/wscullin/collfs/glibc-2.12.2-build/elf/rtld-libc.a(rtld-sysdep.os)
 .debug_abbrev  0x0000000000005f67      0x152 /home/wscullin/collfs/glibc-2.12.2-build/elf/rtld-libc.a(rtld-check_fds.os)
 .debug_abbrev  0x00000000000060b9       0x71 /home/wscullin/collfs/glibc-2.12.2-build/elf/rtld-libc.a(rtld-errno.os)
 .debug_abbrev  0x000000000000612a      0x222 /home/wscullin/collfs/glibc-2.12.2-build/elf/rtld-libc.a(rtld-profil.os)
 .debug_abbrev  0x000000000000634c       0x9c /home/wscullin/collfs/glibc-2.12.2-build/elf/rtld-libc.a(rtld-prof-freq.os)
 .debug_abbrev  0x00000000000063e8      0x10b /home/wscullin/collfs/glibc-2.12.2-build/elf/rtld-libc.a(rtld-xstat.os)
 .debug_abbrev  0x00000000000064f3      0x10b /home/wscullin/collfs/glibc-2.12.2-build/elf/rtld-libc.a(rtld-fxstat.os)
 .debug_abbrev  0x00000000000065fe       0x14 /home/wscullin/collfs/glibc-2.12.2-build/elf/rtld-libc.a(rtld-open.os)
 .debug_abbrev  0x0000000000006612       0x14 /home/wscullin/collfs/glibc-2.12.2-build/elf/rtld-libc.a(rtld-close.os)
 .debug_abbrev  0x0000000000006626       0x14 /home/wscullin/collfs/glibc-2.12.2-build/elf/rtld-libc.a(rtld-read.os)
 .debug_abbrev  0x000000000000663a       0x14 /home/wscullin/collfs/glibc-2.12.2-build/elf/rtld-libc.a(rtld-write.os)
 .debug_abbrev  0x000000000000664e       0x14 /home/wscullin/collfs/glibc-2.12.2-build/elf/rtld-libc.a(rtld-access.os)
 .debug_abbrev  0x0000000000006662      0x161 /home/wscullin/collfs/glibc-2.12.2-build/elf/rtld-libc.a(rtld-fcntl.os)
 .debug_abbrev  0x00000000000067c3      0x104 /home/wscullin/collfs/glibc-2.12.2-build/elf/rtld-libc.a(rtld-getcwd.os)
 .debug_abbrev  0x00000000000068c7       0x14 /home/wscullin/collfs/glibc-2.12.2-build/elf/rtld-libc.a(rtld-mmap.os)
 .debug_abbrev  0x00000000000068db       0x14 /home/wscullin/collfs/glibc-2.12.2-build/elf/rtld-libc.a(rtld-munmap.os)
 .debug_abbrev  0x00000000000068ef       0x14 /home/wscullin/collfs/glibc-2.12.2-build/elf/rtld-libc.a(rtld-mprotect.os)
 .debug_abbrev  0x0000000000006903       0x14 /home/wscullin/collfs/glibc-2.12.2-build/elf/rtld-libc.a(rtld-llseek.os)
 .debug_abbrev  0x0000000000006917       0x14 /home/wscullin/collfs/glibc-2.12.2-build/elf/rtld-libc.a(rtld-uname.os)
 .debug_abbrev  0x000000000000692b       0xc3 /home/wscullin/collfs/glibc-2.12.2-build/elf/rtld-libc.a(rtld-_exit.os)
 .debug_abbrev  0x00000000000069ee       0xe5 /home/wscullin/collfs/glibc-2.12.2-build/elf/rtld-libc.a(rtld-getpid.os)
 .debug_abbrev  0x0000000000006ad3       0x4d /home/wscullin/collfs/glibc-2.12.2-build/elf/rtld-libc.a(rtld-environ.os)
 .debug_abbrev  0x0000000000006b20       0x14 /home/wscullin/collfs/glibc-2.12.2-build/elf/rtld-libc.a(rtld-setjmp.os)
 .debug_abbrev  0x0000000000006b34       0x14 /home/wscullin/collfs/glibc-2.12.2-build/elf/rtld-libc.a(rtld-__longjmp.os)
 .debug_abbrev  0x0000000000006b48      0x1be /home/wscullin/collfs/glibc-2.12.2-build/elf/rtld-libc.a(rtld-sigaction.os)
 .debug_abbrev  0x0000000000006d06       0x14 /home/wscullin/collfs/glibc-2.12.2-build/elf/rtld-libc.a(rtld-strchr.os)
 .debug_abbrev  0x0000000000006d1a       0x14 /home/wscullin/collfs/glibc-2.12.2-build/elf/rtld-libc.a(rtld-strcmp.os)
 .debug_abbrev  0x0000000000006d2e       0x14 /home/wscullin/collfs/glibc-2.12.2-build/elf/rtld-libc.a(rtld-strcpy.os)
 .debug_abbrev  0x0000000000006d42       0x14 /home/wscullin/collfs/glibc-2.12.2-build/elf/rtld-libc.a(rtld-strlen.os)
 .debug_abbrev  0x0000000000006d56       0xc6 /home/wscullin/collfs/glibc-2.12.2-build/elf/rtld-libc.a(rtld-strnlen.os)
 .debug_abbrev  0x0000000000006e1c       0x14 /home/wscullin/collfs/glibc-2.12.2-build/elf/rtld-libc.a(rtld-strncmp.os)
 .debug_abbrev  0x0000000000006e30       0xd4 /home/wscullin/collfs/glibc-2.12.2-build/elf/rtld-libc.a(rtld-memchr.os)
 .debug_abbrev  0x0000000000006f04      0x13a /home/wscullin/collfs/glibc-2.12.2-build/elf/rtld-libc.a(rtld-memcmp.os)
 .debug_abbrev  0x000000000000703e       0xdb /home/wscullin/collfs/glibc-2.12.2-build/elf/rtld-libc.a(rtld-memmove.os)
 .debug_abbrev  0x0000000000007119       0x14 /home/wscullin/collfs/glibc-2.12.2-build/elf/rtld-libc.a(rtld-memset.os)
 .debug_abbrev  0x000000000000712d       0xbc /home/wscullin/collfs/glibc-2.12.2-build/elf/rtld-libc.a(rtld-mempcpy.os)
 .debug_abbrev  0x00000000000071e9       0x14 /home/wscullin/collfs/glibc-2.12.2-build/elf/rtld-libc.a(rtld-stpcpy.os)
 .debug_abbrev  0x00000000000071fd       0x14 /home/wscullin/collfs/glibc-2.12.2-build/elf/rtld-libc.a(rtld-memcpy.os)
 .debug_abbrev  0x0000000000007211      0x113 /home/wscullin/collfs/glibc-2.12.2-build/elf/rtld-libc.a(rtld-wordcopy.os)
 .debug_abbrev  0x0000000000007324       0xc5 /home/wscullin/collfs/glibc-2.12.2-build/elf/rtld-libc.a(rtld-rawmemchr.os)
 .debug_abbrev  0x00000000000073e9       0x14 /home/wscullin/collfs/glibc-2.12.2-build/elf/rtld-libc.a(rtld-setitimer.os)

.debug_line     0x0000000000000000     0xac21
 *(.debug_line)
 .debug_line    0x0000000000000000     0x8a18 /home/wscullin/collfs/glibc-2.12.2-build/elf/dl-allobjs.os
 .debug_line    0x0000000000008a18       0xb3 /home/wscullin/collfs/glibc-2.12.2-build/elf/rtld-libc.a(rtld-sysdep.os)
 .debug_line    0x0000000000008acb      0x157 /home/wscullin/collfs/glibc-2.12.2-build/elf/rtld-libc.a(rtld-check_fds.os)
 .debug_line    0x0000000000008c22       0x64 /home/wscullin/collfs/glibc-2.12.2-build/elf/rtld-libc.a(rtld-errno.os)
 .debug_line    0x0000000000008c86      0x397 /home/wscullin/collfs/glibc-2.12.2-build/elf/rtld-libc.a(rtld-profil.os)
 .debug_line    0x000000000000901d       0xba /home/wscullin/collfs/glibc-2.12.2-build/elf/rtld-libc.a(rtld-prof-freq.os)
 .debug_line    0x00000000000090d7      0x10f /home/wscullin/collfs/glibc-2.12.2-build/elf/rtld-libc.a(rtld-xstat.os)
 .debug_line    0x00000000000091e6      0x110 /home/wscullin/collfs/glibc-2.12.2-build/elf/rtld-libc.a(rtld-fxstat.os)
 .debug_line    0x00000000000092f6       0x58 /home/wscullin/collfs/glibc-2.12.2-build/elf/rtld-libc.a(rtld-open.os)
 .debug_line    0x000000000000934e       0x58 /home/wscullin/collfs/glibc-2.12.2-build/elf/rtld-libc.a(rtld-close.os)
 .debug_line    0x00000000000093a6       0x58 /home/wscullin/collfs/glibc-2.12.2-build/elf/rtld-libc.a(rtld-read.os)
 .debug_line    0x00000000000093fe       0x58 /home/wscullin/collfs/glibc-2.12.2-build/elf/rtld-libc.a(rtld-write.os)
 .debug_line    0x0000000000009456       0x58 /home/wscullin/collfs/glibc-2.12.2-build/elf/rtld-libc.a(rtld-access.os)
 .debug_line    0x00000000000094ae      0x1af /home/wscullin/collfs/glibc-2.12.2-build/elf/rtld-libc.a(rtld-fcntl.os)
 .debug_line    0x000000000000965d      0x11d /home/wscullin/collfs/glibc-2.12.2-build/elf/rtld-libc.a(rtld-getcwd.os)
 .debug_line    0x000000000000977a       0x58 /home/wscullin/collfs/glibc-2.12.2-build/elf/rtld-libc.a(rtld-mmap.os)
 .debug_line    0x00000000000097d2       0x58 /home/wscullin/collfs/glibc-2.12.2-build/elf/rtld-libc.a(rtld-munmap.os)
 .debug_line    0x000000000000982a       0x58 /home/wscullin/collfs/glibc-2.12.2-build/elf/rtld-libc.a(rtld-mprotect.os)
 .debug_line    0x0000000000009882       0x58 /home/wscullin/collfs/glibc-2.12.2-build/elf/rtld-libc.a(rtld-llseek.os)
 .debug_line    0x00000000000098da       0x58 /home/wscullin/collfs/glibc-2.12.2-build/elf/rtld-libc.a(rtld-uname.os)
 .debug_line    0x0000000000009932       0xb2 /home/wscullin/collfs/glibc-2.12.2-build/elf/rtld-libc.a(rtld-_exit.os)
 .debug_line    0x00000000000099e4       0xc2 /home/wscullin/collfs/glibc-2.12.2-build/elf/rtld-libc.a(rtld-getpid.os)
 .debug_line    0x0000000000009aa6       0x2a /home/wscullin/collfs/glibc-2.12.2-build/elf/rtld-libc.a(rtld-environ.os)
 .debug_line    0x0000000000009ad0       0xce /home/wscullin/collfs/glibc-2.12.2-build/elf/rtld-libc.a(rtld-setjmp.os)
 .debug_line    0x0000000000009b9e       0xc3 /home/wscullin/collfs/glibc-2.12.2-build/elf/rtld-libc.a(rtld-__longjmp.os)
 .debug_line    0x0000000000009c61      0x229 /home/wscullin/collfs/glibc-2.12.2-build/elf/rtld-libc.a(rtld-sigaction.os)
 .debug_line    0x0000000000009e8a       0x94 /home/wscullin/collfs/glibc-2.12.2-build/elf/rtld-libc.a(rtld-strchr.os)
 .debug_line    0x0000000000009f1e       0xa5 /home/wscullin/collfs/glibc-2.12.2-build/elf/rtld-libc.a(rtld-strcmp.os)
 .debug_line    0x0000000000009fc3       0xa1 /home/wscullin/collfs/glibc-2.12.2-build/elf/rtld-libc.a(rtld-strcpy.os)
 .debug_line    0x000000000000a064       0x8d /home/wscullin/collfs/glibc-2.12.2-build/elf/rtld-libc.a(rtld-strlen.os)
 .debug_line    0x000000000000a0f1       0xde /home/wscullin/collfs/glibc-2.12.2-build/elf/rtld-libc.a(rtld-strnlen.os)
 .debug_line    0x000000000000a1cf       0xbb /home/wscullin/collfs/glibc-2.12.2-build/elf/rtld-libc.a(rtld-strncmp.os)
 .debug_line    0x000000000000a28a       0xfc /home/wscullin/collfs/glibc-2.12.2-build/elf/rtld-libc.a(rtld-memchr.os)
 .debug_line    0x000000000000a386      0x186 /home/wscullin/collfs/glibc-2.12.2-build/elf/rtld-libc.a(rtld-memcmp.os)
 .debug_line    0x000000000000a50c       0xe6 /home/wscullin/collfs/glibc-2.12.2-build/elf/rtld-libc.a(rtld-memmove.os)
 .debug_line    0x000000000000a5f2       0xe4 /home/wscullin/collfs/glibc-2.12.2-build/elf/rtld-libc.a(rtld-memset.os)
 .debug_line    0x000000000000a6d6       0xd6 /home/wscullin/collfs/glibc-2.12.2-build/elf/rtld-libc.a(rtld-mempcpy.os)
 .debug_line    0x000000000000a7ac       0x8c /home/wscullin/collfs/glibc-2.12.2-build/elf/rtld-libc.a(rtld-stpcpy.os)
 .debug_line    0x000000000000a838      0x139 /home/wscullin/collfs/glibc-2.12.2-build/elf/rtld-libc.a(rtld-memcpy.os)
 .debug_line    0x000000000000a971      0x1da /home/wscullin/collfs/glibc-2.12.2-build/elf/rtld-libc.a(rtld-wordcopy.os)
 .debug_line    0x000000000000ab4b       0x7e /home/wscullin/collfs/glibc-2.12.2-build/elf/rtld-libc.a(rtld-rawmemchr.os)
 .debug_line    0x000000000000abc9       0x58 /home/wscullin/collfs/glibc-2.12.2-build/elf/rtld-libc.a(rtld-setitimer.os)

.debug_frame    0x0000000000000000     0x1d78
 *(.debug_frame)
 .debug_frame   0x0000000000000000     0x1948 /home/wscullin/collfs/glibc-2.12.2-build/elf/dl-allobjs.os
 .debug_frame   0x0000000000001948       0x28 /home/wscullin/collfs/glibc-2.12.2-build/elf/rtld-libc.a(rtld-sysdep.os)
 .debug_frame   0x0000000000001970       0x60 /home/wscullin/collfs/glibc-2.12.2-build/elf/rtld-libc.a(rtld-check_fds.os)
 .debug_frame   0x00000000000019d0       0xa0 /home/wscullin/collfs/glibc-2.12.2-build/elf/rtld-libc.a(rtld-profil.os)
 .debug_frame   0x0000000000001a70       0x28 /home/wscullin/collfs/glibc-2.12.2-build/elf/rtld-libc.a(rtld-prof-freq.os)
 .debug_frame   0x0000000000001a98       0x28 /home/wscullin/collfs/glibc-2.12.2-build/elf/rtld-libc.a(rtld-xstat.os)
 .debug_frame   0x0000000000001ac0       0x28 /home/wscullin/collfs/glibc-2.12.2-build/elf/rtld-libc.a(rtld-fxstat.os)
 .debug_frame   0x0000000000001ae8       0x38 /home/wscullin/collfs/glibc-2.12.2-build/elf/rtld-libc.a(rtld-getcwd.os)
 .debug_frame   0x0000000000001b20       0x30 /home/wscullin/collfs/glibc-2.12.2-build/elf/rtld-libc.a(rtld-_exit.os)
 .debug_frame   0x0000000000001b50       0x28 /home/wscullin/collfs/glibc-2.12.2-build/elf/rtld-libc.a(rtld-getpid.os)
 .debug_frame   0x0000000000001b78       0x68 /home/wscullin/collfs/glibc-2.12.2-build/elf/rtld-libc.a(rtld-sigaction.os)
 .debug_frame   0x0000000000001be0       0x28 /home/wscullin/collfs/glibc-2.12.2-build/elf/rtld-libc.a(rtld-strnlen.os)
 .debug_frame   0x0000000000001c08       0x28 /home/wscullin/collfs/glibc-2.12.2-build/elf/rtld-libc.a(rtld-memchr.os)
 .debug_frame   0x0000000000001c30       0x30 /home/wscullin/collfs/glibc-2.12.2-build/elf/rtld-libc.a(rtld-memcmp.os)
 .debug_frame   0x0000000000001c60       0x40 /home/wscullin/collfs/glibc-2.12.2-build/elf/rtld-libc.a(rtld-memmove.os)
 .debug_frame   0x0000000000001ca0       0x40 /home/wscullin/collfs/glibc-2.12.2-build/elf/rtld-libc.a(rtld-mempcpy.os)
 .debug_frame   0x0000000000001ce0       0x70 /home/wscullin/collfs/glibc-2.12.2-build/elf/rtld-libc.a(rtld-wordcopy.os)
 .debug_frame   0x0000000000001d50       0x28 /home/wscullin/collfs/glibc-2.12.2-build/elf/rtld-libc.a(rtld-rawmemchr.os)

.debug_str      0x0000000000000000    0x279a3
 *(.debug_str)
 .debug_str     0x0000000000000000    0x255ce /home/wscullin/collfs/glibc-2.12.2-build/elf/dl-allobjs.os
 .debug_str     0x00000000000255ce      0x166 /home/wscullin/collfs/glibc-2.12.2-build/elf/rtld-libc.a(rtld-sysdep.os)
 .debug_str     0x0000000000025734      0x29c /home/wscullin/collfs/glibc-2.12.2-build/elf/rtld-libc.a(rtld-check_fds.os)
 .debug_str     0x00000000000259d0      0x12b /home/wscullin/collfs/glibc-2.12.2-build/elf/rtld-libc.a(rtld-errno.os)
 .debug_str     0x0000000000025afb      0x550 /home/wscullin/collfs/glibc-2.12.2-build/elf/rtld-libc.a(rtld-profil.os)
 .debug_str     0x000000000002604b      0x17c /home/wscullin/collfs/glibc-2.12.2-build/elf/rtld-libc.a(rtld-prof-freq.os)
 .debug_str     0x00000000000261c7      0x290 /home/wscullin/collfs/glibc-2.12.2-build/elf/rtld-libc.a(rtld-xstat.os)
 .debug_str     0x0000000000026457      0x28e /home/wscullin/collfs/glibc-2.12.2-build/elf/rtld-libc.a(rtld-fxstat.os)
 .debug_str     0x00000000000266e5      0x23b /home/wscullin/collfs/glibc-2.12.2-build/elf/rtld-libc.a(rtld-fcntl.os)
 .debug_str     0x0000000000026920      0x19a /home/wscullin/collfs/glibc-2.12.2-build/elf/rtld-libc.a(rtld-getcwd.os)
 .debug_str     0x0000000000026aba      0x168 /home/wscullin/collfs/glibc-2.12.2-build/elf/rtld-libc.a(rtld-_exit.os)
 .debug_str     0x0000000000026c22      0x161 /home/wscullin/collfs/glibc-2.12.2-build/elf/rtld-libc.a(rtld-getpid.os)
 .debug_str     0x0000000000026d83       0xc3 /home/wscullin/collfs/glibc-2.12.2-build/elf/rtld-libc.a(rtld-environ.os)
 .debug_str     0x0000000000026e46      0x408 /home/wscullin/collfs/glibc-2.12.2-build/elf/rtld-libc.a(rtld-sigaction.os)
 .debug_str     0x000000000002724e      0x128 /home/wscullin/collfs/glibc-2.12.2-build/elf/rtld-libc.a(rtld-strnlen.os)
 .debug_str     0x0000000000027376      0x115 /home/wscullin/collfs/glibc-2.12.2-build/elf/rtld-libc.a(rtld-memchr.os)
 .debug_str     0x000000000002748b      0x11b /home/wscullin/collfs/glibc-2.12.2-build/elf/rtld-libc.a(rtld-memcmp.os)
 .debug_str     0x00000000000275a6       0xfa /home/wscullin/collfs/glibc-2.12.2-build/elf/rtld-libc.a(rtld-memmove.os)
 .debug_str     0x00000000000276a0      0x103 /home/wscullin/collfs/glibc-2.12.2-build/elf/rtld-libc.a(rtld-mempcpy.os)
 .debug_str     0x00000000000277a3       0xec /home/wscullin/collfs/glibc-2.12.2-build/elf/rtld-libc.a(rtld-wordcopy.os)
 .debug_str     0x000000000002788f      0x114 /home/wscullin/collfs/glibc-2.12.2-build/elf/rtld-libc.a(rtld-rawmemchr.os)

.debug_loc      0x0000000000000000    0x25666
 *(.debug_loc)
 .debug_loc     0x0000000000000000    0x21d2b /home/wscullin/collfs/glibc-2.12.2-build/elf/dl-allobjs.os
 .debug_loc     0x0000000000021d2b       0x23 /home/wscullin/collfs/glibc-2.12.2-build/elf/rtld-libc.a(rtld-sysdep.os)
 .debug_loc     0x0000000000021d4e      0x194 /home/wscullin/collfs/glibc-2.12.2-build/elf/rtld-libc.a(rtld-check_fds.os)
 .debug_loc     0x0000000000021ee2      0x23f /home/wscullin/collfs/glibc-2.12.2-build/elf/rtld-libc.a(rtld-profil.os)
 .debug_loc     0x0000000000022121      0x197 /home/wscullin/collfs/glibc-2.12.2-build/elf/rtld-libc.a(rtld-xstat.os)
 .debug_loc     0x00000000000222b8      0x197 /home/wscullin/collfs/glibc-2.12.2-build/elf/rtld-libc.a(rtld-fxstat.os)
 .debug_loc     0x000000000002244f       0x7c /home/wscullin/collfs/glibc-2.12.2-build/elf/rtld-libc.a(rtld-fcntl.os)
 .debug_loc     0x00000000000224cb      0x257 /home/wscullin/collfs/glibc-2.12.2-build/elf/rtld-libc.a(rtld-getcwd.os)
 .debug_loc     0x0000000000022722      0x32a /home/wscullin/collfs/glibc-2.12.2-build/elf/rtld-libc.a(rtld-_exit.os)
 .debug_loc     0x0000000000022a4c       0x36 /home/wscullin/collfs/glibc-2.12.2-build/elf/rtld-libc.a(rtld-getpid.os)
 .debug_loc     0x0000000000022a82      0x872 /home/wscullin/collfs/glibc-2.12.2-build/elf/rtld-libc.a(rtld-sigaction.os)
 .debug_loc     0x00000000000232f4       0xa2 /home/wscullin/collfs/glibc-2.12.2-build/elf/rtld-libc.a(rtld-strnlen.os)
 .debug_loc     0x0000000000023396      0x2d1 /home/wscullin/collfs/glibc-2.12.2-build/elf/rtld-libc.a(rtld-memchr.os)
 .debug_loc     0x0000000000023667     0x100d /home/wscullin/collfs/glibc-2.12.2-build/elf/rtld-libc.a(rtld-memcmp.os)
 .debug_loc     0x0000000000024674      0x4ee /home/wscullin/collfs/glibc-2.12.2-build/elf/rtld-libc.a(rtld-memmove.os)
 .debug_loc     0x0000000000024b62      0x305 /home/wscullin/collfs/glibc-2.12.2-build/elf/rtld-libc.a(rtld-mempcpy.os)
 .debug_loc     0x0000000000024e67      0x704 /home/wscullin/collfs/glibc-2.12.2-build/elf/rtld-libc.a(rtld-wordcopy.os)
 .debug_loc     0x000000000002556b       0xfb /home/wscullin/collfs/glibc-2.12.2-build/elf/rtld-libc.a(rtld-rawmemchr.os)

.debug_macinfo
 *(.debug_macinfo)

.debug_weaknames
 *(.debug_weaknames)

.debug_funcnames
 *(.debug_funcnames)

.debug_typenames
 *(.debug_typenames)

.debug_varnames
 *(.debug_varnames)

.debug_pubtypes
 *(.debug_pubtypes)

.debug_ranges   0x0000000000000000     0x7f50
 *(.debug_ranges)
 .debug_ranges  0x0000000000000000     0x77c0 /home/wscullin/collfs/glibc-2.12.2-build/elf/dl-allobjs.os
 .debug_ranges  0x00000000000077c0       0x90 /home/wscullin/collfs/glibc-2.12.2-build/elf/rtld-libc.a(rtld-profil.os)
 .debug_ranges  0x0000000000007850       0x30 /home/wscullin/collfs/glibc-2.12.2-build/elf/rtld-libc.a(rtld-xstat.os)
 .debug_ranges  0x0000000000007880       0x30 /home/wscullin/collfs/glibc-2.12.2-build/elf/rtld-libc.a(rtld-fxstat.os)
 .debug_ranges  0x00000000000078b0       0x30 /home/wscullin/collfs/glibc-2.12.2-build/elf/rtld-libc.a(rtld-fcntl.os)
 .debug_ranges  0x00000000000078e0       0x90 /home/wscullin/collfs/glibc-2.12.2-build/elf/rtld-libc.a(rtld-getcwd.os)
 .debug_ranges  0x0000000000007970      0x130 /home/wscullin/collfs/glibc-2.12.2-build/elf/rtld-libc.a(rtld-_exit.os)
 .debug_ranges  0x0000000000007aa0      0x1a0 /home/wscullin/collfs/glibc-2.12.2-build/elf/rtld-libc.a(rtld-sigaction.os)
 .debug_ranges  0x0000000000007c40       0x30 /home/wscullin/collfs/glibc-2.12.2-build/elf/rtld-libc.a(rtld-strnlen.os)
 .debug_ranges  0x0000000000007c70       0x30 /home/wscullin/collfs/glibc-2.12.2-build/elf/rtld-libc.a(rtld-memchr.os)
 .debug_ranges  0x0000000000007ca0      0x1a0 /home/wscullin/collfs/glibc-2.12.2-build/elf/rtld-libc.a(rtld-memcmp.os)
 .debug_ranges  0x0000000000007e40       0x90 /home/wscullin/collfs/glibc-2.12.2-build/elf/rtld-libc.a(rtld-memmove.os)
 .debug_ranges  0x0000000000007ed0       0x30 /home/wscullin/collfs/glibc-2.12.2-build/elf/rtld-libc.a(rtld-mempcpy.os)
 .debug_ranges  0x0000000000007f00       0x50 /home/wscullin/collfs/glibc-2.12.2-build/elf/rtld-libc.a(rtld-rawmemchr.os)

.gnu.attributes
 *(.gnu.attributes)
OUTPUT(/home/wscullin/collfs/glibc-2.12.2-build/elf/librtld.os elf64-powerpc)
